 PhysX3CharacterKinematicDEBUG_x64

 Timestamp is 5bfc0f7c (Mon Nov 26 10:21:32 2018)

 Preferred load address is 0000000180000000

 Start         Length     Name                   Class
 0001:00000000 00004df0H .text$di                CODE
 0001:00004df0 000439f0H .text$mn                CODE
 0001:000487e0 00001020H .text$mn$00             CODE
 0001:00049800 0000112dH .text$x                 CODE
 0002:00000000 00000110H .CRT$XCA                DATA
 0002:00000110 00000140H .CRT$XCU                DATA
 0002:00000250 00000110H .CRT$XCZ                DATA
 0002:00000360 00000110H .CRT$XIA                DATA
 0002:00000470 00000110H .CRT$XIZ                DATA
 0002:00000580 00000110H .CRT$XPA                DATA
 0002:00000690 00000110H .CRT$XPZ                DATA
 0002:000007a0 00000110H .CRT$XTA                DATA
 0002:000008b0 00000110H .CRT$XTZ                DATA
 0002:000009c0 00004448H .rdata                  DATA
 0002:00004e08 00000188H .rdata$r                DATA
 0002:00004f90 000001c0H .rdata$zzzdbg           DATA
 0002:00005150 00000110H .rtc$IAA                DATA
 0002:00005260 000001d0H .rtc$IMZ                DATA
 0002:00005430 00000110H .rtc$IZZ                DATA
 0002:00005540 00000110H .rtc$TAA                DATA
 0002:00005650 000001d0H .rtc$TMZ                DATA
 0002:00005820 00000110H .rtc$TZZ                DATA
 0002:00005930 00002630H .xdata                  DATA
 0002:00007f60 00000b11H .edata                  DATA
 0003:00000000 000001e0H .data                   DATA
 0003:000001e0 000002a0H .data$r                 DATA
 0003:00000480 000008d9H .bss                    DATA
 0004:00000000 00003354H .pdata                  DATA
 0005:00000000 00000590H .idata$5                DATA
 0005:00000590 00000064H .idata$2                DATA
 0005:000005f4 00000014H .idata$3                DATA
 0005:00000608 00000590H .idata$4                DATA
 0005:00000b98 00001371H .idata$6                DATA
 0006:00000000 0000011bH .00cfg                  DATA
 0007:00000000 000001c0H .rsrc$01                DATA
 0007:000001c0 00000700H .rsrc$02                DATA

  Address         Publics by Value              Rva+Base               Lib:Object

 0000:00000000       ___safe_se_handler_table   0000000000000000     <absolute>
 0000:00000000       __guard_iat_count          0000000000000000     <absolute>
 0000:00000000       __hybrid_code_map          0000000000000000     <absolute>
 0000:00000000       ___safe_se_handler_count   0000000000000000     <absolute>
 0000:00000000       __hybrid_auxiliary_iat     0000000000000000     <absolute>
 0000:00000000       __guard_longjmp_table      0000000000000000     <absolute>
 0000:00000000       __hybrid_code_map_count    0000000000000000     <absolute>
 0000:00000000       __enclave_config           0000000000000000     <absolute>
 0000:00000000       __guard_longjmp_count      0000000000000000     <absolute>
 0000:00000000       __guard_fids_count         0000000000000000     <absolute>
 0000:00000000       __guard_fids_table         0000000000000000     <absolute>
 0000:00000000       __guard_iat_table          0000000000000000     <absolute>
 0000:00000000       __dynamic_value_reloc_table 0000000000000000     <absolute>
 0000:00000100       __guard_flags              0000000000000100     <absolute>
 0000:00000000       __ImageBase                0000000180000000     <linker-defined>
 0001:00004df0       ??0BoxController@Cct@physx@@QEAA@AEBVPxControllerDesc@2@AEAVPxPhysics@2@PEAVPxScene@2@@Z 0000000180005df0 f   CctBoxController.obj
 0001:00004f50       ??1BoxController@Cct@physx@@UEAA@XZ 0000000180005f50 f   CctBoxController.obj
 0001:00004fa0       ?getWorldBox@BoxController@Cct@physx@@UEBA_NAEAUPxExtendedBounds3@3@@Z 0000000180005fa0 f   CctBoxController.obj
 0001:00005010       ?setFootPosition@BoxController@Cct@physx@@UEAA_NAEBUPxExtendedVec3@3@@Z 0000000180006010 f   CctBoxController.obj
 0001:000050a0       ?getFootPosition@BoxController@Cct@physx@@UEBA?AUPxExtendedVec3@3@XZ 00000001800060a0 f   CctBoxController.obj
 0001:00005130       ?invalidateCache@BoxController@Cct@physx@@UEAAXXZ 0000000180006130 f   CctBoxController.obj
 0001:000051b0       ?resize@BoxController@Cct@physx@@UEAAXM@Z 00000001800061b0 f   CctBoxController.obj
 0001:00005280       ?getHalfHeight@BoxController@Cct@physx@@UEBAMXZ 0000000180006280 f   CctBoxController.obj
 0001:000052a0       ?getHalfSideExtent@BoxController@Cct@physx@@UEBAMXZ 00000001800062a0 f   CctBoxController.obj
 0001:000052c0       ?getHalfForwardExtent@BoxController@Cct@physx@@UEBAMXZ 00000001800062c0 f   CctBoxController.obj
 0001:000052e0       ?setHalfHeight@BoxController@Cct@physx@@UEAA_NM@Z 00000001800062e0 f   CctBoxController.obj
 0001:00005330       ?setHalfSideExtent@BoxController@Cct@physx@@UEAA_NM@Z 0000000180006330 f   CctBoxController.obj
 0001:00005380       ?setHalfForwardExtent@BoxController@Cct@physx@@UEAA_NM@Z 0000000180006380 f   CctBoxController.obj
 0001:000053d0       ?updateKinematicProxy@BoxController@Cct@physx@@QEAA_NXZ 00000001800063d0 f   CctBoxController.obj
 0001:000054f0       ?getOBB@BoxController@Cct@physx@@QEBAXAEAVPxExtendedBox@3@@Z 00000001800064f0 f   CctBoxController.obj
 0001:000057f0       ??0Allocator@shdfnd@physx@@QEAA@PEBD@Z 00000001800067f0 f i CctBoxController.obj
 0001:00005810       ??0NonTrackingAllocator@shdfnd@physx@@QEAA@PEBD@Z 0000000180006810 f i CctBoxController.obj
 0001:00005830       ??0PxBoxController@physx@@IEAA@XZ 0000000180006830 f i CctBoxController.obj
 0001:00005870       ??0PxBoxGeometry@physx@@QEAA@XZ 0000000180006870 f i CctBoxController.obj
 0001:000058c0       ??0PxController@physx@@IEAA@XZ 00000001800068c0 f i CctBoxController.obj
 0001:000058e0       ??0PxControllerManager@physx@@IEAA@XZ 00000001800068e0 f i CctBoxController.obj
 0001:00005900       ??0PxControllerManager@physx@@QEAA@AEBV01@@Z 0000000180006900 f i CctBoxController.obj
 0001:00005930       ??0PxExtendedBounds3@physx@@QEAA@XZ 0000000180006930 f i CctBoxController.obj
 0001:00005970       ??0PxExtendedVec3@physx@@QEAA@NNN@Z 0000000180006970 f i CctBoxController.obj
 0001:000059d0       ??0PxExtendedVec3@physx@@QEAA@XZ 00000001800069d0 f i CctBoxController.obj
 0001:000059e0       ??0PxFoundation@physx@@QEAA@AEBV01@@Z 00000001800069e0 f i CctBoxController.obj
 0001:00005a10       ??0PxFoundation@physx@@QEAA@XZ 0000000180006a10 f i CctBoxController.obj
 0001:00005a30       ??0PxGeometry@physx@@IEAA@W4Enum@PxGeometryType@1@@Z 0000000180006a30 f i CctBoxController.obj
 0001:00005a50       ??0PxVec3@physx@@QEAA@AEBV01@@Z 0000000180006a50 f i CctBoxController.obj
 0001:00005ab0       ??0PxVec3@physx@@QEAA@MMM@Z 0000000180006ab0 f i CctBoxController.obj
 0001:00005b10       ??1PxBoxController@physx@@MEAA@XZ 0000000180006b10 f i CctBoxController.obj
 0001:00005b40       ??1PxController@physx@@MEAA@XZ 0000000180006b40 f i CctBoxController.obj
 0001:00005b60       ??1PxControllerManager@physx@@MEAA@XZ 0000000180006b60 f i CctBoxController.obj
 0001:00005b80       ??1PxFoundation@physx@@MEAA@XZ 0000000180006b80 f i CctBoxController.obj
 0001:00005ba0       ??3UserAllocated@shdfnd@physx@@SAXPEAX@Z 0000000180006ba0 f i CctBoxController.obj
 0001:00005bd0       ??4Allocator@shdfnd@physx@@QEAAAEAV012@$$QEAV012@@Z 0000000180006bd0 f i CctBoxController.obj
 0001:00005bf0       ??4Allocator@shdfnd@physx@@QEAAAEAV012@AEBV012@@Z 0000000180006bf0 f i CctBoxController.obj
 0001:00005c10       ??4MutexImpl@shdfnd@physx@@QEAAAEAV012@AEBV012@@Z 0000000180006c10 f i CctBoxController.obj
 0001:00005c30       ??4PxControllerManager@physx@@QEAAAEAV01@AEBV01@@Z 0000000180006c30 f i CctBoxController.obj
 0001:00005c50       ??4PxFoundation@physx@@QEAAAEAV01@AEBV01@@Z 0000000180006c50 f i CctBoxController.obj
 0001:00005c70       ??4PxQuat@physx@@QEAAAEAV01@AEBV01@@Z 0000000180006c70 f i CctBoxController.obj
 0001:00005cf0       ??4PxVec3@physx@@QEAAAEAV01@AEBV01@@Z 0000000180006cf0 f i CctBoxController.obj
 0001:00005d50       ??DPxVec3@physx@@QEBA?AV01@M@Z 0000000180006d50 f i CctBoxController.obj
 0001:00005de0       ??GPxExtendedVec3@physx@@QEBA?AVPxVec3@1@AEBU01@@Z 0000000180006de0 f i CctBoxController.obj
 0001:00005e90       ??HPxExtendedVec3@physx@@QEBA?AU01@AEBU01@@Z 0000000180006e90 f i CctBoxController.obj
 0001:00005f30       ??XPxExtendedVec3@physx@@QEAAAEAU01@AEBM@Z 0000000180006f30 f i CctBoxController.obj
 0001:00005fd0       ??XPxVec3@physx@@QEAAAEAV01@M@Z 0000000180006fd0 f i CctBoxController.obj
 0001:00006050       ??YPxExtendedVec3@physx@@QEAAAEAU01@AEBVPxVec3@1@@Z 0000000180007050 f i CctBoxController.obj
 0001:000060f0       ??ZPxExtendedVec3@physx@@QEAAAEAU01@AEBVPxVec3@1@@Z 00000001800070f0 f i CctBoxController.obj
 0001:0000618c       ??_EBoxController@Cct@physx@@W7EAAPEAXI@Z 000000018000718c f i CctBoxController.obj
 0001:000061a0       ??_EPxControllerManager@physx@@MEAAPEAXI@Z 00000001800071a0 f i CctBoxController.obj
 0001:00006270       ??_EPxFoundation@physx@@MEAAPEAXI@Z 0000000180007270 f i CctBoxController.obj
 0001:00006340       ??_FAllocator@shdfnd@physx@@QEAAXXZ 0000000180007340 f i CctBoxController.obj
 0001:00006360       ??_FNamedAllocator@shdfnd@physx@@QEAAXXZ 0000000180007360 f i CctBoxController.obj
 0001:00006380       ??_GBoxController@Cct@physx@@UEAAPEAXI@Z 0000000180007380 f i CctBoxController.obj
 0001:00006380       ??_EBoxController@Cct@physx@@UEAAPEAXI@Z 0000000180007380 f i CctBoxController.obj
 0001:000063f0       ??_EPxBoxController@physx@@MEAAPEAXI@Z 00000001800073f0 f i CctBoxController.obj
 0001:000063f0       ??_GPxBoxController@physx@@MEAAPEAXI@Z 00000001800073f0 f i CctBoxController.obj
 0001:00006440       ??_GPxController@physx@@MEAAPEAXI@Z 0000000180007440 f i CctBoxController.obj
 0001:00006440       ??_EPxController@physx@@MEAAPEAXI@Z 0000000180007440 f i CctBoxController.obj
 0001:00006490       ??_GPxControllerManager@physx@@MEAAPEAXI@Z 0000000180007490 f i CctBoxController.obj
 0001:000064e0       ??_GPxFoundation@physx@@MEAAPEAXI@Z 00000001800074e0 f i CctBoxController.obj
 0001:00006530       ??_H@YAXPEAX_K1P6APEAX0@Z@Z 0000000180007530 f i CctBoxController.obj
 0001:000065d0       ??_I@YAXPEAX_K1P6AX0@Z@Z   00000001800075d0 f i CctBoxController.obj
 0001:00006690       ?__empty_global_delete@@YAXPEAX@Z 0000000180007690 f i CctBoxController.obj
 0001:000066a0       ?__global_delete@@YAXPEAX_K@Z 00000001800076a0 f i CctBoxController.obj
 0001:000066a0       ?__empty_global_delete@@YAXPEAX_K@Z 00000001800076a0 f i CctBoxController.obj
 0001:000066b0       ?deallocate@NonTrackingAllocator@shdfnd@physx@@QEAAXPEAX@Z 00000001800076b0 f i CctBoxController.obj
 0001:00006700       ?getActor@BoxController@Cct@physx@@UEBAPEAVPxRigidDynamic@3@XZ 0000000180007700 f i CctBoxController.obj
 0001:00006720       ?getCenter@physx@@YAXAEBUPxExtendedBounds3@1@AEAUPxExtendedVec3@1@@Z 0000000180007720 f i CctBoxController.obj
 0001:000067a0       ?getContactOffset@BoxController@Cct@physx@@UEBAMXZ 00000001800077a0 f i CctBoxController.obj
 0001:000067c0       ?getExtents@physx@@YAXAEBUPxExtendedBounds3@1@AEAVPxVec3@1@@Z 00000001800077c0 f i CctBoxController.obj
 0001:00006820       ?getHalfHeightInternal@BoxController@Cct@physx@@UEBAMXZ 0000000180007820 f i CctBoxController.obj
 0001:00006840       ?getNonWalkableMode@BoxController@Cct@physx@@UEBA?AW4Enum@PxControllerNonWalkableMode@3@XZ 0000000180007840 f i CctBoxController.obj
 0001:00006860       ?getPosition@BoxController@Cct@physx@@UEBAAEBUPxExtendedVec3@3@XZ 0000000180007860 f i CctBoxController.obj
 0001:00006880       ?getPxController@BoxController@Cct@physx@@UEAAPEAVPxController@3@XZ 0000000180007880 f i CctBoxController.obj
 0001:000068a0       ?getScene@BoxController@Cct@physx@@UEAAPEAVPxScene@3@XZ 00000001800078a0 f i CctBoxController.obj
 0001:000068c0       ?getSlopeLimit@BoxController@Cct@physx@@UEBAMXZ 00000001800078c0 f i CctBoxController.obj
 0001:000068e0       ?getState@BoxController@Cct@physx@@UEBAXAEAUPxControllerState@3@@Z 00000001800078e0 f i CctBoxController.obj
 0001:00006920       ?getStats@BoxController@Cct@physx@@UEBAXAEAUPxControllerStats@3@@Z 0000000180007920 f i CctBoxController.obj
 0001:00006960       ?getStepOffset@BoxController@Cct@physx@@UEBAMXZ 0000000180007960 f i CctBoxController.obj
 0001:00006980       ?getType@BoxController@Cct@physx@@UEBA?AW4Enum@PxControllerShapeType@3@XZ 0000000180007980 f i CctBoxController.obj
 0001:000069a0       ?getUpDirection@BoxController@Cct@physx@@UEBA?AVPxVec3@3@XZ 00000001800079a0 f i CctBoxController.obj
 0001:000069e0       ?getUserData@BoxController@Cct@physx@@UEBAPEAXXZ 00000001800079e0 f i CctBoxController.obj
 0001:00006a00       ?lock@?$MutexT@V?$ReflectionAllocator@VMutexImpl@shdfnd@physx@@@shdfnd@physx@@@shdfnd@physx@@QEBAXXZ 0000000180007a00 f i CctBoxController.obj
 0001:00006a30       ?release@BoxController@Cct@physx@@UEAAXXZ 0000000180007a30 f i CctBoxController.obj
 0001:00006a60       ?setCenterExtents@physx@@YAXAEAUPxExtendedBounds3@1@AEBUPxExtendedVec3@1@AEBVPxVec3@1@@Z 0000000180007a60 f i CctBoxController.obj
 0001:00006af0       ?setContactOffset@BoxController@Cct@physx@@UEAAXM@Z 0000000180007af0 f i CctBoxController.obj
 0001:00006b30       ?setNonWalkableMode@BoxController@Cct@physx@@UEAAXW4Enum@PxControllerNonWalkableMode@3@@Z 0000000180007b30 f i CctBoxController.obj
 0001:00006b50       ?setPosition@BoxController@Cct@physx@@UEAA_NAEBUPxExtendedVec3@3@@Z 0000000180007b50 f i CctBoxController.obj
 0001:00006b90       ?setSlopeLimit@BoxController@Cct@physx@@UEAAXM@Z 0000000180007b90 f i CctBoxController.obj
 0001:00006bd0       ?setStepOffset@BoxController@Cct@physx@@UEAAXM@Z 0000000180007bd0 f i CctBoxController.obj
 0001:00006c10       ?setUpDirection@BoxController@Cct@physx@@UEAAXAEBVPxVec3@3@@Z 0000000180007c10 f i CctBoxController.obj
 0001:00006c50       ?setUserData@BoxController@Cct@physx@@UEAAXPEAX@Z 0000000180007c50 f i CctBoxController.obj
 0001:00006c70       ?unlock@?$MutexT@V?$ReflectionAllocator@VMutexImpl@shdfnd@physx@@@shdfnd@physx@@@shdfnd@physx@@QEBAXXZ 0000000180007c70 f i CctBoxController.obj
 0001:00006ca0       ??0CapsuleController@Cct@physx@@QEAA@AEBVPxControllerDesc@2@AEAVPxPhysics@2@PEAVPxScene@2@@Z 0000000180007ca0 f   CctCapsuleController.obj
 0001:00006df0       ??1CapsuleController@Cct@physx@@UEAA@XZ 0000000180007df0 f   CctCapsuleController.obj
 0001:00006e40       ?getWorldBox@CapsuleController@Cct@physx@@UEBA_NAEAUPxExtendedBounds3@3@@Z 0000000180007e40 f   CctCapsuleController.obj
 0001:00006ed0       ?setFootPosition@CapsuleController@Cct@physx@@UEAA_NAEBUPxExtendedVec3@3@@Z 0000000180007ed0 f   CctCapsuleController.obj
 0001:00006f70       ?getFootPosition@CapsuleController@Cct@physx@@UEBA?AUPxExtendedVec3@3@XZ 0000000180007f70 f   CctCapsuleController.obj
 0001:00007020       ?invalidateCache@CapsuleController@Cct@physx@@UEAAXXZ 0000000180008020 f   CctCapsuleController.obj
 0001:000070a0       ?resize@CapsuleController@Cct@physx@@UEAAXM@Z 00000001800080a0 f   CctCapsuleController.obj
 0001:000071a0       ?getClimbingMode@CapsuleController@Cct@physx@@UEBA?AW4Enum@PxCapsuleClimbingMode@3@XZ 00000001800081a0 f   CctCapsuleController.obj
 0001:000071c0       ?setRadius@CapsuleController@Cct@physx@@UEAA_NM@Z 00000001800081c0 f   CctCapsuleController.obj
 0001:000072d0       ?setHeight@CapsuleController@Cct@physx@@UEAA_NM@Z 00000001800082d0 f   CctCapsuleController.obj
 0001:000073e0       ?setClimbingMode@CapsuleController@Cct@physx@@UEAA_NW4Enum@PxCapsuleClimbingMode@3@@Z 00000001800083e0 f   CctCapsuleController.obj
 0001:00007410       ?getCapsule@CapsuleController@Cct@physx@@QEBAXAEAUPxExtendedCapsule@3@@Z 0000000180008410 f   CctCapsuleController.obj
 0001:000077a0       ??0PxCapsuleController@physx@@IEAA@XZ 00000001800087a0 f i CctCapsuleController.obj
 0001:000077e0       ??0PxCapsuleGeometry@physx@@QEAA@XZ 00000001800087e0 f i CctCapsuleController.obj
 0001:00007830       ??1PxCapsuleController@physx@@MEAA@XZ 0000000180008830 f i CctCapsuleController.obj
 0001:00007860       ??_ECapsuleController@Cct@physx@@W7EAAPEAXI@Z 0000000180008860 f i CctCapsuleController.obj
 0001:00007870       ??_ECapsuleController@Cct@physx@@UEAAPEAXI@Z 0000000180008870 f i CctCapsuleController.obj
 0001:00007870       ??_GCapsuleController@Cct@physx@@UEAAPEAXI@Z 0000000180008870 f i CctCapsuleController.obj
 0001:000078e0       ??_EPxCapsuleController@physx@@MEAAPEAXI@Z 00000001800088e0 f i CctCapsuleController.obj
 0001:000078e0       ??_GPxCapsuleController@physx@@MEAAPEAXI@Z 00000001800088e0 f i CctCapsuleController.obj
 0001:00007930       ?getActor@CapsuleController@Cct@physx@@UEBAPEAVPxRigidDynamic@3@XZ 0000000180008930 f i CctCapsuleController.obj
 0001:00007950       ?getContactOffset@CapsuleController@Cct@physx@@UEBAMXZ 0000000180008950 f i CctCapsuleController.obj
 0001:00007970       ?getHalfHeightInternal@CapsuleController@Cct@physx@@UEBAMXZ 0000000180008970 f i CctCapsuleController.obj
 0001:000079b0       ?getHeight@CapsuleController@Cct@physx@@UEBAMXZ 00000001800089b0 f i CctCapsuleController.obj
 0001:000079d0       ?getNonWalkableMode@CapsuleController@Cct@physx@@UEBA?AW4Enum@PxControllerNonWalkableMode@3@XZ 00000001800089d0 f i CctCapsuleController.obj
 0001:000079f0       ?getPosition@CapsuleController@Cct@physx@@UEBAAEBUPxExtendedVec3@3@XZ 00000001800089f0 f i CctCapsuleController.obj
 0001:00007a10       ?getPxController@CapsuleController@Cct@physx@@UEAAPEAVPxController@3@XZ 0000000180008a10 f i CctCapsuleController.obj
 0001:00007a30       ?getRadius@CapsuleController@Cct@physx@@UEBAMXZ 0000000180008a30 f i CctCapsuleController.obj
 0001:00007a50       ?getScene@CapsuleController@Cct@physx@@UEAAPEAVPxScene@3@XZ 0000000180008a50 f i CctCapsuleController.obj
 0001:00007a70       ?getSlopeLimit@CapsuleController@Cct@physx@@UEBAMXZ 0000000180008a70 f i CctCapsuleController.obj
 0001:00007a90       ?getState@CapsuleController@Cct@physx@@UEBAXAEAUPxControllerState@3@@Z 0000000180008a90 f i CctCapsuleController.obj
 0001:00007ad0       ?getStats@CapsuleController@Cct@physx@@UEBAXAEAUPxControllerStats@3@@Z 0000000180008ad0 f i CctCapsuleController.obj
 0001:00007b10       ?getStepOffset@CapsuleController@Cct@physx@@UEBAMXZ 0000000180008b10 f i CctCapsuleController.obj
 0001:00007b30       ?getType@CapsuleController@Cct@physx@@UEBA?AW4Enum@PxControllerShapeType@3@XZ 0000000180008b30 f i CctCapsuleController.obj
 0001:00007b50       ?getUpDirection@CapsuleController@Cct@physx@@UEBA?AVPxVec3@3@XZ 0000000180008b50 f i CctCapsuleController.obj
 0001:00007b90       ?getUserData@CapsuleController@Cct@physx@@UEBAPEAXXZ 0000000180008b90 f i CctCapsuleController.obj
 0001:00007bb0       ?release@CapsuleController@Cct@physx@@UEAAXXZ 0000000180008bb0 f i CctCapsuleController.obj
 0001:00007be0       ?setContactOffset@CapsuleController@Cct@physx@@UEAAXM@Z 0000000180008be0 f i CctCapsuleController.obj
 0001:00007c20       ?setNonWalkableMode@CapsuleController@Cct@physx@@UEAAXW4Enum@PxControllerNonWalkableMode@3@@Z 0000000180008c20 f i CctCapsuleController.obj
 0001:00007c40       ?setPosition@CapsuleController@Cct@physx@@UEAA_NAEBUPxExtendedVec3@3@@Z 0000000180008c40 f i CctCapsuleController.obj
 0001:00007c80       ?setSlopeLimit@CapsuleController@Cct@physx@@UEAAXM@Z 0000000180008c80 f i CctCapsuleController.obj
 0001:00007cc0       ?setStepOffset@CapsuleController@Cct@physx@@UEAAXM@Z 0000000180008cc0 f i CctCapsuleController.obj
 0001:00007d00       ?setUpDirection@CapsuleController@Cct@physx@@UEAAXAEBVPxVec3@3@@Z 0000000180008d00 f i CctCapsuleController.obj
 0001:00007d40       ?setUserData@CapsuleController@Cct@physx@@UEAAXPEAX@Z 0000000180008d40 f i CctCapsuleController.obj
 0001:00007d60       ??0CCTParams@Cct@physx@@QEAA@XZ 0000000180008d60 f   CctCharacterController.obj
 0001:00007e30       ??0SweepTest@Cct@physx@@QEAA@_N@Z 0000000180008e30 f   CctCharacterController.obj
 0001:00008260       ??1SweepTest@Cct@physx@@QEAA@XZ 0000000180009260 f   CctCharacterController.obj
 0001:000082e0       ?moveCharacter@SweepTest@Cct@physx@@QEAA?AV?$PxFlags@W4Enum@PxControllerCollisionFlag@physx@@E@3@PEBUInternalCBData_FindTouchedGeom@23@PEAUInternalCBData_OnHit@23@AEAVSweptVolume@23@AEBVPxVec3@3@AEBUUserObstacles@23@MAEBVPxControllerFilters@3@_N6AEAPEBVPxRigidActor@3@AEAPEBVPxShape@3@_K@Z 00000001800092e0 f   CctCharacterController.obj
 0001:00009220       ?doSweepTest@SweepTest@Cct@physx@@QEAA_NPEBUInternalCBData_FindTouchedGeom@23@PEAUInternalCBData_OnHit@23@AEBUUserObstacles@23@AEAVSweptVolume@23@AEBVPxVec3@3@4IPEAIMAEBVPxControllerFilters@3@W4SweepPass@23@AEAPEBVPxRigidActor@3@AEAPEBVPxShape@3@_K@Z 000000018000a220 f   CctCharacterController.obj
 0001:0000a030       ?findTouchedObstacles@SweepTest@Cct@physx@@QEAAXAEBUUserObstacles@23@AEBUPxExtendedBounds3@3@@Z 000000018000b030 f   CctCharacterController.obj
 0001:0000a690       ?voidTestCache@SweepTest@Cct@physx@@QEAAXXZ 000000018000b690 f   CctCharacterController.obj
 0001:0000a6f0       ?onRelease@SweepTest@Cct@physx@@QEAAXAEBVPxBase@3@@Z 000000018000b6f0 f   CctCharacterController.obj
 0001:0000a7c0       ?updateCachedShapesRegistration@SweepTest@Cct@physx@@QEAAXI_N@Z 000000018000b7c0 f   CctCharacterController.obj
 0001:0000a960       ?onObstacleRemoved@SweepTest@Cct@physx@@QEAAXI@Z 000000018000b960 f   CctCharacterController.obj
 0001:0000a990       ?onObstacleUpdated@SweepTest@Cct@physx@@QEAAXIPEBVPxObstacleContext@3@AEBVPxVec3@3@1M@Z 000000018000b990 f   CctCharacterController.obj
 0001:0000ab80       ?onObstacleAdded@SweepTest@Cct@physx@@QEAAXIPEBVPxObstacleContext@3@AEBVPxVec3@3@1M@Z 000000018000bb80 f   CctCharacterController.obj
 0001:0000ada0       ?onOriginShift@SweepTest@Cct@physx@@QEAAXAEBVPxVec3@3@@Z 000000018000bda0 f   CctCharacterController.obj
 0001:0000af20       ?updateTouchedGeoms@SweepTest@Cct@physx@@AEAAXPEBUInternalCBData_FindTouchedGeom@23@AEBUUserObstacles@23@AEBUPxExtendedBounds3@3@AEBVPxControllerFilters@3@AEBVPxVec3@3@@Z 000000018000bf20 f   CctCharacterController.obj
 0001:0000b8c0       ?findTouchedObject@Controller@Cct@physx@@IEAAXAEBVPxControllerFilters@3@PEBVPxObstacleContext@3@AEBVPxVec3@3@@Z 000000018000c8c0 f   CctCharacterController.obj
 0001:0000c130       ?rideOnTouchedObject@Controller@Cct@physx@@IEAA_NAEAVSweptVolume@23@AEBVPxVec3@3@AEAV53@PEBVPxObstacleContext@3@@Z 000000018000d130 f   CctCharacterController.obj
 0001:0000c7b0       ?move@Controller@Cct@physx@@IEAA?AV?$PxFlags@W4Enum@PxControllerCollisionFlag@physx@@E@3@AEAVSweptVolume@23@AEBVPxVec3@3@MMAEBVPxControllerFilters@3@PEBVPxObstacleContext@3@_N@Z 000000018000d7b0 f   CctCharacterController.obj
 0001:0000def0       ?filterTouchedShape@Controller@Cct@physx@@IEAA_NAEBVPxControllerFilters@3@@Z 000000018000eef0 f   CctCharacterController.obj
 0001:000115b0       ?move@BoxController@Cct@physx@@UEAA?AV?$PxFlags@W4Enum@PxControllerCollisionFlag@physx@@E@3@AEBVPxVec3@3@MMAEBVPxControllerFilters@3@PEBVPxObstacleContext@3@@Z 00000001800125b0 f   CctCharacterController.obj
 0001:00011730       ?move@CapsuleController@Cct@physx@@UEAA?AV?$PxFlags@W4Enum@PxControllerCollisionFlag@physx@@E@3@AEBVPxVec3@3@MMAEBVPxControllerFilters@3@PEBVPxObstacleContext@3@@Z 0000000180012730 f   CctCharacterController.obj
 0001:00013fb0       ??$PX_UNUSED@I@@YAXAEBI@Z  0000000180014fb0 f i CctCharacterController.obj
 0001:00013fc0       ??$PX_UNUSED@PEBUPxRaycastHit@physx@@@@YAXAEBQEBUPxRaycastHit@physx@@@Z 0000000180014fc0 f i CctCharacterController.obj
 0001:00013fd0       ??$PX_UNUSED@W4PxIDENTITY@physx@@@@YAXAEBW4PxIDENTITY@physx@@@Z 0000000180014fd0 f i CctCharacterController.obj
 0001:00013fe0       ??$PX_UNUSED@_K@@YAXAEB_K@Z 0000000180014fe0 f i CctCharacterController.obj
 0001:00013ff0       ??$PxMax@I@physx@@YAIII@Z  0000000180014ff0 f i CctCharacterController.obj
 0001:00014030       ??$PxMax@N@physx@@YANNN@Z  0000000180015030 f i CctCharacterController.obj
 0001:00014080       ??$PxMin@N@physx@@YANNN@Z  0000000180015080 f i CctCharacterController.obj
 0001:000140d0       ??$PxUnionCast@PEBVPxGeometry@physx@@PEAY03$$CBE@physx@@YAPEBVPxGeometry@0@PEAY03$$CBE@Z 00000001800150d0 f i CctCharacterController.obj
 0001:00014100       ??0?$Array@IVNamedAllocator@shdfnd@physx@@@shdfnd@physx@@QEAA@AEBVNamedAllocator@12@@Z 0000000180015100 f i CctCharacterController.obj
 0001:00014160       ??0?$Array@VPxTriangle@physx@@VNamedAllocator@shdfnd@2@@shdfnd@physx@@QEAA@AEBVNamedAllocator@12@@Z 0000000180015160 f i CctCharacterController.obj
 0001:000141c0       ??0?$PxFlags@W4Enum@PxControllerCollisionFlag@physx@@E@physx@@QEAA@AEBV01@@Z 00000001800151c0 f i CctCharacterController.obj
 0001:000141f0       ??0?$PxFlags@W4Enum@PxControllerCollisionFlag@physx@@E@physx@@QEAA@E@Z 00000001800151f0 f i CctCharacterController.obj
 0001:00014220       ??0?$PxFlags@W4Enum@PxHitFlag@physx@@G@physx@@QEAA@AEBV01@@Z 0000000180015220 f i CctCharacterController.obj
 0001:00014250       ??0?$PxFlags@W4Enum@PxHitFlag@physx@@G@physx@@QEAA@G@Z 0000000180015250 f i CctCharacterController.obj
 0001:00014280       ??0?$PxFlags@W4Enum@PxHitFlag@physx@@G@physx@@QEAA@W4Enum@PxHitFlag@1@@Z 0000000180015280 f i CctCharacterController.obj
 0001:000142b0       ??0?$PxFlags@W4Enum@PxQueryFlag@physx@@G@physx@@QEAA@AEBV01@@Z 00000001800152b0 f i CctCharacterController.obj
 0001:000142e0       ??0?$PxFlags@W4Enum@PxQueryFlag@physx@@G@physx@@QEAA@W4Enum@PxQueryFlag@1@@Z 00000001800152e0 f i CctCharacterController.obj
 0001:00014310       ??0?$PxFlags@W4Enum@PxQueryFlag@physx@@G@physx@@QEAA@XZ 0000000180015310 f i CctCharacterController.obj
 0001:00014330       ??0?$PxFlags@W4Enum@PxRigidBodyFlag@physx@@E@physx@@QEAA@AEBV01@@Z 0000000180015330 f i CctCharacterController.obj
 0001:00014360       ??0?$PxFlags@W4Enum@PxShapeFlag@physx@@E@physx@@QEAA@AEBV01@@Z 0000000180015360 f i CctCharacterController.obj
 0001:00014390       ??0?$PxHitBuffer@UPxRaycastHit@physx@@@physx@@QEAA@PEAUPxRaycastHit@1@I@Z 0000000180015390 f i CctCharacterController.obj
 0001:000143e0       ??0?$PxHitCallback@UPxRaycastHit@physx@@@physx@@QEAA@PEAUPxRaycastHit@1@I@Z 00000001800153e0 f i CctCharacterController.obj
 0001:00014470       ??0?$TouchedObject@VPxRigidActor@physx@@@Cct@physx@@QEAA@_N@Z 0000000180015470 f i CctCharacterController.obj
 0001:000144c0       ??0?$TouchedObject@VPxShape@physx@@@Cct@physx@@QEAA@_N@Z 00000001800154c0 f i CctCharacterController.obj
 0001:00014540       ??0CCTFilter@Cct@physx@@QEAA@XZ 0000000180015540 f i CctCharacterController.obj
 0001:000145b0       ??0ControllerFilter@@QEAA@XZ 00000001800155b0 f i CctCharacterController.obj
 0001:00014600       ??0DebugBox@Cm@physx@@QEAA@AEBVPxBounds3@2@_N@Z 0000000180015600 f i CctCharacterController.obj
 0001:00014670       ??0DebugBox@Cm@physx@@QEAA@AEBVPxVec3@2@_N@Z 0000000180015670 f i CctCharacterController.obj
 0001:000146e0       ??0PxActorShape@physx@@QEAA@XZ 00000001800156e0 f i CctCharacterController.obj
 0001:00014710       ??0PxBounds3@physx@@QEAA@AEBVPxVec3@1@0@Z 0000000180015710 f i CctCharacterController.obj
 0001:00014770       ??0PxBoxGeometry@physx@@QEAA@VPxVec3@1@@Z 0000000180015770 f i CctCharacterController.obj
 0001:000147c0       ??0PxCapsuleGeometry@physx@@QEAA@MM@Z 00000001800157c0 f i CctCharacterController.obj
 0001:00014830       ??0PxExtendedBox@physx@@QEAA@AEBV01@@Z 0000000180015830 f i CctCharacterController.obj
 0001:000148b0       ??0PxExtendedBox@physx@@QEAA@XZ 00000001800158b0 f i CctCharacterController.obj
 0001:00014910       ??0PxExtendedCapsule@physx@@QEAA@XZ 0000000180015910 f i CctCharacterController.obj
 0001:00014940       ??0PxExtendedSegment@physx@@QEAA@XZ 0000000180015940 f i CctCharacterController.obj
 0001:00014980       ??0PxFilterData@physx@@QEAA@AEBU01@@Z 0000000180015980 f i CctCharacterController.obj
 0001:000149f0       ??0PxFilterData@physx@@QEAA@XZ 00000001800159f0 f i CctCharacterController.obj
 0001:00014a40       ??0PxLocationHit@physx@@QEAA@XZ 0000000180015a40 f i CctCharacterController.obj
 0001:00014ad0       ??0PxMat33@physx@@QEAA@AEBVPxQuat@1@@Z 0000000180015ad0 f i CctCharacterController.obj
 0001:00014e10       ??0PxMat33@physx@@QEAA@W4PxIDENTITY@1@@Z 0000000180015e10 f i CctCharacterController.obj
 0001:00014eb0       ??0PxMat44@physx@@QEAA@AEBVPxMat33@1@AEBVPxVec3@1@@Z 0000000180015eb0 f i CctCharacterController.obj
 0001:00014f60       ??0PxMat44@physx@@QEAA@AEBVPxTransform@1@@Z 0000000180015f60 f i CctCharacterController.obj
 0001:00015050       ??0PxProfileScoped@physx@@QEAA@PEBD_N_K@Z 0000000180016050 f i CctCharacterController.obj
 0001:00015120       ??0PxQuat@physx@@QEAA@AEBV01@@Z 0000000180016120 f i CctCharacterController.obj
 0001:000151a0       ??0PxQuat@physx@@QEAA@MMMM@Z 00000001800161a0 f i CctCharacterController.obj
 0001:00015220       ??0PxQuat@physx@@QEAA@W4PxIDENTITY@1@@Z 0000000180016220 f i CctCharacterController.obj
 0001:00015290       ??0PxQuat@physx@@QEAA@XZ   0000000180016290 f i CctCharacterController.obj
 0001:000152a0       ??0PxQueryFilterCallback@physx@@QEAA@XZ 00000001800162a0 f i CctCharacterController.obj
 0001:000152c0       ??0PxQueryFilterData@physx@@QEAA@AEBUPxFilterData@1@V?$PxFlags@W4Enum@PxQueryFlag@physx@@G@1@@Z 00000001800162c0 f i CctCharacterController.obj
 0001:00015330       ??0PxQueryHit@physx@@QEAA@XZ 0000000180016330 f i CctCharacterController.obj
 0001:00015370       ??0PxRaycastHit@physx@@QEAA@XZ 0000000180016370 f i CctCharacterController.obj
 0001:000153c0       ??0PxSphereGeometry@physx@@QEAA@XZ 00000001800163c0 f i CctCharacterController.obj
 0001:00015400       ??0PxSweepHit@physx@@QEAA@XZ 0000000180016400 f i CctCharacterController.obj
 0001:00015430       ??0PxTransform@physx@@QEAA@AEBVPxVec3@1@AEBVPxQuat@1@@Z 0000000180016430 f i CctCharacterController.obj
 0001:00015500       ??0PxTransform@physx@@QEAA@XZ 0000000180016500 f i CctCharacterController.obj
 0001:00015540       ??0PxVec3@physx@@QEAA@M@Z  0000000180016540 f i CctCharacterController.obj
 0001:00015590       ??0PxVec3@physx@@QEAA@XZ   0000000180016590 f i CctCharacterController.obj
 0001:000155a0       ??0PxVec4@physx@@QEAA@AEBVPxVec3@1@M@Z 00000001800165a0 f i CctCharacterController.obj
 0001:00015620       ??0PxVec4@physx@@QEAA@XZ   0000000180016620 f i CctCharacterController.obj
 0001:00015630       ??0SIMDGuard@shdfnd@physx@@QEAA@XZ 0000000180016630 f i CctCharacterController.obj
 0001:00015670       ??0SweptContact@Cct@physx@@QEAA@XZ 0000000180016670 f i CctCharacterController.obj
 0001:000156b0       ??0TriArray@Cct@physx@@QEAA@XZ 00000001800166b0 f i CctCharacterController.obj
 0001:00015700       ??1?$Array@IVNamedAllocator@shdfnd@physx@@@shdfnd@physx@@QEAA@XZ 0000000180016700 f i CctCharacterController.obj
 0001:00015790       ??1?$Array@VPxTriangle@physx@@VNamedAllocator@shdfnd@2@@shdfnd@physx@@QEAA@XZ 0000000180016790 f i CctCharacterController.obj
 0001:00015820       ??1?$PxHitBuffer@UPxRaycastHit@physx@@@physx@@UEAA@XZ 0000000180016820 f i CctCharacterController.obj
 0001:00015850       ??1?$PxHitCallback@UPxRaycastHit@physx@@@physx@@UEAA@XZ 0000000180016850 f i CctCharacterController.obj
 0001:00015870       ??1ControllerFilter@@UEAA@XZ 0000000180016870 f i CctCharacterController.obj
 0001:00015890       ??1PxExtendedBox@physx@@QEAA@XZ 0000000180016890 f i CctCharacterController.obj
 0001:000158a0       ??1PxProfileScoped@physx@@QEAA@XZ 00000001800168a0 f i CctCharacterController.obj
 0001:00015910       ??1PxQueryFilterCallback@physx@@UEAA@XZ 0000000180016910 f i CctCharacterController.obj
 0001:00015930       ??1PxTriangle@physx@@QEAA@XZ 0000000180016930 f i CctCharacterController.obj
 0001:00015940       ??1SIMDGuard@shdfnd@physx@@QEAA@XZ 0000000180016940 f i CctCharacterController.obj
 0001:00015970       ??1TriArray@Cct@physx@@QEAA@XZ 0000000180016970 f i CctCharacterController.obj
 0001:00015990       ??2@YAPEAX_KPEAX@Z         0000000180016990 f i CctCharacterController.obj
 0001:000159b0       ??4?$PxFlags@W4Enum@PxControllerCollisionFlag@physx@@E@physx@@QEAAAEAV01@AEBV01@@Z 00000001800169b0 f i CctCharacterController.obj
 0001:000159e0       ??4?$PxFlags@W4Enum@PxHitFlag@physx@@G@physx@@QEAAAEAV01@AEBV01@@Z 00000001800169e0 f i CctCharacterController.obj
 0001:00015a10       ??4?$PxFlags@W4Enum@PxQueryFlag@physx@@G@physx@@QEAAAEAV01@AEBV01@@Z 0000000180016a10 f i CctCharacterController.obj
 0001:00015a40       ??4?$TouchedObject@VPxRigidActor@physx@@@Cct@physx@@QEAAAEAU012@PEBVPxRigidActor@2@@Z 0000000180016a40 f i CctCharacterController.obj
 0001:00015ae0       ??4?$TouchedObject@VPxShape@physx@@@Cct@physx@@QEAAAEAU012@PEBVPxShape@2@@Z 0000000180016ae0 f i CctCharacterController.obj
 0001:00015b80       ??4CCTParams@Cct@physx@@QEAAAEAU012@AEBU012@@Z 0000000180016b80 f i CctCharacterController.obj
 0001:00015cf0       ??4FPUGuard@shdfnd@physx@@QEAAAEAV012@AEBV012@@Z 0000000180016cf0 f i CctCharacterController.obj
 0001:00015d20       ??4PxExtendedBox@physx@@QEAAAEAV01@AEBV01@@Z 0000000180016d20 f i CctCharacterController.obj
 0001:00015da0       ??4PxLocationHit@physx@@QEAAAEAU01@AEBU01@@Z 0000000180016da0 f i CctCharacterController.obj
 0001:00015e60       ??4PxMat44@physx@@QEAAAEAV01@AEBV01@@Z 0000000180016e60 f i CctCharacterController.obj
 0001:00015f00       ??4PxRaycastHit@physx@@QEAAAEAU01@AEBU01@@Z 0000000180016f00 f i CctCharacterController.obj
 0001:00015f70       ??4PxTransform@physx@@QEAAAEAV01@$$QEAV01@@Z 0000000180016f70 f i CctCharacterController.obj
 0001:00015fd0       ??4PxVec4@physx@@QEAAAEAV01@AEBV01@@Z 0000000180016fd0 f i CctCharacterController.obj
 0001:00016050       ??4SweptContact@Cct@physx@@QEAAAEAU012@AEBU012@@Z 0000000180017050 f i CctCharacterController.obj
 0001:00016100       ??8?$TouchedObject@VPxRigidActor@physx@@@Cct@physx@@QEAA_NPEBVPxBase@2@@Z 0000000180017100 f i CctCharacterController.obj
 0001:00016150       ??8?$TouchedObject@VPxShape@physx@@@Cct@physx@@QEAA_NPEBVPxBase@2@@Z 0000000180017150 f i CctCharacterController.obj
 0001:000161a0       ??8?$TouchedObject@VPxShape@physx@@@Cct@physx@@QEAA_NPEBVPxShape@2@@Z 00000001800171a0 f i CctCharacterController.obj
 0001:000161f0       ??A?$Array@IVNamedAllocator@shdfnd@physx@@@shdfnd@physx@@QEAAAEAII@Z 00000001800171f0 f i CctCharacterController.obj
 0001:00016290       ??A?$Array@IVNamedAllocator@shdfnd@physx@@@shdfnd@physx@@QEBAAEBII@Z 0000000180017290 f i CctCharacterController.obj
 0001:00016330       ??A?$Array@UInternalBoxObstacle@ObstacleContext@Cct@physx@@VNamedAllocator@shdfnd@4@@shdfnd@physx@@QEBAAEBUInternalBoxObstacle@ObstacleContext@Cct@2@I@Z 0000000180017330 f i CctCharacterController.obj
 0001:000163d0       ??A?$Array@UInternalCapsuleObstacle@ObstacleContext@Cct@physx@@VNamedAllocator@shdfnd@4@@shdfnd@physx@@QEBAAEBUInternalCapsuleObstacle@ObstacleContext@Cct@2@I@Z 00000001800173d0 f i CctCharacterController.obj
 0001:00016470       ??A?$Array@VPxTriangle@physx@@VNamedAllocator@shdfnd@2@@shdfnd@physx@@QEBAAEBVPxTriangle@2@I@Z 0000000180017470 f i CctCharacterController.obj
 0001:00016510       ??B?$PxFlags@W4Enum@PxControllerBehaviorFlag@physx@@E@physx@@QEBAIXZ 0000000180017510 f i CctCharacterController.obj
 0001:00016530       ??B?$PxFlags@W4Enum@PxControllerDebugRenderFlag@physx@@I@physx@@QEBAIXZ 0000000180017530 f i CctCharacterController.obj
 0001:00016540       ??B?$PxFlags@W4Enum@PxQueryFlag@physx@@G@physx@@QEBA_NXZ 0000000180017540 f i CctCharacterController.obj
 0001:00016580       ??B?$PxFlags@W4Enum@PxRigidBodyFlag@physx@@E@physx@@QEBA_NXZ 0000000180017580 f i CctCharacterController.obj
 0001:000165c0       ??B?$PxFlags@W4Enum@PxShapeFlag@physx@@E@physx@@QEBA_NXZ 00000001800175c0 f i CctCharacterController.obj
 0001:00016600       ??B?$TouchedObject@VPxRigidActor@physx@@@Cct@physx@@QEBA_NXZ 0000000180017600 f i CctCharacterController.obj
 0001:00016640       ??B?$TouchedObject@VPxShape@physx@@@Cct@physx@@QEBA_NXZ 0000000180017640 f i CctCharacterController.obj
 0001:00016680       ??C?$TouchedObject@VPxRigidActor@physx@@@Cct@physx@@QEBAPEBVPxRigidActor@2@XZ 0000000180017680 f i CctCharacterController.obj
 0001:000166a0       ??C?$TouchedObject@VPxShape@physx@@@Cct@physx@@QEBAPEBVPxShape@2@XZ 00000001800176a0 f i CctCharacterController.obj
 0001:000166c0       ??DPxQuat@physx@@QEBA?AV01@AEBV01@@Z 00000001800176c0 f i CctCharacterController.obj
 0001:000168d0       ??DPxTransform@physx@@QEBA?AV01@AEBV01@@Z 00000001800178d0 f i CctCharacterController.obj
 0001:00016980       ??GPxVec3@physx@@QEBA?AV01@AEBV01@@Z 0000000180017980 f i CctCharacterController.obj
 0001:00016a20       ??GPxVec3@physx@@QEBA?AV01@XZ 0000000180017a20 f i CctCharacterController.obj
 0001:00016ab0       ??HPxVec3@physx@@QEBA?AV01@AEBV01@@Z 0000000180017ab0 f i CctCharacterController.obj
 0001:00016b50       ??I?$PxFlags@W4Enum@PxQueryFlag@physx@@G@physx@@QEBA?AV01@W4Enum@PxQueryFlag@1@@Z 0000000180017b50 f i CctCharacterController.obj
 0001:00016bc0       ??I?$PxFlags@W4Enum@PxRigidBodyFlag@physx@@E@physx@@QEBA?AV01@W4Enum@PxRigidBodyFlag@1@@Z 0000000180017bc0 f i CctCharacterController.obj
 0001:00016c20       ??I?$PxFlags@W4Enum@PxShapeFlag@physx@@E@physx@@QEBA?AV01@W4Enum@PxShapeFlag@1@@Z 0000000180017c20 f i CctCharacterController.obj
 0001:00016c80       ??R?$Hash@PEAVPxShape@physx@@@shdfnd@physx@@QEBAIAEBQEAVPxShape@2@@Z 0000000180017c80 f i CctCharacterController.obj
 0001:00016cb0       ??RGetKey@?$HashSetBase@PEAVPxShape@physx@@U?$Hash@PEAVPxShape@physx@@@shdfnd@2@VNonTrackingAllocator@42@$0A@@internal@shdfnd@physx@@QEAAAEBQEAVPxShape@4@AEBQEAV54@@Z 0000000180017cb0 f i CctCharacterController.obj
 0001:00016cd0       ??U?$PxFlags@W4Enum@PxQueryFlag@physx@@G@physx@@QEBA?AV01@W4Enum@PxQueryFlag@1@@Z 0000000180017cd0 f i CctCharacterController.obj
 0001:00016d30       ??Uphysx@@YA?AV?$PxFlags@W4Enum@PxQueryFlag@physx@@G@0@W4Enum@PxQueryFlag@0@0@Z 0000000180017d30 f i CctCharacterController.obj
 0001:00016d90       ??YPxVec3@physx@@QEAAAEAV01@AEBV01@@Z 0000000180017d90 f i CctCharacterController.obj
 0001:00016e10       ??ZPxVec3@physx@@QEAAAEAV01@AEBV01@@Z 0000000180017e10 f i CctCharacterController.obj
 0001:00016e90       ??_0PxVec3@physx@@QEAAAEAV01@M@Z 0000000180017e90 f i CctCharacterController.obj
 0001:00016f20       ??_5?$PxFlags@W4Enum@PxControllerCollisionFlag@physx@@E@physx@@QEAAAEAV01@W4Enum@PxControllerCollisionFlag@1@@Z 0000000180017f20 f i CctCharacterController.obj
 0001:00016f50       ??_5?$PxFlags@W4Enum@PxHitFlag@physx@@G@physx@@QEAAAEAV01@W4Enum@PxHitFlag@1@@Z 0000000180017f50 f i CctCharacterController.obj
 0001:00016f90       ??_5?$PxFlags@W4Enum@PxQueryFlag@physx@@G@physx@@QEAAAEAV01@W4Enum@PxQueryFlag@1@@Z 0000000180017f90 f i CctCharacterController.obj
 0001:00016fd0       ??_G?$PxHitBuffer@UPxRaycastHit@physx@@@physx@@UEAAPEAXI@Z 0000000180017fd0 f i CctCharacterController.obj
 0001:00016fd0       ??_E?$PxHitBuffer@UPxRaycastHit@physx@@@physx@@UEAAPEAXI@Z 0000000180017fd0 f i CctCharacterController.obj
 0001:00017020       ??_G?$PxHitCallback@UPxRaycastHit@physx@@@physx@@UEAAPEAXI@Z 0000000180018020 f i CctCharacterController.obj
 0001:00017020       ??_E?$PxHitCallback@UPxRaycastHit@physx@@@physx@@UEAAPEAXI@Z 0000000180018020 f i CctCharacterController.obj
 0001:00017070       ??_GControllerFilter@@UEAAPEAXI@Z 0000000180018070 f i CctCharacterController.obj
 0001:00017070       ??_EControllerFilter@@UEAAPEAXI@Z 0000000180018070 f i CctCharacterController.obj
 0001:000170c0       ??_GPxExtendedBox@physx@@QEAAPEAXI@Z 00000001800180c0 f i CctCharacterController.obj
 0001:00017110       ??_GPxQueryFilterCallback@physx@@UEAAPEAXI@Z 0000000180018110 f i CctCharacterController.obj
 0001:00017110       ??_EPxQueryFilterCallback@physx@@UEAAPEAXI@Z 0000000180018110 f i CctCharacterController.obj
 0001:00017160       ??_GPxTriangle@physx@@QEAAPEAXI@Z 0000000180018160 f i CctCharacterController.obj
 0001:000171b0       ?PxAbs@physx@@YAMM@Z       00000001800181b0 f i CctCharacterController.obj
 0001:000171d0       ?PxIsFinite@physx@@YA_NM@Z 00000001800181d0 f i CctCharacterController.obj
 0001:000171f0       ?PxRecipSqrt@physx@@YAMM@Z 00000001800181f0 f i CctCharacterController.obj
 0001:00017210       ?PxSqrt@physx@@YAMM@Z      0000000180018210 f i CctCharacterController.obj
 0001:00017230       ?abs@intrinsics@physx@@YAMM@Z 0000000180018230 f i CctCharacterController.obj
 0001:00017250       ?add@physx@@YAXAEAUPxExtendedBounds3@1@AEBU21@@Z 0000000180018250 f i CctCharacterController.obj
 0001:000172a0       ?allocate@?$Array@IVNamedAllocator@shdfnd@physx@@@shdfnd@physx@@IEAAPEAII@Z 00000001800182a0 f i CctCharacterController.obj
 0001:00017350       ?allocate@?$Array@PEBXVNamedAllocator@shdfnd@physx@@@shdfnd@physx@@IEAAPEAPEBXI@Z 0000000180018350 f i CctCharacterController.obj
 0001:00017400       ?allocate@?$Array@UPxExtendedCapsule@physx@@VNamedAllocator@shdfnd@2@@shdfnd@physx@@IEAAPEAUPxExtendedCapsule@3@I@Z 0000000180018400 f i CctCharacterController.obj
 0001:000174b0       ?allocate@?$Array@VPxExtendedBox@physx@@VNamedAllocator@shdfnd@2@@shdfnd@physx@@IEAAPEAVPxExtendedBox@3@I@Z 00000001800184b0 f i CctCharacterController.obj
 0001:00017560       ?any@PxGeometryHolder@physx@@QEBAAEBVPxGeometry@2@XZ 0000000180018560 f i CctCharacterController.obj
 0001:00017590       ?begin@?$Array@IVNamedAllocator@shdfnd@physx@@@shdfnd@physx@@QEAAPEAIXZ 0000000180018590 f i CctCharacterController.obj
 0001:000175b0       ?begin@?$Array@IVNamedAllocator@shdfnd@physx@@@shdfnd@physx@@QEBAPEBIXZ 00000001800185b0 f i CctCharacterController.obj
 0001:000175d0       ?begin@?$Array@PEBXVNamedAllocator@shdfnd@physx@@@shdfnd@physx@@QEAAPEAPEBXXZ 00000001800185d0 f i CctCharacterController.obj
 0001:000175f0       ?begin@?$Array@UPxExtendedCapsule@physx@@VNamedAllocator@shdfnd@2@@shdfnd@physx@@QEAAPEAUPxExtendedCapsule@3@XZ 00000001800185f0 f i CctCharacterController.obj
 0001:00017610       ?begin@?$Array@VPxExtendedBox@physx@@VNamedAllocator@shdfnd@2@@shdfnd@physx@@QEAAPEAVPxExtendedBox@3@XZ 0000000180018610 f i CctCharacterController.obj
 0001:00017630       ?capacity@?$Array@IVNamedAllocator@shdfnd@physx@@@shdfnd@physx@@QEBAIXZ 0000000180018630 f i CctCharacterController.obj
 0001:00017650       ?capacity@?$Array@PEBXVNamedAllocator@shdfnd@physx@@@shdfnd@physx@@QEBAIXZ 0000000180018650 f i CctCharacterController.obj
 0001:00017670       ?capacity@?$Array@UPxExtendedCapsule@physx@@VNamedAllocator@shdfnd@2@@shdfnd@physx@@QEBAIXZ 0000000180018670 f i CctCharacterController.obj
 0001:00017690       ?capacity@?$Array@VPxExtendedBox@physx@@VNamedAllocator@shdfnd@2@@shdfnd@physx@@QEBAIXZ 0000000180018690 f i CctCharacterController.obj
 0001:000176b0       ?capacity@?$Array@VPxTriangle@physx@@VNamedAllocator@shdfnd@2@@shdfnd@physx@@QEBAIXZ 00000001800186b0 f i CctCharacterController.obj
 0001:000176d0       ?capacityIncrement@?$Array@PEBXVNamedAllocator@shdfnd@physx@@@shdfnd@physx@@IEBAIXZ 00000001800186d0 f i CctCharacterController.obj
 0001:00017720       ?capacityIncrement@?$Array@UPxExtendedCapsule@physx@@VNamedAllocator@shdfnd@2@@shdfnd@physx@@IEBAIXZ 0000000180018720 f i CctCharacterController.obj
 0001:00017770       ?capacityIncrement@?$Array@VPxExtendedBox@physx@@VNamedAllocator@shdfnd@2@@shdfnd@physx@@IEBAIXZ 0000000180018770 f i CctCharacterController.obj
 0001:000177c0       ?clear@?$Array@IVNamedAllocator@shdfnd@physx@@@shdfnd@physx@@QEAAXXZ 00000001800187c0 f i CctCharacterController.obj
 0001:00017810       ?clear@?$Array@VPxTriangle@physx@@VNamedAllocator@shdfnd@2@@shdfnd@physx@@QEAAXXZ 0000000180018810 f i CctCharacterController.obj
 0001:00017860       ?clear@TriArray@Cct@physx@@QEAAXXZ 0000000180018860 f i CctCharacterController.obj
 0001:00017880       ?computeTimeCoeff@Controller@Cct@physx@@IEAAMXZ 0000000180018880 f i CctCharacterController.obj
 0001:000178f0       ?contains@?$HashSetBase@PEAVPxShape@physx@@U?$Hash@PEAVPxShape@physx@@@shdfnd@2@VNonTrackingAllocator@42@$0A@@internal@shdfnd@physx@@QEBA_NAEBQEAVPxShape@4@@Z 00000001800188f0 f i CctCharacterController.obj
 0001:00017950       ?copy@?$Array@IVNamedAllocator@shdfnd@physx@@@shdfnd@physx@@KAXPEAI0PEBI@Z 0000000180018950 f i CctCharacterController.obj
 0001:000179f0       ?copy@?$Array@PEBXVNamedAllocator@shdfnd@physx@@@shdfnd@physx@@KAXPEAPEBX0PEBQEBX@Z 00000001800189f0 f i CctCharacterController.obj
 0001:00017a90       ?copy@?$Array@UPxExtendedCapsule@physx@@VNamedAllocator@shdfnd@2@@shdfnd@physx@@KAXPEAUPxExtendedCapsule@3@0PEBU43@@Z 0000000180018a90 f i CctCharacterController.obj
 0001:00017b30       ?copy@?$Array@VPxExtendedBox@physx@@VNamedAllocator@shdfnd@2@@shdfnd@physx@@KAXPEAVPxExtendedBox@3@0PEBV43@@Z 0000000180018b30 f i CctCharacterController.obj
 0001:00017bd0       ?cross@PxVec3@physx@@QEBA?AV12@AEBV12@@Z 0000000180018bd0 f i CctCharacterController.obj
 0001:00017cc0       ?deallocate@?$Array@IVNamedAllocator@shdfnd@physx@@@shdfnd@physx@@IEAAXPEAX@Z 0000000180018cc0 f i CctCharacterController.obj
 0001:00017cf0       ?deallocate@?$Array@PEBXVNamedAllocator@shdfnd@physx@@@shdfnd@physx@@IEAAXPEAX@Z 0000000180018cf0 f i CctCharacterController.obj
 0001:00017d20       ?deallocate@?$Array@UPxExtendedCapsule@physx@@VNamedAllocator@shdfnd@2@@shdfnd@physx@@IEAAXPEAX@Z 0000000180018d20 f i CctCharacterController.obj
 0001:00017d50       ?deallocate@?$Array@VPxExtendedBox@physx@@VNamedAllocator@shdfnd@2@@shdfnd@physx@@IEAAXPEAX@Z 0000000180018d50 f i CctCharacterController.obj
 0001:00017d80       ?deallocate@?$Array@VPxTriangle@physx@@VNamedAllocator@shdfnd@2@@shdfnd@physx@@IEAAXPEAX@Z 0000000180018d80 f i CctCharacterController.obj
 0001:00017db0       ?decomposeVector@shdfnd@physx@@YAXAEAVPxVec3@2@0AEBV32@1@Z 0000000180018db0 f i CctCharacterController.obj
 0001:00017e40       ?destroy@?$Array@IVNamedAllocator@shdfnd@physx@@@shdfnd@physx@@KAXPEAI0@Z 0000000180018e40 f i CctCharacterController.obj
 0001:00017e80       ?destroy@?$Array@PEBXVNamedAllocator@shdfnd@physx@@@shdfnd@physx@@KAXPEAPEBX0@Z 0000000180018e80 f i CctCharacterController.obj
 0001:00017ec0       ?destroy@?$Array@UPxExtendedCapsule@physx@@VNamedAllocator@shdfnd@2@@shdfnd@physx@@KAXPEAUPxExtendedCapsule@3@0@Z 0000000180018ec0 f i CctCharacterController.obj
 0001:00017f00       ?destroy@?$Array@VPxExtendedBox@physx@@VNamedAllocator@shdfnd@2@@shdfnd@physx@@KAXPEAVPxExtendedBox@3@0@Z 0000000180018f00 f i CctCharacterController.obj
 0001:00017f50       ?destroy@?$Array@VPxTriangle@physx@@VNamedAllocator@shdfnd@2@@shdfnd@physx@@KAXPEAVPxTriangle@3@0@Z 0000000180018f50 f i CctCharacterController.obj
 0001:00017fa0       ?dot@PxExtendedVec3@physx@@QEBANAEBVPxVec3@2@@Z 0000000180018fa0 f i CctCharacterController.obj
 0001:00018020       ?dot@PxVec3@physx@@QEBAMAEBV12@@Z 0000000180019020 f i CctCharacterController.obj
 0001:00018080       ?encodeUserObject@Cct@physx@@YAIIW4UserObjectType@12@@Z 0000000180019080 f i CctCharacterController.obj
 0001:00018170       ?end@?$Array@IVNamedAllocator@shdfnd@physx@@@shdfnd@physx@@QEAAPEAIXZ 0000000180019170 f i CctCharacterController.obj
 0001:00018190       ?end@?$Array@IVNamedAllocator@shdfnd@physx@@@shdfnd@physx@@QEBAPEBIXZ 0000000180019190 f i CctCharacterController.obj
 0001:000181b0       ?equal@?$Hash@PEAVPxShape@physx@@@shdfnd@physx@@QEBA_NAEBQEAVPxShape@3@0@Z 00000001800191b0 f i CctCharacterController.obj
 0001:00018200       ?finalizeQuery@?$PxHitCallback@UPxRaycastHit@physx@@@physx@@UEAAXXZ 0000000180019200 f i CctCharacterController.obj
 0001:00018210       ?find@?$HashBase@PEAVPxShape@physx@@PEAV12@U?$Hash@PEAVPxShape@physx@@@shdfnd@2@UGetKey@?$HashSetBase@PEAVPxShape@physx@@U?$Hash@PEAVPxShape@physx@@@shdfnd@2@VNonTrackingAllocator@42@$0A@@internal@42@VNonTrackingAllocator@42@$0A@@internal@shdfnd@physx@@QEBAPEBQEAVPxShape@4@AEBQEAV54@@Z 0000000180019210 f i CctCharacterController.obj
 0001:00018310       ?forceSize_Unsafe@?$Array@IVNamedAllocator@shdfnd@physx@@@shdfnd@physx@@QEAAXI@Z 0000000180019310 f i CctCharacterController.obj
 0001:000183a0       ?forceSize_Unsafe@?$Array@VPxTriangle@physx@@VNamedAllocator@shdfnd@2@@shdfnd@physx@@QEAAXI@Z 00000001800193a0 f i CctCharacterController.obj
 0001:00018430       ?forceSize_Unsafe@TriArray@Cct@physx@@QEAAXI@Z 0000000180019430 f i CctCharacterController.obj
 0001:00018460       ?get@?$TouchedObject@VPxRigidActor@physx@@@Cct@physx@@QEBAPEBVPxRigidActor@3@XZ 0000000180019460 f i CctCharacterController.obj
 0001:00018480       ?get@?$TouchedObject@VPxShape@physx@@@Cct@physx@@QEBAPEBVPxShape@3@XZ 0000000180019480 f i CctCharacterController.obj
 0001:000184a0       ?getAnyHit@?$PxHitBuffer@UPxRaycastHit@physx@@@physx@@QEBAAEBUPxRaycastHit@2@I@Z 00000001800194a0 f i CctCharacterController.obj
 0001:00018590       ?getBasisVector0@PxQuat@physx@@QEBA?AVPxVec3@2@XZ 0000000180019590 f i CctCharacterController.obj
 0001:000186b0       ?getCenter@PxBounds3@physx@@QEBA?AVPxVec3@2@XZ 00000001800196b0 f i CctCharacterController.obj
 0001:00018780       ?getConcreteType@PxBase@physx@@QEBAGXZ 0000000180019780 f i CctCharacterController.obj
 0001:000187a0       ?getContextId@Controller@Cct@physx@@QEBA_KXZ 00000001800197a0 f i CctCharacterController.obj
 0001:000187c0       ?getDimensions@PxBounds3@physx@@QEBA?AVPxVec3@2@XZ 00000001800197c0 f i CctCharacterController.obj
 0001:00018870       ?getExtents@PxBounds3@physx@@QEBA?AVPxVec3@2@XZ 0000000180019870 f i CctCharacterController.obj
 0001:00018930       ?getGlobalPose@PxShapeExt@physx@@SA?AVPxTransform@2@AEBVPxShape@2@AEBVPxRigidActor@2@@Z 0000000180019930 f i CctCharacterController.obj
 0001:000189e0       ?getNbTouches@?$PxHitBuffer@UPxRaycastHit@physx@@@physx@@QEBAIXZ 00000001800199e0 f i CctCharacterController.obj
 0001:00018a00       ?getNormalized@PxVec3@physx@@QEBA?AV12@XZ 0000000180019a00 f i CctCharacterController.obj
 0001:00018ab0       ?getShapeGlobalPose@physx@@YA?AVPxTransform@1@AEBVPxShape@1@AEBVPxRigidActor@1@@Z 0000000180019ab0 f i CctCharacterController.obj
 0001:00018af0       ?getTouches@?$PxHitBuffer@UPxRaycastHit@physx@@@physx@@QEBAPEBUPxRaycastHit@2@XZ 0000000180019af0 f i CctCharacterController.obj
 0001:00018b10       ?getTriangle@TriArray@Cct@physx@@QEBAAEBVPxTriangle@3@I@Z 0000000180019b10 f i CctCharacterController.obj
 0001:00018b40       ?getType@SweptVolume@Cct@physx@@QEBA?AW4Enum@SweptVolumeType@23@XZ 0000000180019b40 f i CctCharacterController.obj
 0001:00018b60       ?grow@?$Array@IVNamedAllocator@shdfnd@physx@@@shdfnd@physx@@IEAAXI@Z 0000000180019b60 f i CctCharacterController.obj
 0001:00018c00       ?growAndPushBack@?$Array@PEBXVNamedAllocator@shdfnd@physx@@@shdfnd@physx@@IEAAAEAPEBXAEBQEBX@Z 0000000180019c00 f i CctCharacterController.obj
 0001:00018de0       ?growAndPushBack@?$Array@UPxExtendedCapsule@physx@@VNamedAllocator@shdfnd@2@@shdfnd@physx@@IEAAAEAUPxExtendedCapsule@3@AEBU43@@Z 0000000180019de0 f i CctCharacterController.obj
 0001:00019020       ?growAndPushBack@?$Array@VPxExtendedBox@physx@@VNamedAllocator@shdfnd@2@@shdfnd@physx@@IEAAAEAVPxExtendedBox@3@AEBV43@@Z 000000018001a020 f i CctCharacterController.obj
 0001:00019210       ?hash@?$HashBase@PEAVPxShape@physx@@PEAV12@U?$Hash@PEAVPxShape@physx@@@shdfnd@2@UGetKey@?$HashSetBase@PEAVPxShape@physx@@U?$Hash@PEAVPxShape@physx@@@shdfnd@2@VNonTrackingAllocator@42@$0A@@internal@42@VNonTrackingAllocator@42@$0A@@internal@shdfnd@physx@@AEBAIAEBQEAVPxShape@4@@Z 000000018001a210 f i CctCharacterController.obj
 0001:00019250       ?hash@?$HashBase@PEAVPxShape@physx@@PEAV12@U?$Hash@PEAVPxShape@physx@@@shdfnd@2@UGetKey@?$HashSetBase@PEAVPxShape@physx@@U?$Hash@PEAVPxShape@physx@@@shdfnd@2@VNonTrackingAllocator@42@$0A@@internal@42@VNonTrackingAllocator@42@$0A@@internal@shdfnd@physx@@AEBAIAEBQEAVPxShape@4@I@Z 000000018001a250 f i CctCharacterController.obj
 0001:00019290       ?hash@shdfnd@physx@@YAIPEBX@Z 000000018001a290 f i CctCharacterController.obj
 0001:000192b0       ?hash@shdfnd@physx@@YAI_K@Z 000000018001a2b0 f i CctCharacterController.obj
 0001:000193c0       ?intersectOBBAABB@Gu@physx@@YA_NAEBVBox@12@AEBVPxBounds3@2@@Z 000000018001a3c0 f i CctCharacterController.obj
 0001:00019480       ?isAlmostZero@shdfnd@physx@@YA_NAEBVPxVec3@2@@Z 000000018001a480 f i CctCharacterController.obj
 0001:00019500       ?isFinite@PxBounds3@physx@@QEBA_NXZ 000000018001a500 f i CctCharacterController.obj
 0001:00019570       ?isFinite@PxQuat@physx@@QEBA_NXZ 000000018001a570 f i CctCharacterController.obj
 0001:00019610       ?isFinite@PxTransform@physx@@QEBA_NXZ 000000018001a610 f i CctCharacterController.obj
 0001:00019680       ?isFinite@PxVec3@physx@@QEBA_NXZ 000000018001a680 f i CctCharacterController.obj
 0001:00019700       ?isFinite@intrinsics@physx@@YA_NM@Z 000000018001a700 f i CctCharacterController.obj
 0001:00019750       ?isInUserMemory@?$Array@IVNamedAllocator@shdfnd@physx@@@shdfnd@physx@@QEBAIXZ 000000018001a750 f i CctCharacterController.obj
 0001:00019770       ?isInUserMemory@?$Array@PEBXVNamedAllocator@shdfnd@physx@@@shdfnd@physx@@QEBAIXZ 000000018001a770 f i CctCharacterController.obj
 0001:00019790       ?isInUserMemory@?$Array@UPxExtendedCapsule@physx@@VNamedAllocator@shdfnd@2@@shdfnd@physx@@QEBAIXZ 000000018001a790 f i CctCharacterController.obj
 0001:000197b0       ?isInUserMemory@?$Array@VPxExtendedBox@physx@@VNamedAllocator@shdfnd@2@@shdfnd@physx@@QEBAIXZ 000000018001a7b0 f i CctCharacterController.obj
 0001:000197d0       ?isInUserMemory@?$Array@VPxTriangle@physx@@VNamedAllocator@shdfnd@2@@shdfnd@physx@@QEBAIXZ 000000018001a7d0 f i CctCharacterController.obj
 0001:000197f0       ?isInside@PxExtendedBounds3@physx@@QEBA_NAEBU12@@Z 000000018001a7f0 f i CctCharacterController.obj
 0001:000198d0       ?isSane@PxQuat@physx@@QEBA_NXZ 000000018001a8d0 f i CctCharacterController.obj
 0001:00019950       ?isSane@PxTransform@physx@@QEBA_NXZ 000000018001a950 f i CctCharacterController.obj
 0001:000199b0       ?isValid@PxBounds3@physx@@QEBA_NXZ 000000018001a9b0 f i CctCharacterController.obj
 0001:00019ae0       ?isZero@PxVec3@physx@@QEBA_NXZ 000000018001aae0 f i CctCharacterController.obj
 0001:00019b40       ?magnitude@PxQuat@physx@@QEBAMXZ 000000018001ab40 f i CctCharacterController.obj
 0001:00019b70       ?magnitude@PxVec3@physx@@QEBAMXZ 000000018001ab70 f i CctCharacterController.obj
 0001:00019ba0       ?magnitudeSquared@PxQuat@physx@@QEBAMXZ 000000018001aba0 f i CctCharacterController.obj
 0001:00019c20       ?magnitudeSquared@PxVec3@physx@@QEBAMXZ 000000018001ac20 f i CctCharacterController.obj
 0001:00019c80       ?maximum@PxExtendedVec3@physx@@QEAAXAEBU12@@Z 000000018001ac80 f i CctCharacterController.obj
 0001:00019d30       ?minimum@PxExtendedVec3@physx@@QEAAXAEBU12@@Z 000000018001ad30 f i CctCharacterController.obj
 0001:00019de0       ?normal@PxTriangle@physx@@QEBAXAEAVPxVec3@2@@Z 000000018001ade0 f i CctCharacterController.obj
 0001:00019ed0       ?normalize@PxVec3@physx@@QEAAMXZ 000000018001aed0 f i CctCharacterController.obj
 0001:00019f30       ?postFilter@ControllerFilter@@UEAA?AW4Enum@PxQueryHitType@physx@@AEBUPxFilterData@4@AEBUPxQueryHit@4@@Z 000000018001af30 f i CctCharacterController.obj
 0001:0001a030       ?preFilter@ControllerFilter@@UEAA?AW4Enum@PxQueryHitType@physx@@AEBUPxFilterData@4@PEBVPxShape@4@PEBVPxRigidActor@4@AEAV?$PxFlags@W4Enum@PxHitFlag@physx@@G@4@@Z 000000018001b030 f i CctCharacterController.obj
 0001:0001a170       ?processTouches@?$PxHitBuffer@UPxRaycastHit@physx@@@physx@@MEAA_NPEBUPxRaycastHit@2@I@Z 000000018001b170 f i CctCharacterController.obj
 0001:0001a1b0       ?pushBack@?$Array@PEBXVNamedAllocator@shdfnd@physx@@@shdfnd@physx@@QEAAAEAPEBXAEBQEBX@Z 000000018001b1b0 f i CctCharacterController.obj
 0001:0001a280       ?pushBack@?$Array@UPxExtendedCapsule@physx@@VNamedAllocator@shdfnd@2@@shdfnd@physx@@QEAAAEAUPxExtendedCapsule@3@AEBU43@@Z 000000018001b280 f i CctCharacterController.obj
 0001:0001a350       ?pushBack@?$Array@VPxExtendedBox@physx@@VNamedAllocator@shdfnd@2@@shdfnd@physx@@QEAAAEAVPxExtendedBox@3@AEBV43@@Z 000000018001b350 f i CctCharacterController.obj
 0001:0001a420       ?recipSqrt@intrinsics@physx@@YAMM@Z 000000018001b420 f i CctCharacterController.obj
 0001:0001a460       ?recreate@?$Array@IVNamedAllocator@shdfnd@physx@@@shdfnd@physx@@IEAAXI@Z 000000018001b460 f i CctCharacterController.obj
 0001:0001a5b0       ?reserve@?$Array@IVNamedAllocator@shdfnd@physx@@@shdfnd@physx@@QEAAXI@Z 000000018001b5b0 f i CctCharacterController.obj
 0001:0001a5f0       ?resetStats@SweepTest@Cct@physx@@QEAAXXZ 000000018001b5f0 f i CctCharacterController.obj
 0001:0001a640       ?rotate@PxQuat@physx@@QEBA?BVPxVec3@2@AEBV32@@Z 000000018001b640 f i CctCharacterController.obj
 0001:0001a890       ?rotateInv@PxQuat@physx@@QEBA?BVPxVec3@2@AEBV32@@Z 000000018001b890 f i CctCharacterController.obj
 0001:0001aae0       ?selectMax@intrinsics@physx@@YAMMM@Z 000000018001bae0 f i CctCharacterController.obj
 0001:0001ab30       ?selectMin@intrinsics@physx@@YAMMM@Z 000000018001bb30 f i CctCharacterController.obj
 0001:0001ab80       ?set@PxExtendedBounds3@physx@@QEAAXNNNNNN@Z 000000018001bb80 f i CctCharacterController.obj
 0001:0001ac00       ?set@PxExtendedVec3@physx@@QEAAXNNN@Z 000000018001bc00 f i CctCharacterController.obj
 0001:0001ac60       ?setEmpty@PxExtendedBounds3@physx@@QEAAXXZ 000000018001bc60 f i CctCharacterController.obj
 0001:0001acd0       ?setWorldPos@SweptContact@Cct@physx@@QEAAXAEBVPxVec3@3@AEBUPxExtendedVec3@3@@Z 000000018001bcd0 f i CctCharacterController.obj
 0001:0001ad50       ?size@?$Array@IVNamedAllocator@shdfnd@physx@@@shdfnd@physx@@QEBAIXZ 000000018001bd50 f i CctCharacterController.obj
 0001:0001ad70       ?size@?$Array@PEBXVNamedAllocator@shdfnd@physx@@@shdfnd@physx@@QEBAIXZ 000000018001bd70 f i CctCharacterController.obj
 0001:0001ad90       ?size@?$Array@UInternalBoxObstacle@ObstacleContext@Cct@physx@@VNamedAllocator@shdfnd@4@@shdfnd@physx@@QEBAIXZ 000000018001bd90 f i CctCharacterController.obj
 0001:0001adb0       ?size@?$Array@UInternalCapsuleObstacle@ObstacleContext@Cct@physx@@VNamedAllocator@shdfnd@4@@shdfnd@physx@@QEBAIXZ 000000018001bdb0 f i CctCharacterController.obj
 0001:0001add0       ?size@?$Array@UPxExtendedCapsule@physx@@VNamedAllocator@shdfnd@2@@shdfnd@physx@@QEBAIXZ 000000018001bdd0 f i CctCharacterController.obj
 0001:0001adf0       ?size@?$Array@VPxExtendedBox@physx@@VNamedAllocator@shdfnd@2@@shdfnd@physx@@QEBAIXZ 000000018001bdf0 f i CctCharacterController.obj
 0001:0001ae10       ?size@?$Array@VPxTriangle@physx@@VNamedAllocator@shdfnd@2@@shdfnd@physx@@QEBAIXZ 000000018001be10 f i CctCharacterController.obj
 0001:0001ae30       ?size@TriArray@Cct@physx@@QEBAIXZ 000000018001be30 f i CctCharacterController.obj
 0001:0001ae50       ?sqrt@intrinsics@physx@@YAMM@Z 000000018001be50 f i CctCharacterController.obj
 0001:0001ae80       ?testSlope@physx@@YA_NAEBVPxVec3@1@0M@Z 000000018001be80 f i CctCharacterController.obj
 0001:0001af00       ?toVec3@physx@@YA?AVPxVec3@1@AEBUPxExtendedVec3@1@@Z 000000018001bf00 f i CctCharacterController.obj
 0001:0001af70       ?transform@PxTransform@physx@@QEBA?AV12@AEBV12@@Z 000000018001bf70 f i CctCharacterController.obj
 0001:0001b140       ?transform@PxTransform@physx@@QEBA?AVPxVec3@2@AEBV32@@Z 000000018001c140 f i CctCharacterController.obj
 0001:0001b220       ?transformInv@PxTransform@physx@@QEBA?AVPxVec3@2@AEBV32@@Z 000000018001c220 f i CctCharacterController.obj
 0001:0001b2f0       fabsf                      000000018001c2f0 f i CctCharacterController.obj
 0001:0001b3a0       ?getSceneTimestamp@Cct@physx@@YAIPEBUInternalCBData_FindTouchedGeom@12@@Z 000000018001c3a0 f   CctCharacterControllerCallbacks.obj
 0001:0001b430       ?findTouchedGeometry@Cct@physx@@YAXPEBUInternalCBData_FindTouchedGeom@12@AEBUPxExtendedBounds3@2@AEAVTriArray@12@AEAV?$Array@IVNamedAllocator@shdfnd@physx@@@shdfnd@2@3AEBVCCTFilter@12@AEBUCCTParams@12@AEAG@Z 000000018001c430 f   CctCharacterControllerCallbacks.obj
 0001:0001bc20       ?shapeHitCallback@Cct@physx@@YAIPEBUInternalCBData_OnHit@12@AEBUSweptContact@12@AEBVPxVec3@2@M@Z 000000018001cc20 f   CctCharacterControllerCallbacks.obj
 0001:0001bd50       ?userHitCallback@Cct@physx@@YAIPEBUInternalCBData_OnHit@12@AEBUSweptContact@12@AEBVPxVec3@2@M@Z 000000018001cd50 f   CctCharacterControllerCallbacks.obj
 0001:000214c0       ??$PX_UNUSED@PEBUPxOverlapHit@physx@@@@YAXAEBQEBUPxOverlapHit@physx@@@Z 00000001800224c0 f i CctCharacterControllerCallbacks.obj
 0001:000214d0       ??0?$PxFlags@W4Enum@PxConvexMeshGeometryFlag@physx@@E@physx@@QEAA@XZ 00000001800224d0 f i CctCharacterControllerCallbacks.obj
 0001:000214f0       ??0?$PxFlags@W4Enum@PxMeshGeometryFlag@physx@@E@physx@@QEAA@E@Z 00000001800224f0 f i CctCharacterControllerCallbacks.obj
 0001:00021520       ??0?$PxFlags@W4Enum@PxMeshGeometryFlag@physx@@E@physx@@QEAA@XZ 0000000180022520 f i CctCharacterControllerCallbacks.obj
 0001:00021540       ??0?$PxHitBuffer@UPxOverlapHit@physx@@@physx@@QEAA@PEAUPxOverlapHit@1@I@Z 0000000180022540 f i CctCharacterControllerCallbacks.obj
 0001:00021590       ??0?$PxHitCallback@UPxOverlapHit@physx@@@physx@@QEAA@PEAUPxOverlapHit@1@I@Z 0000000180022590 f i CctCharacterControllerCallbacks.obj
 0001:00021620       ??0?$PxPadding@$02@physx@@QEAA@XZ 0000000180022620 f i CctCharacterControllerCallbacks.obj
 0001:00021670       ??0PxControllerHit@physx@@QEAA@XZ 0000000180022670 f i CctCharacterControllerCallbacks.obj
 0001:000216d0       ??0PxControllerObstacleHit@physx@@QEAA@XZ 00000001800226d0 f i CctCharacterControllerCallbacks.obj
 0001:00021700       ??0PxControllerShapeHit@physx@@QEAA@XZ 0000000180022700 f i CctCharacterControllerCallbacks.obj
 0001:00021730       ??0PxControllersHit@physx@@QEAA@XZ 0000000180022730 f i CctCharacterControllerCallbacks.obj
 0001:00021760       ??0PxConvexMeshGeometry@physx@@QEAA@XZ 0000000180022760 f i CctCharacterControllerCallbacks.obj
 0001:00021800       ??0PxExtendedSphere@physx@@QEAA@XZ 0000000180022800 f i CctCharacterControllerCallbacks.obj
 0001:00021830       ??0PxHeightFieldGeometry@physx@@QEAA@XZ 0000000180022830 f i CctCharacterControllerCallbacks.obj
 0001:000218e0       ??0PxMat33@physx@@QEAA@AEBVPxVec3@1@00@Z 00000001800228e0 f i CctCharacterControllerCallbacks.obj
 0001:00021960       ??0PxMeshScale@physx@@QEAA@M@Z 0000000180022960 f i CctCharacterControllerCallbacks.obj
 0001:000219b0       ??0PxMeshScale@physx@@QEAA@XZ 00000001800229b0 f i CctCharacterControllerCallbacks.obj
 0001:00021a00       ??0PxOverlapHit@physx@@QEAA@XZ 0000000180022a00 f i CctCharacterControllerCallbacks.obj
 0001:00021a30       ??0PxPlane@physx@@QEAA@AEBVPxVec3@1@M@Z 0000000180022a30 f i CctCharacterControllerCallbacks.obj
 0001:00021a80       ??0PxPlane@physx@@QEAA@MMMM@Z 0000000180022a80 f i CctCharacterControllerCallbacks.obj
 0001:00021af0       ??0PxQueryFilterData@physx@@QEAA@$$QEAU01@@Z 0000000180022af0 f i CctCharacterControllerCallbacks.obj
 0001:00021b60       ??0PxQueryFilterData@physx@@QEAA@V?$PxFlags@W4Enum@PxQueryFlag@physx@@G@1@@Z 0000000180022b60 f i CctCharacterControllerCallbacks.obj
 0001:00021bc0       ??0PxTransform@physx@@QEAA@AEBVPxVec3@1@@Z 0000000180022bc0 f i CctCharacterControllerCallbacks.obj
 0001:00021c10       ??0PxTriangle@physx@@QEAA@AEBV01@@Z 0000000180022c10 f i CctCharacterControllerCallbacks.obj
 0001:00021d10       ??0PxTriangle@physx@@QEAA@AEBVPxVec3@1@00@Z 0000000180022d10 f i CctCharacterControllerCallbacks.obj
 0001:00021de0       ??0PxTriangle@physx@@QEAA@XZ 0000000180022de0 f i CctCharacterControllerCallbacks.obj
 0001:00021e20       ??0PxTriangleMeshGeometry@physx@@QEAA@XZ 0000000180022e20 f i CctCharacterControllerCallbacks.obj
 0001:00021ea0       ??0PxVec4@physx@@QEAA@MMMM@Z 0000000180022ea0 f i CctCharacterControllerCallbacks.obj
 0001:00021f20       ??0TessParams@@QEAA@XZ     0000000180022f20 f i CctCharacterControllerCallbacks.obj
 0001:00021f70       ??0TrianglePadded@Gu@physx@@QEAA@XZ 0000000180022f70 f i CctCharacterControllerCallbacks.obj
 0001:00021fa0       ??0Vec3p@Gu@physx@@QEAA@AEBVPxVec3@2@@Z 0000000180022fa0 f i CctCharacterControllerCallbacks.obj
 0001:00021fd0       ??1?$PxHitBuffer@UPxOverlapHit@physx@@@physx@@UEAA@XZ 0000000180022fd0 f i CctCharacterControllerCallbacks.obj
 0001:00022000       ??1?$PxHitCallback@UPxOverlapHit@physx@@@physx@@UEAA@XZ 0000000180023000 f i CctCharacterControllerCallbacks.obj
 0001:00022020       ??1PxExtendedSphere@physx@@QEAA@XZ 0000000180023020 f i CctCharacterControllerCallbacks.obj
 0001:00022030       ??1TrianglePadded@Gu@physx@@QEAA@XZ 0000000180023030 f i CctCharacterControllerCallbacks.obj
 0001:00022050       ??1Vec3p@Gu@physx@@QEAA@XZ 0000000180023050 f i CctCharacterControllerCallbacks.obj
 0001:00022060       ??APxVec3@physx@@QEBAAEBMI@Z 0000000180023060 f i CctCharacterControllerCallbacks.obj
 0001:000220f0       ??DPxMat33@physx@@QEBA?BV01@AEBV01@@Z 00000001800230f0 f i CctCharacterControllerCallbacks.obj
 0001:000221b0       ??DPxVec4@physx@@QEBA?AV01@M@Z 00000001800231b0 f i CctCharacterControllerCallbacks.obj
 0001:00022250       ??HPxVec4@physx@@QEBA?AV01@AEBV01@@Z 0000000180023250 f i CctCharacterControllerCallbacks.obj
 0001:00022300       ??_G?$PxHitBuffer@UPxOverlapHit@physx@@@physx@@UEAAPEAXI@Z 0000000180023300 f i CctCharacterControllerCallbacks.obj
 0001:00022300       ??_E?$PxHitBuffer@UPxOverlapHit@physx@@@physx@@UEAAPEAXI@Z 0000000180023300 f i CctCharacterControllerCallbacks.obj
 0001:00022350       ??_G?$PxHitCallback@UPxOverlapHit@physx@@@physx@@UEAAPEAXI@Z 0000000180023350 f i CctCharacterControllerCallbacks.obj
 0001:00022350       ??_E?$PxHitCallback@UPxOverlapHit@physx@@@physx@@UEAAPEAXI@Z 0000000180023350 f i CctCharacterControllerCallbacks.obj
 0001:000223a0       ?FLoad@aos@shdfnd@physx@@YA?AT__m128@@M@Z 00000001800233a0 f i CctCharacterControllerCallbacks.obj
 0001:000223d0       ?PxPlaneEquationFromTransform@physx@@YA?AVPxPlane@1@AEBVPxTransform@1@@Z 00000001800233d0 f i CctCharacterControllerCallbacks.obj
 0001:00022430       ?V3Load@aos@shdfnd@physx@@YA?AT__m128@@M@Z 0000000180023430 f i CctCharacterControllerCallbacks.obj
 0001:00022480       ?V4Load@aos@shdfnd@physx@@YA?AT__m128@@M@Z 0000000180023480 f i CctCharacterControllerCallbacks.obj
 0001:000224b0       ?allocate@?$Array@VPxTriangle@physx@@VNamedAllocator@shdfnd@2@@shdfnd@physx@@IEAAPEAVPxTriangle@3@I@Z 00000001800234b0 f i CctCharacterControllerCallbacks.obj
 0001:00022560       ?begin@?$Array@VPxTriangle@physx@@VNamedAllocator@shdfnd@2@@shdfnd@physx@@QEBAPEBVPxTriangle@3@XZ 0000000180023560 f i CctCharacterControllerCallbacks.obj
 0001:00022580       ?begin@TriArray@Cct@physx@@QEBAPEBVPxTriangle@3@XZ 0000000180023580 f i CctCharacterControllerCallbacks.obj
 0001:000225a0       ?capacityIncrement@?$Array@IVNamedAllocator@shdfnd@physx@@@shdfnd@physx@@IEBAIXZ 00000001800235a0 f i CctCharacterControllerCallbacks.obj
 0001:000225f0       ?centerExtents@PxBounds3@physx@@SA?AV12@AEBVPxVec3@2@0@Z 00000001800235f0 f i CctCharacterControllerCallbacks.obj
 0001:00022670       ?computeBasis@shdfnd@physx@@YAXAEBVPxVec3@2@AEAV32@1@Z 0000000180023670 f i CctCharacterControllerCallbacks.obj
 0001:00022840       ?copy@?$Array@VPxTriangle@physx@@VNamedAllocator@shdfnd@2@@shdfnd@physx@@KAXPEAVPxTriangle@3@0PEBV43@@Z 0000000180023840 f i CctCharacterControllerCallbacks.obj
 0001:000228e0       ?decodeIndex@Cct@physx@@YAII@Z 00000001800238e0 f i CctCharacterControllerCallbacks.obj
 0001:000228f0       ?decodeType@Cct@physx@@YA?AW4UserObjectType@12@I@Z 00000001800238f0 f i CctCharacterControllerCallbacks.obj
 0001:00022910       ?distance@PxPlane@physx@@QEBAMAEBVPxVec3@2@@Z 0000000180023910 f i CctCharacterControllerCallbacks.obj
 0001:00022950       ?end@?$Array@VPxTriangle@physx@@VNamedAllocator@shdfnd@2@@shdfnd@physx@@QEAAPEAVPxTriangle@3@XZ 0000000180023950 f i CctCharacterControllerCallbacks.obj
 0001:00022970       ?finalizeQuery@?$PxHitCallback@UPxOverlapHit@physx@@@physx@@UEAAXXZ 0000000180023970 f i CctCharacterControllerCallbacks.obj
 0001:00022980       ?getAnyHit@?$PxHitBuffer@UPxOverlapHit@physx@@@physx@@QEBAAEBUPxOverlapHit@2@I@Z 0000000180023980 f i CctCharacterControllerCallbacks.obj
 0001:00022a70       ?getCctManager@Controller@Cct@physx@@QEAAPEAVCharacterControllerManager@23@XZ 0000000180023a70 f i CctCharacterControllerCallbacks.obj
 0001:00022a90       ?getNbAnyHits@?$PxHitBuffer@UPxOverlapHit@physx@@@physx@@QEBAIXZ 0000000180023a90 f i CctCharacterControllerCallbacks.obj
 0001:00022ac0       ?getNbTouches@?$PxHitBuffer@UPxOverlapHit@physx@@@physx@@QEBAIXZ 0000000180023ac0 f i CctCharacterControllerCallbacks.obj
 0001:00022ae0       ?getPosition@PxMat44@physx@@QEBA?BVPxVec3@2@XZ 0000000180023ae0 f i CctCharacterControllerCallbacks.obj
 0001:00022b20       ?getResults@PxMeshOverlapUtil@physx@@QEBAPEBIXZ 0000000180023b20 f i CctCharacterControllerCallbacks.obj
 0001:00022b40       ?getTouches@?$PxHitBuffer@UPxOverlapHit@physx@@@physx@@QEBAPEBUPxOverlapHit@2@XZ 0000000180023b40 f i CctCharacterControllerCallbacks.obj
 0001:00022b60       ?getTranspose@PxMat33@physx@@QEBA?BV12@XZ 0000000180023b60 f i CctCharacterControllerCallbacks.obj
 0001:00022c40       ?getXYZ@PxVec4@physx@@QEBA?AVPxVec3@2@XZ 0000000180023c40 f i CctCharacterControllerCallbacks.obj
 0001:00022c90       ?grow@?$Array@VPxTriangle@physx@@VNamedAllocator@shdfnd@2@@shdfnd@physx@@IEAAXI@Z 0000000180023c90 f i CctCharacterControllerCallbacks.obj
 0001:00022d30       ?growAndPushBack@?$Array@IVNamedAllocator@shdfnd@physx@@@shdfnd@physx@@IEAAAEAIAEBI@Z 0000000180023d30 f i CctCharacterControllerCallbacks.obj
 0001:00022f10       ?processTouches@?$PxHitBuffer@UPxOverlapHit@physx@@@physx@@MEAA_NPEBUPxOverlapHit@2@I@Z 0000000180023f10 f i CctCharacterControllerCallbacks.obj
 0001:00022f50       ?project@PxPlane@physx@@QEBA?AVPxVec3@2@AEBV32@@Z 0000000180023f50 f i CctCharacterControllerCallbacks.obj
 0001:00022fc0       ?pushBack@?$Array@IVNamedAllocator@shdfnd@physx@@@shdfnd@physx@@QEAAAEAIAEBI@Z 0000000180023fc0 f i CctCharacterControllerCallbacks.obj
 0001:00023090       ?pushBack@TriArray@Cct@physx@@QEAAXAEBVPxTriangle@3@@Z 0000000180024090 f i CctCharacterControllerCallbacks.obj
 0001:00023180       ?recreate@?$Array@VPxTriangle@physx@@VNamedAllocator@shdfnd@2@@shdfnd@physx@@IEAAXI@Z 0000000180024180 f i CctCharacterControllerCallbacks.obj
 0001:000232e0       ?reserve@?$Array@VPxTriangle@physx@@VNamedAllocator@shdfnd@2@@shdfnd@physx@@QEAAXI@Z 00000001800242e0 f i CctCharacterControllerCallbacks.obj
 0001:00023320       ?reserve@TriArray@Cct@physx@@QEAAPEAVPxTriangle@3@I@Z 0000000180024320 f i CctCharacterControllerCallbacks.obj
 0001:00023400       ?rotate@PxMat44@physx@@QEBA?BVPxVec3@2@AEBV32@@Z 0000000180024400 f i CctCharacterControllerCallbacks.obj
 0001:00023470       ?rotate@PxMat44@physx@@QEBA?BVPxVec4@2@AEBV32@@Z 0000000180024470 f i CctCharacterControllerCallbacks.obj
 0001:00023560       ?rotate@PxTransform@physx@@QEBA?AVPxVec3@2@AEBV32@@Z 0000000180024560 f i CctCharacterControllerCallbacks.obj
 0001:00023610       ?toMat33@PxMeshScale@physx@@QEBA?AVPxMat33@2@XZ 0000000180024610 f i CctCharacterControllerCallbacks.obj
 0001:00023700       ?transform@PxMat33@physx@@QEBA?BVPxVec3@2@AEBV32@@Z 0000000180024700 f i CctCharacterControllerCallbacks.obj
 0001:000237e0       ?transform@PxTransform@physx@@QEBA?AVPxPlane@2@AEBV32@@Z 00000001800247e0 f i CctCharacterControllerCallbacks.obj
 0001:000238f0       PxCreateControllerManager  00000001800248f0 f   CctCharacterControllerManager.obj
 0001:00023980       ??0CharacterControllerManager@Cct@physx@@QEAA@AEAVPxScene@2@_N@Z 0000000180024980 f   CctCharacterControllerManager.obj
 0001:00023c00       ??1CharacterControllerManager@Cct@physx@@UEAA@XZ 0000000180024c00 f   CctCharacterControllerManager.obj
 0001:00023d50       ?release@CharacterControllerManager@Cct@physx@@UEAAXXZ 0000000180024d50 f   CctCharacterControllerManager.obj
 0001:00023e70       ?getScene@CharacterControllerManager@Cct@physx@@UEBAAEAVPxScene@3@XZ 0000000180024e70 f   CctCharacterControllerManager.obj
 0001:00023e90       ?getNbControllers@CharacterControllerManager@Cct@physx@@UEBAIXZ 0000000180024e90 f   CctCharacterControllerManager.obj
 0001:00023ec0       ?getController@CharacterControllerManager@Cct@physx@@UEAAPEAVPxController@3@I@Z 0000000180024ec0 f   CctCharacterControllerManager.obj
 0001:00023fb0       ?createController@CharacterControllerManager@Cct@physx@@UEAAPEAVPxController@3@AEBVPxControllerDesc@3@@Z 0000000180024fb0 f   CctCharacterControllerManager.obj
 0001:00024340       ?purgeControllers@CharacterControllerManager@Cct@physx@@UEAAXXZ 0000000180025340 f   CctCharacterControllerManager.obj
 0001:000243b0       ?getRenderBuffer@CharacterControllerManager@Cct@physx@@UEAAAEAVPxRenderBuffer@3@XZ 00000001800253b0 f   CctCharacterControllerManager.obj
 0001:00024440       ?setDebugRenderingFlags@CharacterControllerManager@Cct@physx@@UEAAXV?$PxFlags@W4Enum@PxControllerDebugRenderFlag@physx@@I@3@@Z 0000000180025440 f   CctCharacterControllerManager.obj
 0001:000244e0       ?getNbObstacleContexts@CharacterControllerManager@Cct@physx@@UEBAIXZ 00000001800254e0 f   CctCharacterControllerManager.obj
 0001:00024510       ?getObstacleContext@CharacterControllerManager@Cct@physx@@UEAAPEAVPxObstacleContext@3@I@Z 0000000180025510 f   CctCharacterControllerManager.obj
 0001:000245f0       ?createObstacleContext@CharacterControllerManager@Cct@physx@@UEAAPEAVPxObstacleContext@3@XZ 00000001800255f0 f   CctCharacterControllerManager.obj
 0001:00024690       ?computeInteractions@CharacterControllerManager@Cct@physx@@UEAAXMPEAVPxControllerFilterCallback@3@@Z 0000000180025690 f   CctCharacterControllerManager.obj
 0001:00024a20       ?setTessellation@CharacterControllerManager@Cct@physx@@UEAAX_NM@Z 0000000180025a20 f   CctCharacterControllerManager.obj
 0001:00024a60       ?setOverlapRecoveryModule@CharacterControllerManager@Cct@physx@@UEAAX_N@Z 0000000180025a60 f   CctCharacterControllerManager.obj
 0001:00024a80       ?setPreciseSweeps@CharacterControllerManager@Cct@physx@@UEAAX_N@Z 0000000180025a80 f   CctCharacterControllerManager.obj
 0001:00024aa0       ?setPreventVerticalSlidingAgainstCeiling@CharacterControllerManager@Cct@physx@@UEAAX_N@Z 0000000180025aa0 f   CctCharacterControllerManager.obj
 0001:00024ac0       ?shiftOrigin@CharacterControllerManager@Cct@physx@@UEAAXAEBVPxVec3@3@@Z 0000000180025ac0 f   CctCharacterControllerManager.obj
 0001:00024c60       ?onRelease@CharacterControllerManager@Cct@physx@@UEAAXPEBVPxBase@3@PEAXW4Enum@PxDeletionEventFlag@3@@Z 0000000180025c60 f   CctCharacterControllerManager.obj
 0001:00024e30       ?registerObservedObject@CharacterControllerManager@Cct@physx@@QEAAXPEBVPxBase@3@@Z 0000000180025e30 f   CctCharacterControllerManager.obj
 0001:00024ec0       ?unregisterObservedObject@CharacterControllerManager@Cct@physx@@QEAAXPEBVPxBase@3@@Z 0000000180025ec0 f   CctCharacterControllerManager.obj
 0001:00024fc0       ?onObstacleRemoved@CharacterControllerManager@Cct@physx@@QEBAXI@Z 0000000180025fc0 f   CctCharacterControllerManager.obj
 0001:00025030       ?onObstacleUpdated@CharacterControllerManager@Cct@physx@@QEBAXIPEBVPxObstacleContext@3@@Z 0000000180026030 f   CctCharacterControllerManager.obj
 0001:00025170       ?onObstacleAdded@CharacterControllerManager@Cct@physx@@QEBAXIPEBVPxObstacleContext@3@@Z 0000000180026170 f   CctCharacterControllerManager.obj
 0001:000252b0       ?releaseController@CharacterControllerManager@Cct@physx@@QEAAXAEAVPxController@3@@Z 00000001800262b0 f   CctCharacterControllerManager.obj
 0001:00025550       ?getControllers@CharacterControllerManager@Cct@physx@@QEAAPEAPEAVController@23@XZ 0000000180026550 f   CctCharacterControllerManager.obj
 0001:00025580       ?releaseObstacleContext@CharacterControllerManager@Cct@physx@@QEAAXAEAVObstacleContext@23@@Z 0000000180026580 f   CctCharacterControllerManager.obj
 0001:000256a0       ?resetObstaclesBuffers@CharacterControllerManager@Cct@physx@@QEAAXXZ 00000001800266a0 f   CctCharacterControllerManager.obj
 0001:00027540       ??$?2V?$ReflectionAllocator@VBoxController@Cct@physx@@@shdfnd@physx@@@UserAllocated@shdfnd@physx@@SAPEAX_KV?$ReflectionAllocator@VBoxController@Cct@physx@@@12@PEBDH@Z 0000000180028540 f i CctCharacterControllerManager.obj
 0001:00027590       ??$?2V?$ReflectionAllocator@VCapsuleController@Cct@physx@@@shdfnd@physx@@@UserAllocated@shdfnd@physx@@SAPEAX_KV?$ReflectionAllocator@VCapsuleController@Cct@physx@@@12@PEBDH@Z 0000000180028590 f i CctCharacterControllerManager.obj
 0001:000275e0       ??$?2V?$ReflectionAllocator@VCharacterControllerManager@Cct@physx@@@shdfnd@physx@@@UserAllocated@shdfnd@physx@@SAPEAX_KV?$ReflectionAllocator@VCharacterControllerManager@Cct@physx@@@12@PEBDH@Z 00000001800285e0 f i CctCharacterControllerManager.obj
 0001:00027630       ??$?2V?$ReflectionAllocator@VObstacleContext@Cct@physx@@@shdfnd@physx@@@UserAllocated@shdfnd@physx@@SAPEAX_KV?$ReflectionAllocator@VObstacleContext@Cct@physx@@@12@PEBDH@Z 0000000180028630 f i CctCharacterControllerManager.obj
 0001:00027680       ??$?2V?$ReflectionAllocator@VRenderBuffer@Cm@physx@@@shdfnd@physx@@@UserAllocated@shdfnd@physx@@SAPEAX_KV?$ReflectionAllocator@VRenderBuffer@Cm@physx@@@12@PEBDH@Z 0000000180028680 f i CctCharacterControllerManager.obj
 0001:000276d0       ??$PX_UNUSED@W4Enum@PxDeletionEventFlag@physx@@@@YAXAEBW4Enum@PxDeletionEventFlag@physx@@@Z 00000001800286d0 f i CctCharacterControllerManager.obj
 0001:000276e0       ??$append@UPxDebugLine@physx@@@RenderBuffer@Cm@physx@@AEAAXAEAV?$Array@UPxDebugLine@physx@@VNamedAllocator@shdfnd@2@@shdfnd@2@PEBUPxDebugLine@2@I@Z 00000001800286e0 f i CctCharacterControllerManager.obj
 0001:00027780       ??$append@UPxDebugPoint@physx@@@RenderBuffer@Cm@physx@@AEAAXAEAV?$Array@UPxDebugPoint@physx@@VNamedAllocator@shdfnd@2@@shdfnd@2@PEBUPxDebugPoint@2@I@Z 0000000180028780 f i CctCharacterControllerManager.obj
 0001:00027820       ??$append@UPxDebugText@physx@@@RenderBuffer@Cm@physx@@AEAAXAEAV?$Array@UPxDebugText@physx@@VNamedAllocator@shdfnd@2@@shdfnd@2@PEBUPxDebugText@2@I@Z 0000000180028820 f i CctCharacterControllerManager.obj
 0001:000278c0       ??$append@UPxDebugTriangle@physx@@@RenderBuffer@Cm@physx@@AEAAXAEAV?$Array@UPxDebugTriangle@physx@@VNamedAllocator@shdfnd@2@@shdfnd@2@PEBUPxDebugTriangle@2@I@Z 00000001800288c0 f i CctCharacterControllerManager.obj
 0001:00027960       ??$resetOrClear@V?$Array@PEBXVNamedAllocator@shdfnd@physx@@@shdfnd@physx@@@@YAXAEAV?$Array@PEBXVNamedAllocator@shdfnd@physx@@@shdfnd@physx@@@Z 0000000180028960 f i CctCharacterControllerManager.obj
 0001:000279e0       ??$resetOrClear@V?$Array@UPxExtendedCapsule@physx@@VNamedAllocator@shdfnd@2@@shdfnd@physx@@@@YAXAEAV?$Array@UPxExtendedCapsule@physx@@VNamedAllocator@shdfnd@2@@shdfnd@physx@@@Z 00000001800289e0 f i CctCharacterControllerManager.obj
 0001:00027a60       ??$resetOrClear@V?$Array@VPxExtendedBox@physx@@VNamedAllocator@shdfnd@2@@shdfnd@physx@@@@YAXAEAV?$Array@VPxExtendedBox@physx@@VNamedAllocator@shdfnd@2@@shdfnd@physx@@@Z 0000000180028a60 f i CctCharacterControllerManager.obj
 0001:00027ae0       ??$swap@PEAVController@Cct@physx@@@shdfnd@physx@@YAXAEAPEAVController@Cct@1@0@Z 0000000180028ae0 f i CctCharacterControllerManager.obj
 0001:00027b30       ??0?$Array@DVNamedAllocator@shdfnd@physx@@@shdfnd@physx@@QEAA@AEBVNamedAllocator@12@@Z 0000000180028b30 f i CctCharacterControllerManager.obj
 0001:00027b90       ??0?$Array@PEAVController@Cct@physx@@VNamedAllocator@shdfnd@3@@shdfnd@physx@@QEAA@AEBVNamedAllocator@12@@Z 0000000180028b90 f i CctCharacterControllerManager.obj
 0001:00027bf0       ??0?$Array@PEAVObstacleContext@Cct@physx@@VNamedAllocator@shdfnd@3@@shdfnd@physx@@QEAA@AEBVNamedAllocator@12@@Z 0000000180028bf0 f i CctCharacterControllerManager.obj
 0001:00027c50       ??0?$Array@PEBXVNamedAllocator@shdfnd@physx@@@shdfnd@physx@@QEAA@AEBVNamedAllocator@12@@Z 0000000180028c50 f i CctCharacterControllerManager.obj
 0001:00027cb0       ??0?$Array@UPxDebugLine@physx@@VNamedAllocator@shdfnd@2@@shdfnd@physx@@QEAA@AEBVNamedAllocator@12@@Z 0000000180028cb0 f i CctCharacterControllerManager.obj
 0001:00027d10       ??0?$Array@UPxDebugPoint@physx@@VNamedAllocator@shdfnd@2@@shdfnd@physx@@QEAA@AEBVNamedAllocator@12@@Z 0000000180028d10 f i CctCharacterControllerManager.obj
[...]
 0004:0000273c       $pdata$?reserve@?$Array@PEAVPxShape@physx@@V?$InlineAllocator@$0IA@VNamedAllocator@shdfnd@physx@@@shdfnd@2@@shdfnd@physx@@QEAAXI@Z 000000018005873c     PhysX3ExtensionsDEBUG:ExtRigidBodyExt.obj
 0004:00002748       $pdata$?allocate@?$Array@PEAVPxShape@physx@@V?$InlineAllocator@$0IA@VNamedAllocator@shdfnd@physx@@@shdfnd@2@@shdfnd@physx@@IEAAPEAPEAVPxShape@3@I@Z 0000000180058748     PhysX3ExtensionsDEBUG:ExtRigidBodyExt.obj
 0004:00002754       $pdata$?deallocate@?$Array@PEAVPxShape@physx@@V?$InlineAllocator@$0IA@VNamedAllocator@shdfnd@physx@@@shdfnd@2@@shdfnd@physx@@IEAAXPEAX@Z 0000000180058754     PhysX3ExtensionsDEBUG:ExtRigidBodyExt.obj
 0004:00002760       $pdata$?create@?$Array@PEAVPxShape@physx@@V?$InlineAllocator@$0IA@VNamedAllocator@shdfnd@physx@@@shdfnd@2@@shdfnd@physx@@KAXPEAPEAVPxShape@3@0AEBQEAV43@@Z 0000000180058760     PhysX3ExtensionsDEBUG:ExtRigidBodyExt.obj
 0004:0000276c       $pdata$?copy@?$Array@PEAVPxShape@physx@@V?$InlineAllocator@$0IA@VNamedAllocator@shdfnd@physx@@@shdfnd@2@@shdfnd@physx@@KAXPEAPEAVPxShape@3@0PEBQEAV43@@Z 000000018005876c     PhysX3ExtensionsDEBUG:ExtRigidBodyExt.obj
 0004:00002778       $pdata$?grow@?$Array@PEAVPxShape@physx@@V?$InlineAllocator@$0IA@VNamedAllocator@shdfnd@physx@@@shdfnd@2@@shdfnd@physx@@IEAAXI@Z 0000000180058778     PhysX3ExtensionsDEBUG:ExtRigidBodyExt.obj
 0004:00002784       $pdata$?recreate@?$Array@PEAVPxShape@physx@@V?$InlineAllocator@$0IA@VNamedAllocator@shdfnd@physx@@@shdfnd@2@@shdfnd@physx@@IEAAXI@Z 0000000180058784     PhysX3ExtensionsDEBUG:ExtRigidBodyExt.obj
 0004:00002790       $pdata$??0?$InlineArray@PEAVPxShape@physx@@$0BA@VNamedAllocator@shdfnd@2@@shdfnd@physx@@QEAA@AEBVNamedAllocator@12@@Z 0000000180058790     PhysX3ExtensionsDEBUG:ExtRigidBodyExt.obj
 0004:0000279c       $pdata$??1?$InlineArray@PEAVPxShape@physx@@$0BA@VNamedAllocator@shdfnd@2@@shdfnd@physx@@QEAA@XZ 000000018005879c     PhysX3ExtensionsDEBUG:ExtRigidBodyExt.obj
 0004:000027a8       $pdata$??0?$InlineAllocator@$0DEA@VNamedAllocator@shdfnd@physx@@@shdfnd@physx@@QEAA@AEBVNamedAllocator@12@@Z 00000001800587a8     PhysX3ExtensionsDEBUG:ExtRigidBodyExt.obj
 0004:000027b4       $pdata$??0?$InlineAllocator@$0DEA@VNamedAllocator@shdfnd@physx@@@shdfnd@physx@@QEAA@AEBV012@@Z 00000001800587b4     PhysX3ExtensionsDEBUG:ExtRigidBodyExt.obj
 0004:000027c0       $pdata$?allocate@?$InlineAllocator@$0DEA@VNamedAllocator@shdfnd@physx@@@shdfnd@physx@@QEAAPEAXIPEBDH@Z 00000001800587c0     PhysX3ExtensionsDEBUG:ExtRigidBodyExt.obj
 0004:000027cc       $pdata$?deallocate@?$InlineAllocator@$0DEA@VNamedAllocator@shdfnd@physx@@@shdfnd@physx@@QEAAXPEAX@Z 00000001800587cc     PhysX3ExtensionsDEBUG:ExtRigidBodyExt.obj
 0004:000027d8       $pdata$??1?$InlineAllocator@$0DEA@VNamedAllocator@shdfnd@physx@@@shdfnd@physx@@QEAA@XZ 00000001800587d8     PhysX3ExtensionsDEBUG:ExtRigidBodyExt.obj
 0004:000027e4       $pdata$??0?$Array@VPxMassProperties@physx@@V?$InlineAllocator@$0DEA@VNamedAllocator@shdfnd@physx@@@shdfnd@2@@shdfnd@physx@@QEAA@AEBV?$InlineAllocator@$0DEA@VNamedAllocator@shdfnd@physx@@@12@@Z 00000001800587e4     PhysX3ExtensionsDEBUG:ExtRigidBodyExt.obj
 0004:000027f0       $pdata$??1?$Array@VPxMassProperties@physx@@V?$InlineAllocator@$0DEA@VNamedAllocator@shdfnd@physx@@@shdfnd@2@@shdfnd@physx@@QEAA@XZ 00000001800587f0     PhysX3ExtensionsDEBUG:ExtRigidBodyExt.obj
 0004:000027fc       $pdata$?pushBack@?$Array@VPxMassProperties@physx@@V?$InlineAllocator@$0DEA@VNamedAllocator@shdfnd@physx@@@shdfnd@2@@shdfnd@physx@@QEAAAEAVPxMassProperties@3@AEBV43@@Z 00000001800587fc     PhysX3ExtensionsDEBUG:ExtRigidBodyExt.obj
 0004:00002808       $pdata$?reserve@?$Array@VPxMassProperties@physx@@V?$InlineAllocator@$0DEA@VNamedAllocator@shdfnd@physx@@@shdfnd@2@@shdfnd@physx@@QEAAXI@Z 0000000180058808     PhysX3ExtensionsDEBUG:ExtRigidBodyExt.obj
 0004:00002814       $pdata$?allocate@?$Array@VPxMassProperties@physx@@V?$InlineAllocator@$0DEA@VNamedAllocator@shdfnd@physx@@@shdfnd@2@@shdfnd@physx@@IEAAPEAVPxMassProperties@3@I@Z 0000000180058814     PhysX3ExtensionsDEBUG:ExtRigidBodyExt.obj
 0004:00002820       $pdata$?deallocate@?$Array@VPxMassProperties@physx@@V?$InlineAllocator@$0DEA@VNamedAllocator@shdfnd@physx@@@shdfnd@2@@shdfnd@physx@@IEAAXPEAX@Z 0000000180058820     PhysX3ExtensionsDEBUG:ExtRigidBodyExt.obj
 0004:0000282c       $pdata$?copy@?$Array@VPxMassProperties@physx@@V?$InlineAllocator@$0DEA@VNamedAllocator@shdfnd@physx@@@shdfnd@2@@shdfnd@physx@@KAXPEAVPxMassProperties@3@0PEBV43@@Z 000000018005882c     PhysX3ExtensionsDEBUG:ExtRigidBodyExt.obj
 0004:00002838       $pdata$?growAndPushBack@?$Array@VPxMassProperties@physx@@V?$InlineAllocator@$0DEA@VNamedAllocator@shdfnd@physx@@@shdfnd@2@@shdfnd@physx@@IEAAAEAVPxMassProperties@3@AEBV43@@Z 0000000180058838     PhysX3ExtensionsDEBUG:ExtRigidBodyExt.obj
 0004:00002844       $pdata$?grow@?$Array@VPxMassProperties@physx@@V?$InlineAllocator@$0DEA@VNamedAllocator@shdfnd@physx@@@shdfnd@2@@shdfnd@physx@@IEAAXI@Z 0000000180058844     PhysX3ExtensionsDEBUG:ExtRigidBodyExt.obj
 0004:00002850       $pdata$?recreate@?$Array@VPxMassProperties@physx@@V?$InlineAllocator@$0DEA@VNamedAllocator@shdfnd@physx@@@shdfnd@2@@shdfnd@physx@@IEAAXI@Z 0000000180058850     PhysX3ExtensionsDEBUG:ExtRigidBodyExt.obj
 0004:0000285c       $pdata$?capacityIncrement@?$Array@VPxMassProperties@physx@@V?$InlineAllocator@$0DEA@VNamedAllocator@shdfnd@physx@@@shdfnd@2@@shdfnd@physx@@IEBAIXZ 000000018005885c     PhysX3ExtensionsDEBUG:ExtRigidBodyExt.obj
 0004:00002868       $pdata$??0?$InlineArray@VPxMassProperties@physx@@$0BA@VNamedAllocator@shdfnd@2@@shdfnd@physx@@QEAA@AEBVNamedAllocator@12@@Z 0000000180058868     PhysX3ExtensionsDEBUG:ExtRigidBodyExt.obj
 0004:00002874       $pdata$??1?$InlineArray@VPxMassProperties@physx@@$0BA@VNamedAllocator@shdfnd@2@@shdfnd@physx@@QEAA@XZ 0000000180058874     PhysX3ExtensionsDEBUG:ExtRigidBodyExt.obj
 0004:00002880       $pdata$??0?$InlineAllocator@$0BMA@VNamedAllocator@shdfnd@physx@@@shdfnd@physx@@QEAA@AEBVNamedAllocator@12@@Z 0000000180058880     PhysX3ExtensionsDEBUG:ExtRigidBodyExt.obj
 0004:0000288c       $pdata$??0?$InlineAllocator@$0BMA@VNamedAllocator@shdfnd@physx@@@shdfnd@physx@@QEAA@AEBV012@@Z 000000018005888c     PhysX3ExtensionsDEBUG:ExtRigidBodyExt.obj
 0004:00002898       $pdata$?allocate@?$InlineAllocator@$0BMA@VNamedAllocator@shdfnd@physx@@@shdfnd@physx@@QEAAPEAXIPEBDH@Z 0000000180058898     PhysX3ExtensionsDEBUG:ExtRigidBodyExt.obj
 0004:000028a4       $pdata$?deallocate@?$InlineAllocator@$0BMA@VNamedAllocator@shdfnd@physx@@@shdfnd@physx@@QEAAXPEAX@Z 00000001800588a4     PhysX3ExtensionsDEBUG:ExtRigidBodyExt.obj
 0004:000028b0       $pdata$??1?$InlineAllocator@$0BMA@VNamedAllocator@shdfnd@physx@@@shdfnd@physx@@QEAA@XZ 00000001800588b0     PhysX3ExtensionsDEBUG:ExtRigidBodyExt.obj
 0004:000028bc       $pdata$??0?$Array@VPxTransform@physx@@V?$InlineAllocator@$0BMA@VNamedAllocator@shdfnd@physx@@@shdfnd@2@@shdfnd@physx@@QEAA@AEBV?$InlineAllocator@$0BMA@VNamedAllocator@shdfnd@physx@@@12@@Z 00000001800588bc     PhysX3ExtensionsDEBUG:ExtRigidBodyExt.obj
 0004:000028c8       $pdata$??1?$Array@VPxTransform@physx@@V?$InlineAllocator@$0BMA@VNamedAllocator@shdfnd@physx@@@shdfnd@2@@shdfnd@physx@@QEAA@XZ 00000001800588c8     PhysX3ExtensionsDEBUG:ExtRigidBodyExt.obj
 0004:000028d4       $pdata$?pushBack@?$Array@VPxTransform@physx@@V?$InlineAllocator@$0BMA@VNamedAllocator@shdfnd@physx@@@shdfnd@2@@shdfnd@physx@@QEAAAEAVPxTransform@3@AEBV43@@Z 00000001800588d4     PhysX3ExtensionsDEBUG:ExtRigidBodyExt.obj
 0004:000028e0       $pdata$?reserve@?$Array@VPxTransform@physx@@V?$InlineAllocator@$0BMA@VNamedAllocator@shdfnd@physx@@@shdfnd@2@@shdfnd@physx@@QEAAXI@Z 00000001800588e0     PhysX3ExtensionsDEBUG:ExtRigidBodyExt.obj
 0004:000028ec       $pdata$?allocate@?$Array@VPxTransform@physx@@V?$InlineAllocator@$0BMA@VNamedAllocator@shdfnd@physx@@@shdfnd@2@@shdfnd@physx@@IEAAPEAVPxTransform@3@I@Z 00000001800588ec     PhysX3ExtensionsDEBUG:ExtRigidBodyExt.obj
 0004:000028f8       $pdata$?deallocate@?$Array@VPxTransform@physx@@V?$InlineAllocator@$0BMA@VNamedAllocator@shdfnd@physx@@@shdfnd@2@@shdfnd@physx@@IEAAXPEAX@Z 00000001800588f8     PhysX3ExtensionsDEBUG:ExtRigidBodyExt.obj
 0004:00002904       $pdata$?copy@?$Array@VPxTransform@physx@@V?$InlineAllocator@$0BMA@VNamedAllocator@shdfnd@physx@@@shdfnd@2@@shdfnd@physx@@KAXPEAVPxTransform@3@0PEBV43@@Z 0000000180058904     PhysX3ExtensionsDEBUG:ExtRigidBodyExt.obj
 0004:00002910       $pdata$?growAndPushBack@?$Array@VPxTransform@physx@@V?$InlineAllocator@$0BMA@VNamedAllocator@shdfnd@physx@@@shdfnd@2@@shdfnd@physx@@IEAAAEAVPxTransform@3@AEBV43@@Z 0000000180058910     PhysX3ExtensionsDEBUG:ExtRigidBodyExt.obj
 0004:0000291c       $pdata$?grow@?$Array@VPxTransform@physx@@V?$InlineAllocator@$0BMA@VNamedAllocator@shdfnd@physx@@@shdfnd@2@@shdfnd@physx@@IEAAXI@Z 000000018005891c     PhysX3ExtensionsDEBUG:ExtRigidBodyExt.obj
 0004:00002928       $pdata$?recreate@?$Array@VPxTransform@physx@@V?$InlineAllocator@$0BMA@VNamedAllocator@shdfnd@physx@@@shdfnd@2@@shdfnd@physx@@IEAAXI@Z 0000000180058928     PhysX3ExtensionsDEBUG:ExtRigidBodyExt.obj
 0004:00002934       $pdata$?capacityIncrement@?$Array@VPxTransform@physx@@V?$InlineAllocator@$0BMA@VNamedAllocator@shdfnd@physx@@@shdfnd@2@@shdfnd@physx@@IEBAIXZ 0000000180058934     PhysX3ExtensionsDEBUG:ExtRigidBodyExt.obj
 0004:00002940       $pdata$??0?$InlineArray@VPxTransform@physx@@$0BA@VNamedAllocator@shdfnd@2@@shdfnd@physx@@QEAA@AEBVNamedAllocator@12@@Z 0000000180058940     PhysX3ExtensionsDEBUG:ExtRigidBodyExt.obj
 0004:0000294c       $pdata$??1?$InlineArray@VPxTransform@physx@@$0BA@VNamedAllocator@shdfnd@2@@shdfnd@physx@@QEAA@XZ 000000018005894c     PhysX3ExtensionsDEBUG:ExtRigidBodyExt.obj
 0004:00002958       $pdata$?addForceAtPosInternal@@YAXAEAVPxRigidBody@physx@@AEBVPxVec3@2@1W4Enum@PxForceMode@2@_N@Z 0000000180058958     PhysX3ExtensionsDEBUG:ExtRigidBodyExt.obj
 0004:00002964       $pdata$?getVelocityAtPosInternal@@YA?AVPxVec3@physx@@AEBVPxRigidBody@2@AEBV12@@Z 0000000180058964     PhysX3ExtensionsDEBUG:ExtRigidBodyExt.obj
 0004:00002970       $pdata$??3@YAXPEAX_K@Z     0000000180058970     MSVCRTD:delete_scalar_size.obj
 0004:0000297c       $pdata$??_V@YAXPEAX_K@Z    000000018005897c     MSVCRTD:delete_array_size.obj
 0004:00002988       $pdata$_RTC_Shutdown       0000000180058988     MSVCRTD:_init_.obj
 0004:00002994       $pdata$_RTC_InitBase       0000000180058994     MSVCRTD:_init_.obj
 0004:000029ac       $pdata$?__scrt_initialize_type_info@@YAXXZ 00000001800589ac     MSVCRTD:tncleanup.obj
 0004:000029b8       $pdata$?__scrt_uninitialize_type_info@@YAXXZ 00000001800589b8     MSVCRTD:tncleanup.obj
 0004:000029c4       $pdata$??_Gtype_info@@UEAAPEAXI@Z 00000001800589c4     MSVCRTD:std_type_info_static.obj
 0004:000029d0       $pdata$?dllmain_crt_process_attach@@YAHQEAUHINSTANCE__@@QEAX@Z 00000001800589d0     MSVCRTD:dll_dllmain.obj
 0004:000029dc       $pdata$?fin$0@?0??dllmain_crt_process_attach@@YAHQEAUHINSTANCE__@@QEAX@Z@4HA 00000001800589dc     MSVCRTD:dll_dllmain.obj
 0004:000029e8       $pdata$?dllmain_crt_process_detach@@YAH_N@Z 00000001800589e8     MSVCRTD:dll_dllmain.obj
 0004:000029f4       $pdata$?fin$0@?0??dllmain_crt_process_detach@@YAH_N@Z@4HA 00000001800589f4     MSVCRTD:dll_dllmain.obj
 0004:00002a00       $pdata$?dllmain_crt_dispatch@@YAHQEAUHINSTANCE__@@KQEAX@Z 0000000180058a00     MSVCRTD:dll_dllmain.obj
 0004:00002a0c       $pdata$_CRT_INIT           0000000180058a0c     MSVCRTD:dll_dllmain.obj
 0004:00002a18       $pdata$?dllmain_raw@@YAHQEAUHINSTANCE__@@KQEAX@Z 0000000180058a18     MSVCRTD:dll_dllmain.obj
 0004:00002a24       $pdata$?dllmain_dispatch@@YAHQEAUHINSTANCE__@@KQEAX@Z 0000000180058a24     MSVCRTD:dll_dllmain.obj
 0004:00002a30       $pdata$?filt$0@?0??dllmain_dispatch@@YAHQEAUHINSTANCE__@@KQEAX@Z@4HA 0000000180058a30     MSVCRTD:dll_dllmain.obj
 0004:00002a3c       $pdata$_DllMainCRTStartup  0000000180058a3c     MSVCRTD:dll_dllmain.obj
 0004:00002a48       $pdata$??3@YAXPEAX@Z       0000000180058a48     MSVCRTD:delete_scalar.obj
 0004:00002a54       $pdata$??_V@YAXPEAX@Z      0000000180058a54     MSVCRTD:delete_array.obj
 0004:00002a60       $pdata$__security_init_cookie 0000000180058a60     MSVCRTD:gs_support.obj
 0004:00002a6c       $pdata$__get_entropy       0000000180058a6c     MSVCRTD:gs_support.obj
 0004:00002a78       $pdata$DllMain             0000000180058a78     MSVCRTD:dll_dllmain_stub.obj
 0004:00002a84       $pdata$__scrt_initialize_default_local_stdio_options 0000000180058a84     MSVCRTD:default_local_stdio_options.obj
 0004:00002a90       $pdata$atexit              0000000180058a90     MSVCRTD:utility.obj
 0004:00002a9c       $pdata$_onexit             0000000180058a9c     MSVCRTD:utility.obj
 0004:00002aa8       $pdata$at_quick_exit       0000000180058aa8     MSVCRTD:utility.obj
 0004:00002ab4       $pdata$__scrt_is_nonwritable_in_current_image 0000000180058ab4     MSVCRTD:utility.obj
 0004:00002ac0       $pdata$__scrt_is_nonwritable_in_current_image$filt$0 0000000180058ac0     MSVCRTD:utility.obj
 0004:00002acc       $pdata$__scrt_acquire_startup_lock 0000000180058acc     MSVCRTD:utility.obj
 0004:00002ad8       $pdata$__scrt_release_startup_lock 0000000180058ad8     MSVCRTD:utility.obj
 0004:00002ae4       $pdata$__scrt_initialize_crt 0000000180058ae4     MSVCRTD:utility.obj
 0004:00002af0       $pdata$__scrt_uninitialize_crt 0000000180058af0     MSVCRTD:utility.obj
 0004:00002afc       $pdata$__scrt_initialize_onexit_tables 0000000180058afc     MSVCRTD:utility.obj
 0004:00002b08       $pdata$__scrt_dllmain_exception_filter 0000000180058b08     MSVCRTD:utility.obj
 0004:00002b14       $pdata$__scrt_dllmain_before_initialize_c 0000000180058b14     MSVCRTD:utility.obj
 0004:00002b20       $pdata$__scrt_dllmain_after_initialize_c 0000000180058b20     MSVCRTD:utility.obj
 0004:00002b2c       $pdata$__scrt_dllmain_uninitialize_c 0000000180058b2c     MSVCRTD:utility.obj
 0004:00002b38       $pdata$__scrt_dllmain_uninitialize_critical 0000000180058b38     MSVCRTD:utility.obj
 0004:00002b44       $pdata$__scrt_dllmain_crt_thread_attach 0000000180058b44     MSVCRTD:utility.obj
 0004:00002b50       $pdata$__scrt_dllmain_crt_thread_detach 0000000180058b50     MSVCRTD:utility.obj
 0004:00002b5c       $pdata$?configure_argv@__scrt_narrow_argv_policy@@SAHXZ 0000000180058b5c     MSVCRTD:utility.obj
 0004:00002b68       $pdata$?initialize_environment@__scrt_narrow_environment_policy@@SAHXZ 0000000180058b68     MSVCRTD:utility.obj
 0004:00002b74       $pdata$?is_potentially_valid_image_base@@YA_NQEAX@Z 0000000180058b74     MSVCRTD:utility.obj
 0004:00002b80       $pdata$?find_pe_section@@YAPEAU_IMAGE_SECTION_HEADER@@QEAE_K@Z 0000000180058b80     MSVCRTD:utility.obj
 0004:00002b8c       $pdata$??$__crt_fast_decode_pointer@PEAP6AXXZ@@YAPEAP6AXXZQEAP6AXXZ@Z 0000000180058b8c     MSVCRTD:utility.obj
 0004:00002b98       $pdata$??$__crt_fast_encode_pointer@PEAP6AXXZ@@YAPEAP6AXXZQEAP6AXXZ@Z 0000000180058b98     MSVCRTD:utility.obj
 0004:00002ba4       $pdata$__scrt_get_show_window_mode 0000000180058ba4     MSVCRTD:utility_desktop.obj
 0004:00002bb0       $pdata$__scrt_is_managed_app 0000000180058bb0     MSVCRTD:utility_desktop.obj
 0004:00002bbc       $pdata$__scrt_set_unhandled_exception_filter 0000000180058bbc     MSVCRTD:utility_desktop.obj
 0004:00002bc8       $pdata$__scrt_fastfail     0000000180058bc8     MSVCRTD:utility_desktop.obj
 0004:00002bd4       $pdata$__scrt_unhandled_exception_filter 0000000180058bd4     MSVCRTD:utility_desktop.obj
 0004:00002be0       $pdata$_RTC_Initialize     0000000180058be0     MSVCRTD:_initsect_.obj
 0004:00002bec       $pdata$_RTC_Terminate      0000000180058bec     MSVCRTD:_initsect_.obj
 0004:00002bf8       $pdata$ReadNoFence64       0000000180058bf8     MSVCRTD:guard_support.obj
 0004:00002c04       $pdata$ReadPointerNoFence  0000000180058c04     MSVCRTD:guard_support.obj
 0004:00002c10       $pdata$_guard_icall_checks_enforced 0000000180058c10     MSVCRTD:guard_support.obj
 0004:00002c1c       $pdata$_RTC_UninitUse      0000000180058c1c     MSVCRTD:_error_.obj
 0004:00002c28       $pdata$?_RTC_StackFailure@@YAXPEAXPEBD@Z 0000000180058c28     MSVCRTD:_error_.obj
 0004:00002c34       $pdata$?_RTC_AllocaFailure@@YAXPEAXPEAU_RTC_ALLOCA_NODE@@H@Z 0000000180058c34     MSVCRTD:_error_.obj
 0004:00002c40       $pdata$0$?_RTC_AllocaFailure@@YAXPEAXPEAU_RTC_ALLOCA_NODE@@H@Z 0000000180058c40     MSVCRTD:_error_.obj
 0004:00002c4c       $pdata$1$?_RTC_AllocaFailure@@YAXPEAXPEAU_RTC_ALLOCA_NODE@@H@Z 0000000180058c4c     MSVCRTD:_error_.obj
 0004:00002c58       $pdata$_vsprintf_s_l       0000000180058c58     MSVCRTD:_error_.obj
 0004:00002c64       $pdata$sprintf_s           0000000180058c64     MSVCRTD:_error_.obj
 0004:00002c70       $pdata$?notify_debugger@@YAXAEBUtagEXCEPTION_VISUALCPP_DEBUG_INFO@@@Z 0000000180058c70     MSVCRTD:_error_.obj
 0004:00002c7c       $pdata$?filt$0@?0??notify_debugger@@YAXAEBUtagEXCEPTION_VISUALCPP_DEBUG_INFO@@@Z@4HA 0000000180058c7c     MSVCRTD:_error_.obj
 0004:00002c88       $pdata$?DebuggerProbe@@YA_NK@Z 0000000180058c88     MSVCRTD:_error_.obj
 0004:00002c94       $pdata$?DebuggerRuntime@@YA_NKHPEAXPEB_W@Z 0000000180058c94     MSVCRTD:_error_.obj
 0004:00002ca0       $pdata$?failwithmessage@@YAXPEAXHHPEBD@Z 0000000180058ca0     MSVCRTD:_error_.obj
 0004:00002cac       $pdata$?_getMemBlockDataString@@YAXPEAD0PEBD_K@Z 0000000180058cac     MSVCRTD:_error_.obj
 0004:00002cb8       $pdata$3$?_getMemBlockDataString@@YAXPEAD0PEBD_K@Z 0000000180058cb8     MSVCRTD:_error_.obj
 0004:00002cc4       $pdata$4$?_getMemBlockDataString@@YAXPEAD0PEBD_K@Z 0000000180058cc4     MSVCRTD:_error_.obj
 0004:00002cd0       $pdata$__isa_available_init 0000000180058cd0     MSVCRTD:_cpu_disp_.obj
 0004:00002cdc       $pdata$__scrt_is_ucrt_dll_in_use 0000000180058cdc     MSVCRTD:ucrt_detection.obj
 0004:00002cf4       $pdata$?_RTC_GetSrcLine@@YAHPEAEPEA_WKPEAH1K@Z 0000000180058cf4     MSVCRTD:_pdblkup_.obj
 0004:00002d00       $pdata$?GetPdbDllFromInstallPath@@YAPEAUHINSTANCE__@@XZ 0000000180058d00     MSVCRTD:_pdblkup_.obj
 0004:00002d0c       $pdata$?GetPdbDllPathFromFilePath@@YAHPEB_WPEA_W_K@Z 0000000180058d0c     MSVCRTD:_pdblkup_.obj
 0004:00002d18       $pdata$?GetPdbDll@@YAPEAUHINSTANCE__@@XZ 0000000180058d18     MSVCRTD:_pdblkup_.obj
 0004:00002d24       $pdata$__GSHandlerCheckCommon 0000000180058d24     MSVCRTD:_gshandler_.obj
 0004:00002d30       $pdata$__GSHandlerCheck    0000000180058d30     MSVCRTD:_gshandler_.obj
 0004:00002d48       $pdata$__report_securityfailure 0000000180058d48     MSVCRTD:gs_report.obj
 0004:00002d54       $pdata$__report_securityfailureEx 0000000180058d54     MSVCRTD:gs_report.obj
 0004:00002d60       $pdata$__report_rangecheckfailure 0000000180058d60     MSVCRTD:gs_report.obj
 0004:00002d6c       $pdata$__report_gsfailure  0000000180058d6c     MSVCRTD:gs_report.obj
 0004:00002d78       $pdata$capture_current_context 0000000180058d78     MSVCRTD:gs_report.obj
 0004:00002d84       $pdata$capture_previous_context 0000000180058d84     MSVCRTD:gs_report.obj
 0004:00002d90       $pdata$__raise_securityfailure 0000000180058d90     MSVCRTD:gs_report.obj
 0005:00000f56       .idata$6                   000000018005af56     PxFoundationDEBUG_x64:PxFoundationDEBUG_x64.dll
 0005:00001766       .idata$6                   000000018005b766     PhysX3CommonDEBUG_x64:PhysX3CommonDEBUG_x64.dll
 0005:0000185e       .idata$6                   000000018005b85e     vcruntimed:VCRUNTIME140D.dll
 0005:00001a0c       .idata$6                   000000018005ba0c     ucrtd:ucrtbased.dll
 0005:00001c4e       .idata$6                   000000018005bc4e     kernel32:KERNEL32.dll
 0007:000001c0       $R000000                   000000018005d1c0     PhysX3CharacterKinematic.res
 0007:00000540       $R000380                   000000018005d540     PhysX3CharacterKinematic.res
