 PhysX3Cooking_x64

 Timestamp is 5bfc0f43 (Mon Nov 26 10:20:35 2018)

 Preferred load address is 0000000180000000

 Start         Length     Name                   Class
 0001:00000000 00000500H .text$di                CODE
 0001:00000500 00030ac0H .text$mn                CODE
 0001:00030fc0 00000012H .text$mn$00             CODE
 0001:00030fd2 00000081H .text$x                 CODE
 0002:00000000 000001a8H .idata$5                DATA
 0002:000001a8 00000010H .00cfg                  DATA
 0002:000001b8 00000008H .CRT$XCA                DATA
 0002:000001c0 00000180H .CRT$XCU                DATA
 0002:00000340 00000008H .CRT$XCZ                DATA
 0002:00000348 00000008H .CRT$XIA                DATA
 0002:00000350 00000008H .CRT$XIZ                DATA
 0002:00000358 00000008H .CRT$XPA                DATA
 0002:00000360 00000008H .CRT$XPZ                DATA
 0002:00000368 00000008H .CRT$XTA                DATA
 0002:00000370 00000010H .CRT$XTZ                DATA
 0002:00000378 00000000H .gfids$y                DATA
 0002:00000380 000020b8H .rdata                  DATA
 0002:00002438 00000074H .rdata$r                DATA
 0002:000024ac 000003a4H .rdata$zzzdbg           DATA
 0002:00002850 00000008H .rtc$IAA                DATA
 0002:00002858 00000008H .rtc$IZZ                DATA
 0002:00002860 00000008H .rtc$TAA                DATA
 0002:00002868 00000008H .rtc$TZZ                DATA
 0002:00002870 00003c08H .xdata                  DATA
 0002:00006478 00000040H .didat$2                DATA
 0002:000064b8 00000020H .didat$3                DATA
 0002:000064d8 00000170H .didat$4                DATA
 0002:00006648 000008a0H .didat$6                DATA
 0002:00006ee8 00000178H .didat$7                DATA
 0002:00007060 00000084H .edata                  DATA
 0002:000070e4 00000064H .idata$2                DATA
 0002:00007148 00000018H .idata$3                DATA
 0002:00007160 000001a8H .idata$4                DATA
 0002:00007308 00000416H .idata$6                DATA
 0003:00000000 00000060H .data                   DATA
 0003:00000060 000006e0H .data$r                 DATA
 0003:00000740 00000170H .didat$5                DATA
 0003:000008b0 000003d0H .bss                    DATA
 0004:00000000 000022c8H .pdata                  DATA
 0005:00000000 000006e0H _RDATA                  DATA
 0006:00000000 000000a0H .rsrc$01                DATA
 0006:000000a0 000004b8H .rsrc$02                DATA

  Address         Publics by Value              Rva+Base               Lib:Object

 0000:00000000       __guard_longjmp_count      0000000000000000     <absolute>
 0000:00000000       __hybrid_auxiliary_iat     0000000000000000     <absolute>
 0000:00000000       __guard_longjmp_table      0000000000000000     <absolute>
 0000:00000000       __guard_fids_count         0000000000000000     <absolute>
 0000:00000000       __hybrid_code_map          0000000000000000     <absolute>
 0000:00000000       ___safe_se_handler_count   0000000000000000     <absolute>
 0000:00000000       __guard_fids_table         0000000000000000     <absolute>
 0000:00000000       __guard_iat_count          0000000000000000     <absolute>
 0000:00000000       __hybrid_code_map_count    0000000000000000     <absolute>
 0000:00000000       __dynamic_value_reloc_table 0000000000000000     <absolute>
 0000:00000000       __enclave_config           0000000000000000     <absolute>
 0000:00000000       ___safe_se_handler_table   0000000000000000     <absolute>
 0000:00000000       __guard_iat_table          0000000000000000     <absolute>
 0000:00000100       __guard_flags              0000000000000100     <absolute>
 0000:00000000       __ImageBase                0000000180000000     <linker-defined>
 0001:00000500       PxSetPhysXCookingDelayLoadHook 0000000180001500 f   WindowsCookingDelayLoadHook.obj
 0001:00000510       ?delayHook@@YAP6A_JXZIPEAUDelayLoadInfo@@@Z 0000000180001510 f   WindowsCookingDelayLoadHook.obj
 0001:00000560       ?physXCommonDliNotePreLoadLibrary@Cm@physx@@YAP6A_JXZPEBDPEBVPxDelayLoadHook@2@@Z 0000000180001560 f i WindowsCookingDelayLoadHook.obj
 0001:000007e0       ?saveHeightField@physx@@YA_NAEBVHeightField@Gu@1@AEAVPxOutputStream@1@_N@Z 00000001800017e0 f   HeightFieldCooking.obj
 0001:00000a30       ?__empty_global_delete@@YAXPEAX@Z 0000000180001a30 f i HeightFieldCooking.obj
 0001:00000a40       ?__global_array_delete@@YAXPEAX_K@Z 0000000180001a40 f i HeightFieldCooking.obj
 0001:00000a40       ?__empty_global_delete@@YAXPEAX_K@Z 0000000180001a40 f i HeightFieldCooking.obj
 0001:00000a40       ?__global_delete@@YAXPEAX_K@Z 0000000180001a40 f i HeightFieldCooking.obj
 0001:00000a50       ?buildFromTriangles@RTreeCooker@physx@@SAXAEAURTree@Gu@2@PEBVPxVec3@2@IPEBGPEBIIAEAV?$Array@IV?$ReflectionAllocator@I@shdfnd@physx@@@shdfnd@2@PEAURemapCallback@12@MW4Enum@PxMeshCookingHint@2@@Z 0000000180001a50 f   RTreeCooking.obj
 0001:00000d10       ??$partition@UBoundsLTE@physx@@@quickSelect@physx@@YAIPEIAIIIIAEBUBoundsLTE@1@@Z 0000000180001d10 f i RTreeCooking.obj
 0001:00000eb0       ??$quickSelectFirstK@UBoundsLTE@physx@@@quickSelect@physx@@YAXPEIAIIIIAEBUBoundsLTE@1@@Z 0000000180001eb0 f i RTreeCooking.obj
 0001:000010a0       ??$smallSort@I$$CBUSortBoundsPredicate@physx@@@internal@shdfnd@physx@@YAXPEAIHHAEBUSortBoundsPredicate@2@@Z 00000001800020a0 f i RTreeCooking.obj
 0001:00001370       ??$sort@I@shdfnd@physx@@YAXPEAII@Z 0000000180002370 f i RTreeCooking.obj
 0001:00001390       ??$sort@IU?$Less@I@shdfnd@physx@@V?$ReflectionAllocator@I@23@@shdfnd@physx@@YAXPEAIIAEBU?$Less@I@01@AEBV?$ReflectionAllocator@I@01@I@Z 0000000180002390 f i RTreeCooking.obj
 0001:00001720       ??$sort@IUSortBoundsPredicate@physx@@@shdfnd@physx@@YAXPEAIIAEBUSortBoundsPredicate@1@@Z 0000000180002720 f i RTreeCooking.obj
 0001:00001740       ??$sort@IUSortBoundsPredicate@physx@@V?$ReflectionAllocator@I@shdfnd@2@@shdfnd@physx@@YAXPEAIIAEBUSortBoundsPredicate@1@AEBV?$ReflectionAllocator@I@01@I@Z 0000000180002740 f i RTreeCooking.obj
 0001:00001b90       ??_H@YAXPEAX_K1P6APEAX0@Z@Z 0000000180002b90 f i RTreeCooking.obj
 0001:00001be0       ?allocate@?$Array@UInterval@physx@@V?$InlineAllocator@$0CA@V?$ReflectionAllocator@UInterval@physx@@@shdfnd@physx@@@shdfnd@2@@shdfnd@physx@@IEAAPEAUInterval@3@I@Z 0000000180002be0 f i RTreeCooking.obj
 0001:00001ca0       ?allocate@?$Array@UPxBounds3V@physx@@V?$ReflectionAllocator@UPxBounds3V@physx@@@shdfnd@2@@shdfnd@physx@@IEAAPEAUPxBounds3V@3@I@Z 0000000180002ca0 f i RTreeCooking.obj
 0001:00001d40       ?allocate@?$Array@URTreeNodeNQ@physx@@V?$ReflectionAllocator@URTreeNodeNQ@physx@@@shdfnd@2@@shdfnd@physx@@IEAAPEAURTreeNodeNQ@3@I@Z 0000000180002d40 f i RTreeCooking.obj
 0001:00001de0       ?allocate@?$Array@URTreeNodeQ@Gu@physx@@V?$ReflectionAllocator@URTreeNodeQ@Gu@physx@@@shdfnd@3@@shdfnd@physx@@IEAAPEAURTreeNodeQ@Gu@3@I@Z 0000000180002de0 f i RTreeCooking.obj
 0001:00001e80       ?allocate@?$Array@VPxVec3@physx@@V?$ReflectionAllocator@VPxVec3@physx@@@shdfnd@2@@shdfnd@physx@@IEAAPEAVPxVec3@3@I@Z 0000000180002e80 f i RTreeCooking.obj
 0001:00001f20       ?allocate@?$ReflectionAllocator@I@shdfnd@physx@@QEAAPEAX_KPEBDH@Z 0000000180002f20 f i RTreeCooking.obj
 0001:00002bd0       ?copy@?$Array@URTreeNodeNQ@physx@@V?$ReflectionAllocator@URTreeNodeNQ@physx@@@shdfnd@2@@shdfnd@physx@@KAXPEAURTreeNodeNQ@3@0PEBU43@@Z 0000000180003bd0 f i RTreeCooking.obj
 0001:00002d90       ?copy@?$Array@VPxVec3@physx@@V?$ReflectionAllocator@VPxVec3@physx@@@shdfnd@2@@shdfnd@physx@@KAXPEAVPxVec3@3@0PEBV43@@Z 0000000180003d90 f i RTreeCooking.obj
 0001:00002e60       ?growAndPushBack@?$Array@IV?$ReflectionAllocator@I@shdfnd@physx@@@shdfnd@physx@@IEAAAEAIAEBI@Z 0000000180003e60 f i RTreeCooking.obj
 0001:00002f50       ?growAndPushBack@?$Array@UInterval@physx@@V?$InlineAllocator@$0CA@V?$ReflectionAllocator@UInterval@physx@@@shdfnd@physx@@@shdfnd@2@@shdfnd@physx@@IEAAAEAUInterval@3@AEBU43@@Z 0000000180003f50 f i RTreeCooking.obj
 0001:00003030       ?growAndPushBack@?$Array@UPxBounds3V@physx@@V?$ReflectionAllocator@UPxBounds3V@physx@@@shdfnd@2@@shdfnd@physx@@IEAAAEAUPxBounds3V@3@AEBU43@@Z 0000000180004030 f i RTreeCooking.obj
 0001:00003110       ?growAndPushBack@?$Array@URTreeNodeNQ@physx@@V?$ReflectionAllocator@URTreeNodeNQ@physx@@@shdfnd@2@@shdfnd@physx@@IEAAAEAURTreeNodeNQ@3@AEBU43@@Z 0000000180004110 f i RTreeCooking.obj
 0001:00003200       ?growAndPushBack@?$Array@URTreeNodeQ@Gu@physx@@V?$ReflectionAllocator@URTreeNodeQ@Gu@physx@@@shdfnd@3@@shdfnd@physx@@IEAAAEAURTreeNodeQ@Gu@3@AEBU453@@Z 0000000180004200 f i RTreeCooking.obj
 0001:000032e0       ?growAndPushBack@?$Array@VPxVec3@physx@@V?$ReflectionAllocator@VPxVec3@physx@@@shdfnd@2@@shdfnd@physx@@IEAAAEAVPxVec3@3@AEBV43@@Z 00000001800042e0 f i RTreeCooking.obj
 0001:000033b0       ?recreate@?$Array@IV?$ReflectionAllocator@I@shdfnd@physx@@@shdfnd@physx@@IEAAXI@Z 00000001800043b0 f i RTreeCooking.obj
 0001:00003490       ?recreate@?$Array@UPxBounds3V@physx@@V?$ReflectionAllocator@UPxBounds3V@physx@@@shdfnd@2@@shdfnd@physx@@IEAAXI@Z 0000000180004490 f i RTreeCooking.obj
 0001:00003540       ?recreate@?$Array@URTreeNodeNQ@physx@@V?$ReflectionAllocator@URTreeNodeNQ@physx@@@shdfnd@2@@shdfnd@physx@@IEAAXI@Z 0000000180004540 f i RTreeCooking.obj
 0001:000035c0       ?recreate@?$Array@URTreeNodeQ@Gu@physx@@V?$ReflectionAllocator@URTreeNodeQ@Gu@physx@@@shdfnd@3@@shdfnd@physx@@IEAAXI@Z 00000001800045c0 f i RTreeCooking.obj
 0001:00003680       ?recreate@?$Array@VPxVec3@physx@@V?$ReflectionAllocator@VPxVec3@physx@@@shdfnd@2@@shdfnd@physx@@IEAAXI@Z 0000000180004680 f i RTreeCooking.obj
 0001:00003700       ?resize@?$Array@IV?$ReflectionAllocator@I@shdfnd@physx@@@shdfnd@physx@@QEAAXIAEBI@Z 0000000180004700 f i RTreeCooking.obj
 0001:000037e0       ?resizeUninitialized@?$Array@URTreeNodeNQ@physx@@V?$ReflectionAllocator@URTreeNodeNQ@physx@@@shdfnd@2@@shdfnd@physx@@QEAAXI@Z 00000001800047e0 f i RTreeCooking.obj
 0001:00003820       ?sort4@SubSortQuick@physx@@QEAAXPEIAIIAEAV?$Array@URTreeNodeNQ@physx@@V?$ReflectionAllocator@URTreeNodeNQ@physx@@@shdfnd@2@@shdfnd@2@AEAIAEAUPxBounds3V@2@I@Z 0000000180004820 f i RTreeCooking.obj
 0001:00003bb0       ?sort4@SubSortSAH@physx@@QEAAXPEAIIAEAV?$Array@URTreeNodeNQ@physx@@V?$ReflectionAllocator@URTreeNodeNQ@physx@@@shdfnd@2@@shdfnd@2@AEAIIPEAURTreeNodeNQ@2@@Z 0000000180004bb0 f i RTreeCooking.obj
 0001:00004210       ?split@SubSortSAH@physx@@QEAAIPEAII@Z 0000000180005210 f i RTreeCooking.obj
 0001:00004970       ??0TriangleMeshBuilder@physx@@QEAA@AEAVTriangleMeshData@Gu@1@AEBUPxCookingParams@1@@Z 0000000180005970 f   TriangleMeshBuilder.obj
 0001:000049a0       ??1TriangleMeshBuilder@physx@@UEAA@XZ 00000001800059a0 f   TriangleMeshBuilder.obj
 0001:00004a10       ?cleanMesh@TriangleMeshBuilder@physx@@QEAA_N_NPEAW4Enum@PxTriangleMeshCookingResult@2@@Z 0000000180005a10 f   TriangleMeshBuilder.obj
 0001:00004f20       ?remapTopology@TriangleMeshBuilder@physx@@QEAAXPEBI@Z 0000000180005f20 f   TriangleMeshBuilder.obj
 0001:000051d0       ?createSharedEdgeData@TriangleMeshBuilder@physx@@QEAAX_N0@Z 00000001800061d0 f   TriangleMeshBuilder.obj
 0001:00005660       ?recordTriangleIndices@TriangleMeshBuilder@physx@@QEAAXXZ 0000000180006660 f   TriangleMeshBuilder.obj
 0001:00005700       ?createGRBMidPhaseAndData@TriangleMeshBuilder@physx@@QEAAXI@Z 0000000180006700 f   TriangleMeshBuilder.obj
 0001:00005aa0       ?createGRBData@TriangleMeshBuilder@physx@@QEAAXXZ 0000000180006aa0 f   TriangleMeshBuilder.obj
 0001:00005ba0       ?loadFromDesc@TriangleMeshBuilder@physx@@QEAA_NAEBVPxTriangleMeshDesc@2@PEAW4Enum@PxTriangleMeshCookingResult@2@_N@Z 0000000180006ba0 f   TriangleMeshBuilder.obj
 0001:00006010       ?save@TriangleMeshBuilder@physx@@QEBA_NAEAVPxOutputStream@2@_NAEBUPxCookingParams@2@@Z 0000000180007010 f   TriangleMeshBuilder.obj
 0001:00006610       ?checkMeshIndicesSize@TriangleMeshBuilder@physx@@QEAAXXZ 0000000180007610 f   TriangleMeshBuilder.obj
 0001:00006720       ?computeLocalBounds@TriangleMeshBuilder@physx@@IEAAXXZ 0000000180007720 f   TriangleMeshBuilder.obj
 0001:000067c0       ?importMesh@TriangleMeshBuilder@physx@@IEAA_NAEBVPxTriangleMeshDesc@2@AEBUPxCookingParams@2@PEAW4Enum@PxTriangleMeshCookingResult@2@_N@Z 00000001800077c0 f   TriangleMeshBuilder.obj
 0001:00006aa0       ?releaseEdgeList@TriangleMeshBuilder@physx@@IEAAXXZ 0000000180007aa0 f   TriangleMeshBuilder.obj
 0001:00006b00       ?createEdgeList@TriangleMeshBuilder@physx@@IEAAXXZ 0000000180007b00 f   TriangleMeshBuilder.obj
 0001:00006c40       ??0RTreeTriangleMeshBuilder@physx@@QEAA@AEBUPxCookingParams@1@@Z 0000000180007c40 f   TriangleMeshBuilder.obj
 0001:00006d00       ??1RTreeTriangleMeshBuilder@physx@@UEAA@XZ 0000000180007d00 f   TriangleMeshBuilder.obj
 0001:00006d70       ?createMidPhaseStructure@RTreeTriangleMeshBuilder@physx@@UEAAXXZ 0000000180007d70 f   TriangleMeshBuilder.obj
 0001:00006e60       ?saveMidPhaseStructure@RTreeTriangleMeshBuilder@physx@@UEBAXAEAVPxOutputStream@2@_N@Z 0000000180007e60 f   TriangleMeshBuilder.obj
 0001:000070b0       ??0BV4TriangleMeshBuilder@physx@@QEAA@AEBUPxCookingParams@1@@Z 00000001800080b0 f   TriangleMeshBuilder.obj
 0001:00007180       ??1BV4TriangleMeshBuilder@physx@@UEAA@XZ 0000000180008180 f   TriangleMeshBuilder.obj
 0001:00007210       ?createMidPhaseStructure@BV4TriangleMeshBuilder@physx@@UEAAXXZ 0000000180008210 f   TriangleMeshBuilder.obj
 0001:000074f0       ?saveMidPhaseStructure@BV4TriangleMeshBuilder@physx@@UEBAXAEAVPxOutputStream@2@_N@Z 00000001800084f0 f   TriangleMeshBuilder.obj
 0001:000076f0       ?onMeshIndexFormatChange@BV4TriangleMeshBuilder@physx@@UEAAXXZ 00000001800086f0 f   TriangleMeshBuilder.obj
 0001:00007730       ?createMidPhaseStructure@BV32TriangleMeshBuilder@physx@@SAXAEBUPxCookingParams@2@AEAVTriangleMeshData@Gu@2@AEAVBV32Tree@52@@Z 0000000180008730 f   TriangleMeshBuilder.obj
 0001:000078b0       ?saveMidPhaseStructure@BV32TriangleMeshBuilder@physx@@SAXPEAVBV32Tree@Gu@2@AEAVPxOutputStream@2@_N@Z 00000001800088b0 f   TriangleMeshBuilder.obj
 0001:00007a50       ?findSharpVertices@GrbTrimeshCookerHelper@physx@@YAXAEAV?$Array@USortedNeighbor@GrbTrimeshCookerHelper@physx@@V?$ReflectionAllocator@USortedNeighbor@GrbTrimeshCookerHelper@physx@@@shdfnd@3@@shdfnd@2@AEAV?$Array@USharpEdgeRange@GrbTrimeshCookerHelper@physx@@V?$ReflectionAllocator@USharpEdgeRange@GrbTrimeshCookerHelper@physx@@@shdfnd@3@@42@PEBUuint3@2@PEBUuint4@2@II@Z 0000000180008a50 f   TriangleMeshBuilder.obj
 0001:00007df0       ?buildVertexConnectionNew_p1@GrbTrimeshCookerHelper@physx@@YAIAEAV?$Array@USortedNeighbor@GrbTrimeshCookerHelper@physx@@V?$ReflectionAllocator@USortedNeighbor@GrbTrimeshCookerHelper@physx@@@shdfnd@3@@shdfnd@2@AEAV?$Array@USharpEdgeRange@GrbTrimeshCookerHelper@physx@@V?$ReflectionAllocator@USharpEdgeRange@GrbTrimeshCookerHelper@physx@@@shdfnd@3@@42@PEBUuint3@2@PEBUuint4@2@II@Z 0000000180008df0 f   TriangleMeshBuilder.obj
 0001:00007fa0       ?buildVertexConnectionNew_p2@GrbTrimeshCookerHelper@physx@@YAXPEAI00AEAV?$Array@USortedNeighbor@GrbTrimeshCookerHelper@physx@@V?$ReflectionAllocator@USortedNeighbor@GrbTrimeshCookerHelper@physx@@@shdfnd@3@@shdfnd@2@AEAV?$Array@USharpEdgeRange@GrbTrimeshCookerHelper@physx@@V?$ReflectionAllocator@USharpEdgeRange@GrbTrimeshCookerHelper@physx@@@shdfnd@3@@42@I@Z 0000000180008fa0 f   TriangleMeshBuilder.obj
 0001:00008050       ??$median3@USortedNeighbor@GrbTrimeshCookerHelper@physx@@$$CBU?$Less@USortedNeighbor@GrbTrimeshCookerHelper@physx@@@shdfnd@3@@internal@shdfnd@physx@@YAXPEAUSortedNeighbor@GrbTrimeshCookerHelper@2@HHAEBU?$Less@USortedNeighbor@GrbTrimeshCookerHelper@physx@@@12@@Z 0000000180009050 f i TriangleMeshBuilder.obj
 0001:00008180       ??$sort@UEdgeTriLookup@physx@@@shdfnd@physx@@YAXPEAUEdgeTriLookup@1@I@Z 0000000180009180 f i TriangleMeshBuilder.obj
 0001:000081a0       ??$sort@UEdgeTriLookup@physx@@U?$Less@UEdgeTriLookup@physx@@@shdfnd@2@V?$ReflectionAllocator@UEdgeTriLookup@physx@@@42@@shdfnd@physx@@YAXPEAUEdgeTriLookup@1@IAEBU?$Less@UEdgeTriLookup@physx@@@01@AEBV?$ReflectionAllocator@UEdgeTriLookup@physx@@@01@I@Z 00000001800091a0 f i TriangleMeshBuilder.obj
 0001:000086f0       ??$sort@USortedNeighbor@GrbTrimeshCookerHelper@physx@@@shdfnd@physx@@YAXPEAUSortedNeighbor@GrbTrimeshCookerHelper@1@I@Z 00000001800096f0 f i TriangleMeshBuilder.obj
 0001:00008710       ??$sort@USortedNeighbor@GrbTrimeshCookerHelper@physx@@U?$Less@USortedNeighbor@GrbTrimeshCookerHelper@physx@@@shdfnd@3@V?$ReflectionAllocator@USortedNeighbor@GrbTrimeshCookerHelper@physx@@@53@@shdfnd@physx@@YAXPEAUSortedNeighbor@GrbTrimeshCookerHelper@1@IAEBU?$Less@USortedNeighbor@GrbTrimeshCookerHelper@physx@@@01@AEBV?$ReflectionAllocator@USortedNeighbor@GrbTrimeshCookerHelper@physx@@@01@I@Z 0000000180009710 f i TriangleMeshBuilder.obj
 0001:00008b70       ??0PxVec4@physx@@QEAA@XZ   0000000180009b70 f i TriangleMeshBuilder.obj
 0001:00008b80       ??1BV4TriangleData@Gu@physx@@UEAA@XZ 0000000180009b80 f i TriangleMeshBuilder.obj
 0001:00008bc0       ??1RTreeTriangleData@Gu@physx@@UEAA@XZ 0000000180009bc0 f i TriangleMeshBuilder.obj
 0001:00008c30       ??1RemapCallback@RTreeCooker@physx@@UEAA@XZ 0000000180009c30 f i TriangleMeshBuilder.obj
 0001:00008c40       ??1TriangleMeshData@Gu@physx@@UEAA@XZ 0000000180009c40 f i TriangleMeshBuilder.obj
 0001:00008dc0       ??_GBV4TriangleData@Gu@physx@@UEAAPEAXI@Z 0000000180009dc0 f i TriangleMeshBuilder.obj
 0001:00008dc0       ??_EBV4TriangleData@Gu@physx@@UEAAPEAXI@Z 0000000180009dc0 f i TriangleMeshBuilder.obj
 0001:00008e50       ??_GBV4TriangleMeshBuilder@physx@@UEAAPEAXI@Z 0000000180009e50 f i TriangleMeshBuilder.obj
 0001:00008e50       ??_EBV4TriangleMeshBuilder@physx@@UEAAPEAXI@Z 0000000180009e50 f i TriangleMeshBuilder.obj
 0001:00008f00       ??_GRTreeCookerRemap@physx@@UEAAPEAXI@Z 0000000180009f00 f i TriangleMeshBuilder.obj
 0001:00008f00       ??_ERTreeCookerRemap@physx@@UEAAPEAXI@Z 0000000180009f00 f i TriangleMeshBuilder.obj
 0001:00008f30       ??_GRTreeTriangleData@Gu@physx@@UEAAPEAXI@Z 0000000180009f30 f i TriangleMeshBuilder.obj
 0001:00008f30       ??_ERTreeTriangleData@Gu@physx@@UEAAPEAXI@Z 0000000180009f30 f i TriangleMeshBuilder.obj
 0001:00008fa0       ??_GRTreeTriangleMeshBuilder@physx@@UEAAPEAXI@Z 0000000180009fa0 f i TriangleMeshBuilder.obj
 0001:00008fa0       ??_ERTreeTriangleMeshBuilder@physx@@UEAAPEAXI@Z 0000000180009fa0 f i TriangleMeshBuilder.obj
 0001:00009030       ??_GRemapCallback@RTreeCooker@physx@@UEAAPEAXI@Z 000000018000a030 f i TriangleMeshBuilder.obj
 0001:00009030       ??_ERemapCallback@RTreeCooker@physx@@UEAAPEAXI@Z 000000018000a030 f i TriangleMeshBuilder.obj
 0001:00009060       ??_ETriangleMeshBuilder@physx@@UEAAPEAXI@Z 000000018000a060 f i TriangleMeshBuilder.obj
 0001:00009060       ??_GTriangleMeshBuilder@physx@@UEAAPEAXI@Z 000000018000a060 f i TriangleMeshBuilder.obj
 0001:000090d0       ??_GTriangleMeshData@Gu@physx@@UEAAPEAXI@Z 000000018000a0d0 f i TriangleMeshBuilder.obj
 0001:000090d0       ??_ETriangleMeshData@Gu@physx@@UEAAPEAXI@Z 000000018000a0d0 f i TriangleMeshBuilder.obj
 0001:00009140       ?allocate@?$ReflectionAllocator@USortedNeighbor@GrbTrimeshCookerHelper@physx@@@shdfnd@physx@@QEAAPEAX_KPEBDH@Z 000000018000a140 f i TriangleMeshBuilder.obj
 0001:000091e0       ?allocateTriangles@TriangleMeshData@Gu@physx@@QEAAPEAXI_NI@Z 000000018000a1e0 f i TriangleMeshBuilder.obj
 0001:000092c0       ?allocateVertices@TriangleMeshData@Gu@physx@@QEAAPEAVPxVec3@3@I@Z 000000018000a2c0 f i TriangleMeshBuilder.obj
 0001:000099a0       ?getMidphaseID@BV4TriangleMeshBuilder@physx@@UEBA?AW4Enum@PxMeshMidPhase@2@XZ 000000018000a9a0 f i TriangleMeshBuilder.obj
 0001:000099b0       ?getMidphaseID@RTreeTriangleMeshBuilder@physx@@UEBA?AW4Enum@PxMeshMidPhase@2@XZ 000000018000a9b0 f i TriangleMeshBuilder.obj
 0001:000099c0       ?growAndPushBack@?$Array@USortedNeighbor@GrbTrimeshCookerHelper@physx@@V?$ReflectionAllocator@USortedNeighbor@GrbTrimeshCookerHelper@physx@@@shdfnd@3@@shdfnd@physx@@IEAAAEAUSortedNeighbor@GrbTrimeshCookerHelper@3@AEBU453@@Z 000000018000a9c0 f i TriangleMeshBuilder.obj
 0001:00009ac0       ?onMeshIndexFormatChange@TriangleMeshBuilder@physx@@UEAAXXZ 000000018000aac0 f i TriangleMeshBuilder.obj
 0001:00009ad0       ?recreate@?$Array@USharpEdgeRange@GrbTrimeshCookerHelper@physx@@V?$ReflectionAllocator@USharpEdgeRange@GrbTrimeshCookerHelper@physx@@@shdfnd@3@@shdfnd@physx@@IEAAXI@Z 000000018000aad0 f i TriangleMeshBuilder.obj
 0001:00009bf0       ?recreate@?$Array@USortedNeighbor@GrbTrimeshCookerHelper@physx@@V?$ReflectionAllocator@USortedNeighbor@GrbTrimeshCookerHelper@physx@@@shdfnd@3@@shdfnd@physx@@IEAAXI@Z 000000018000abf0 f i TriangleMeshBuilder.obj
 0001:00009cc0       ?remap@RTreeCookerRemap@physx@@UEAAXPEAIII@Z 000000018000acc0 f i TriangleMeshBuilder.obj
 0001:00009ce0       ?resize@?$Array@USharpEdgeRange@GrbTrimeshCookerHelper@physx@@V?$ReflectionAllocator@USharpEdgeRange@GrbTrimeshCookerHelper@physx@@@shdfnd@3@@shdfnd@physx@@QEAAXIAEBUSharpEdgeRange@GrbTrimeshCookerHelper@3@@Z 000000018000ace0 f i TriangleMeshBuilder.obj
 0001:00009dc0       ?resizeUninitialized@?$Array@USortedNeighbor@GrbTrimeshCookerHelper@physx@@V?$ReflectionAllocator@USortedNeighbor@GrbTrimeshCookerHelper@physx@@@shdfnd@3@@shdfnd@physx@@QEAAXI@Z 000000018000adc0 f i TriangleMeshBuilder.obj
 0001:00009e00       ??0BigConvexDataBuilder@physx@@QEAA@PEBUConvexHullData@Gu@1@PEAVBigConvexData@1@PEBVPxVec3@1@@Z 000000018000ae00 f   BigConvexDataBuilder.obj
 0001:00009e20       ??1BigConvexDataBuilder@physx@@QEAA@XZ 000000018000ae20 f   BigConvexDataBuilder.obj
 0001:00009e30       ?precompute@BigConvexDataBuilder@physx@@QEAA_NI@Z 000000018000ae30 f   BigConvexDataBuilder.obj
 0001:0000aa80       ?initialize@BigConvexDataBuilder@physx@@QEAA_NXZ 000000018000ba80 f   BigConvexDataBuilder.obj
 0001:0000ab30       ?save@BigConvexDataBuilder@physx@@QEBA_NAEAVPxOutputStream@2@_N@Z 000000018000bb30 f   BigConvexDataBuilder.obj
 0001:0000ad80       ?computeValencies@BigConvexDataBuilder@physx@@QEAA_NAEBVConvexHullBuilder@2@@Z 000000018000bd80 f   BigConvexDataBuilder.obj
 0001:0000b170       ?saveValencies@BigConvexDataBuilder@physx@@QEBA_NAEAVPxOutputStream@2@_N@Z 000000018000c170 f   BigConvexDataBuilder.obj
 0001:0000b320       ??0ConvexHullBuilder@physx@@QEAA@PEAUConvexHullData@Gu@1@_N@Z 000000018000c320 f   ConvexHullBuilder.obj
 0001:0000b350       ??1ConvexHullBuilder@physx@@QEAA@XZ 000000018000c350 f   ConvexHullBuilder.obj
 0001:0000b460       ?init@ConvexHullBuilder@physx@@QEAA_NIPEBVPxVec3@2@PEBIIIPEBUPxHullPolygon@2@_NPEAVConvexHullLib@2@@Z 000000018000c460 f   ConvexHullBuilder.obj
 0001:0000b870       ?save@ConvexHullBuilder@physx@@QEBA_NAEAVPxOutputStream@2@_N@Z 000000018000c870 f   ConvexHullBuilder.obj
 0001:0000bbb0       ?copy@ConvexHullBuilder@physx@@QEAA_NAEAUConvexHullData@Gu@2@AEAI@Z 000000018000cbb0 f   ConvexHullBuilder.obj
 0001:0000be20       ?createEdgeList@ConvexHullBuilder@physx@@QEAA_N_NI@Z 000000018000ce20 f   ConvexHullBuilder.obj
 0001:0000c700       ?checkHullPolygons@ConvexHullBuilder@physx@@QEBA_NXZ 000000018000d700 f   ConvexHullBuilder.obj
 0001:0000cce0       ?calculateVertexMapTable@ConvexHullBuilder@physx@@QEAA_NI_N@Z 000000018000dce0 f   ConvexHullBuilder.obj
 0001:0000cef0       ?computeGeomCenter@ConvexHullBuilder@physx@@IEBA_NAEAVPxVec3@2@IPEAUHullTriangleData@2@@Z 000000018000def0 f   ConvexHullBuilder.obj
 0001:0000d1b0       ??0PxVec3@physx@@QEAA@XZ   000000018000e1b0 f i ConvexHullBuilder.obj
 0001:0000d1c0       ??1ConvexHullLib@physx@@UEAA@XZ 000000018000e1c0 f   ConvexHullLib.obj
 0001:0000d220       ?cleanupVertices@ConvexHullLib@physx@@IEAA_NIPEBVPxVec3@2@IAEAIPEAV32@AEAV32@3@Z 000000018000e220 f   ConvexHullLib.obj
 0001:0000d670       ?shiftAndcleanupVertices@ConvexHullLib@physx@@IEAA_NIPEBVPxVec3@2@IAEAIPEAV32@AEAV32@3@Z 000000018000e670 f   ConvexHullLib.obj
 0001:0000db50       ?swapLargestFace@ConvexHullLib@physx@@IEAAXAEAVPxConvexMeshDesc@2@@Z 000000018000eb50 f   ConvexHullLib.obj
 0001:0000dd40       ?shiftConvexMeshDesc@ConvexHullLib@physx@@IEAAXAEAVPxConvexMeshDesc@2@@Z 000000018000ed40 f   ConvexHullLib.obj
 0001:0000de00       ??_GConvexHullLib@physx@@UEAAPEAXI@Z 000000018000ee00 f i ConvexHullLib.obj
 0001:0000de00       ??_EConvexHullLib@physx@@UEAAPEAXI@Z 000000018000ee00 f i ConvexHullLib.obj
 0001:0000e350       ??0ConvexHull@physx@@QEAA@AEBVPxVec3@1@0AEBV?$Array@VPxPlane@physx@@V?$ReflectionAllocator@VPxPlane@physx@@@shdfnd@2@@shdfnd@1@@Z 000000018000f350 f   ConvexHullUtils.obj
 0001:0000ed40       ??0ConvexHull@physx@@QEAA@AEBVPxVec3@1@AEBVPxTransform@1@AEBV?$Array@VPxPlane@physx@@V?$ReflectionAllocator@VPxPlane@physx@@@shdfnd@2@@shdfnd@1@@Z 000000018000fd40 f   ConvexHullUtils.obj
 0001:0000fea0       ?findCandidatePlane@ConvexHull@physx@@QEBAHMM@Z 0000000180010ea0 f   ConvexHullUtils.obj
 0001:00010300       ?assertIntact@ConvexHull@physx@@QEBA_NM@Z 0000000180011300 f   ConvexHullUtils.obj
 0001:00010620       ?maxNumVertsPerFace@ConvexHull@physx@@QEBAIXZ 0000000180011620 f   ConvexHullUtils.obj
 0001:000106a0       ?convexHullCrop@physx@@YAPEAVConvexHull@1@AEBV21@AEBVPxPlane@1@M@Z 00000001800116a0 f   ConvexHullUtils.obj
 0001:00011480       ?computeOBBFromConvex@physx@@YA_NAEBVPxConvexMeshDesc@1@AEAVPxVec3@1@AEAVPxTransform@1@@Z 0000000180012480 f   ConvexHullUtils.obj
 0001:00011bb0       ?computeOBBSIMD@local@@YAXIPEBT__m128@@AEAT2@AEBT2@1@Z 0000000180012bb0 f   ConvexHullUtils.obj
 0001:00011e10       ??0HalfEdge@ConvexHull@physx@@QEAA@XZ 0000000180012e10 f i ConvexHullUtils.obj
 0001:00011e20       ??0PxPlane@physx@@QEAA@XZ  0000000180012e20 f i ConvexHullUtils.obj
 0001:00011e30       ?allocate@?$Array@VHalfEdge@ConvexHull@physx@@V?$ReflectionAllocator@VHalfEdge@ConvexHull@physx@@@shdfnd@3@@shdfnd@physx@@IEAAPEAVHalfEdge@ConvexHull@3@I@Z 0000000180012e30 f i ConvexHullUtils.obj
 0001:00011ed0       ?allocate@?$Array@VPxPlane@physx@@V?$ReflectionAllocator@VPxPlane@physx@@@shdfnd@2@@shdfnd@physx@@IEAAPEAVPxPlane@3@I@Z 0000000180012ed0 f i ConvexHullUtils.obj
 0001:00011f70       ?copy@?$Array@VPxPlane@physx@@V?$ReflectionAllocator@VPxPlane@physx@@@shdfnd@2@@shdfnd@physx@@KAXPEAVPxPlane@3@0PEBV43@@Z 0000000180012f70 f i ConvexHullUtils.obj
 0001:00012070       ?getInverse@PxMat33@physx@@QEBA?BV12@XZ 0000000180013070 f i ConvexHullUtils.obj
 0001:000122c0       ?growAndPushBack@?$Array@VHalfEdge@ConvexHull@physx@@V?$ReflectionAllocator@VHalfEdge@ConvexHull@physx@@@shdfnd@3@@shdfnd@physx@@IEAAAEAVHalfEdge@ConvexHull@3@AEBV453@@Z 00000001800132c0 f i ConvexHullUtils.obj
 0001:00012390       ?growAndPushBack@?$Array@VPxPlane@physx@@V?$ReflectionAllocator@VPxPlane@physx@@@shdfnd@2@@shdfnd@physx@@IEAAAEAVPxPlane@3@AEBV43@@Z 0000000180013390 f i ConvexHullUtils.obj
 0001:00012460       ?recreate@?$Array@VHalfEdge@ConvexHull@physx@@V?$ReflectionAllocator@VHalfEdge@ConvexHull@physx@@@shdfnd@3@@shdfnd@physx@@IEAAXI@Z 0000000180013460 f i ConvexHullUtils.obj
 0001:00012520       ?recreate@?$Array@VPxPlane@physx@@V?$ReflectionAllocator@VPxPlane@physx@@@shdfnd@2@@shdfnd@physx@@IEAAXI@Z 0000000180013520 f i ConvexHullUtils.obj
 0001:000125a0       ?resize@?$Array@VHalfEdge@ConvexHull@physx@@V?$ReflectionAllocator@VHalfEdge@ConvexHull@physx@@@shdfnd@3@@shdfnd@physx@@QEAAXIAEBVHalfEdge@ConvexHull@3@@Z 00000001800135a0 f i ConvexHullUtils.obj
 0001:00012680       ?resize@?$Array@VPxPlane@physx@@V?$ReflectionAllocator@VPxPlane@physx@@@shdfnd@2@@shdfnd@physx@@QEAAXIAEBVPxPlane@3@@Z 0000000180013680 f i ConvexHullUtils.obj
 0001:000127a0       ?resize@?$Array@VPxVec3@physx@@V?$ReflectionAllocator@VPxVec3@physx@@@shdfnd@2@@shdfnd@physx@@QEAAXIAEBVPxVec3@3@@Z 00000001800137a0 f i ConvexHullUtils.obj
 0001:00012890       ??0ConvexMeshBuilder@physx@@QEAA@_N@Z 0000000180013890 f   ConvexMeshBuilder.obj
 0001:00012900       ??1ConvexMeshBuilder@physx@@QEAA@XZ 0000000180013900 f   ConvexMeshBuilder.obj
 0001:00012960       ?build@ConvexMeshBuilder@physx@@QEAA_NAEBVPxConvexMeshDesc@2@I_NPEAVConvexHullLib@2@@Z 0000000180013960 f   ConvexMeshBuilder.obj
 0001:00012c90       ?save@ConvexMeshBuilder@physx@@QEBA_NAEAVPxOutputStream@2@_N@Z 0000000180013c90 f   ConvexMeshBuilder.obj
 0001:00012ec0       ?copy@ConvexMeshBuilder@physx@@QEAA_NAEAUConvexHullData@Gu@2@AEAI@Z 0000000180013ec0 f   ConvexMeshBuilder.obj
 0001:00012f50       ?loadConvexHull@ConvexMeshBuilder@physx@@QEAA_NAEBVPxConvexMeshDesc@2@PEAVConvexHullLib@2@@Z 0000000180013f50 f   ConvexMeshBuilder.obj
 0001:00013200       ?computeHullPolygons@ConvexMeshBuilder@physx@@QEAA_NAEBIPEBVPxVec3@2@0PEBIAEAVPxAllocatorCallback@2@AEAIAEAPEAV32@4AEAPEAI4AEAPEAUPxHullPolygon@2@@Z 0000000180014200 f   ConvexMeshBuilder.obj
 0001:00013420       ?computeGaussMaps@ConvexMeshBuilder@physx@@QEAA_NXZ 0000000180014420 f   ConvexMeshBuilder.obj
 0001:00013510       ?computeMassInfo@ConvexMeshBuilder@physx@@QEAAX_N@Z 0000000180014510 f   ConvexMeshBuilder.obj
 0001:000138f0       ?computeInternalObjects@ConvexMeshBuilder@physx@@QEAAXXZ 00000001800148f0 f   ConvexMeshBuilder.obj
 0001:00013d70       ?isFinite@PxVec3@physx@@QEBA_NXZ 0000000180014d70 f i ConvexMeshBuilder.obj
 0001:00013dd0       ??0ConvexPolygonsBuilder@physx@@QEAA@PEAUConvexHullData@Gu@1@_N@Z 0000000180014dd0 f   ConvexPolygonsBuilder.obj
 0001:00013e00       ??1ConvexPolygonsBuilder@physx@@QEAA@XZ 0000000180014e00 f   ConvexPolygonsBuilder.obj
 0001:00013e50       ?computeHullPolygons@ConvexPolygonsBuilder@physx@@QEAA_NAEBIPEBVPxVec3@2@0PEBI@Z 0000000180014e50 f   ConvexPolygonsBuilder.obj
 0001:00014140       ?createPolygonData@ConvexPolygonsBuilder@physx@@AEAA_NXZ 0000000180015140 f   ConvexPolygonsBuilder.obj
 0001:00014d90       ?createTrianglesFromPolygons@ConvexPolygonsBuilder@physx@@AEAA_NXZ 0000000180015d90 f   ConvexPolygonsBuilder.obj
 0001:000156c0       ??$copy@V?$ReflectionAllocator@VPair@@@shdfnd@physx@@@?$Array@VPair@@V?$ReflectionAllocator@VPair@@@shdfnd@physx@@@shdfnd@physx@@IEAAXAEBV012@@Z 00000001800166c0 f i ConvexPolygonsBuilder.obj
 0001:000164c0       ?allocate@?$Array@IV?$ReflectionAllocator@I@shdfnd@physx@@@shdfnd@physx@@IEAAPEAII@Z 00000001800174c0 f i ConvexPolygonsBuilder.obj
 0001:00016560       ?allocate@?$Array@VPair@@V?$ReflectionAllocator@VPair@@@shdfnd@physx@@@shdfnd@physx@@IEAAPEAVPair@@I@Z 0000000180017560 f i ConvexPolygonsBuilder.obj
 0001:00017b00       ?growAndPushBack@?$Array@VPair@@V?$ReflectionAllocator@VPair@@@shdfnd@physx@@@shdfnd@physx@@IEAAAEAVPair@@AEBV4@@Z 0000000180018b00 f i ConvexPolygonsBuilder.obj
 0001:00017be0       ??0InflationConvexHullLib@physx@@QEAA@AEBVPxConvexMeshDesc@1@AEBUPxCookingParams@1@@Z 0000000180018be0 f   InflationConvexHullLib.obj
 0001:00017c20       ??1InflationConvexHullLib@physx@@UEAA@XZ 0000000180018c20 f   InflationConvexHullLib.obj
 0001:00017cb0       ?createConvexHull@InflationConvexHullLib@physx@@UEAA?AW4Enum@PxConvexMeshCookingResult@2@XZ 0000000180018cb0 f   InflationConvexHullLib.obj
 0001:00017dc0       ?fillConvexMeshDesc@InflationConvexHullLib@physx@@UEAAXAEAVPxConvexMeshDesc@2@@Z 0000000180018dc0 f   InflationConvexHullLib.obj
 0001:00017e40       ?computeHull@InflationConvexHullLib@physx@@IEAA?AW4ErrorCode@ConvexHullLibResult@2@IPEBVPxVec3@2@@Z 0000000180018e40 f   InflationConvexHullLib.obj
 0001:00018060       ?calchull@InflationConvexHullLib@physx@@IEAA?AW4ErrorCode@ConvexHullLibResult@2@PEBVPxVec3@2@IAEAPEAVConvexHull@2@@Z 0000000180019060 f   InflationConvexHullLib.obj
 0001:000182a0       ?calchullgen@InflationConvexHullLib@physx@@IEAA?AW4ErrorCode@ConvexHullLibResult@2@PEBVPxVec3@2@IAEAVHullTriangles@local@@@Z 00000001800192a0 f   InflationConvexHullLib.obj
 0001:00019370       ?calchullplanes@InflationConvexHullLib@physx@@IEAA_NPEBVPxVec3@2@AEAVHullTriangles@local@@AEAV?$Array@VPxPlane@physx@@V?$ReflectionAllocator@VPxPlane@physx@@@shdfnd@2@@shdfnd@2@@Z 000000018001a370 f   InflationConvexHullLib.obj
 0001:00019a90       ?overhull@InflationConvexHullLib@physx@@IEAA_NPEBVPxVec3@2@IAEBV?$Array@VPxPlane@physx@@V?$ReflectionAllocator@VPxPlane@physx@@@shdfnd@2@@shdfnd@2@AEAPEAVConvexHull@2@@Z 000000018001aa90 f   InflationConvexHullLib.obj
 0001:0001a130       ?expandHull@InflationConvexHullLib@physx@@IEAA?AW4ErrorCode@ConvexHullLibResult@2@PEBVPxVec3@2@IAEBVHullTriangles@local@@AEAPEAVConvexHull@2@@Z 000000018001b130 f   InflationConvexHullLib.obj
 0001:0001b080       ?expandHullOBB@InflationConvexHullLib@physx@@IEAA?AW4ErrorCode@ConvexHullLibResult@2@PEBVPxVec3@2@IAEBVHullTriangles@local@@AEAPEAVConvexHull@2@@Z 000000018001c080 f   InflationConvexHullLib.obj
 0001:0001b790       ?maxIndexInDirFiltered@local@@YAHPEBVPxVec3@physx@@IAEBV23@PEA_N@Z 000000018001c790 f   InflationConvexHullLib.obj
 0001:0001ba40       ?maxIndexInDirSterid@local@@YAHPEBVPxVec3@physx@@IAEBV23@AEAV?$Array@EV?$ReflectionAllocator@E@shdfnd@physx@@@shdfnd@3@@Z 000000018001ca40 f   InflationConvexHullLib.obj
 0001:0001bef0       ??_GConvexHull@physx@@QEAAPEAXI@Z 000000018001cef0 f i InflationConvexHullLib.obj
 0001:0001bfe0       ??_EInflationConvexHullLib@physx@@UEAAPEAXI@Z 000000018001cfe0 f i InflationConvexHullLib.obj
 0001:0001bfe0       ??_GInflationConvexHullLib@physx@@UEAAPEAXI@Z 000000018001cfe0 f i InflationConvexHullLib.obj
 0001:0001c0b0       ?allocate@?$Array@EV?$ReflectionAllocator@E@shdfnd@physx@@@shdfnd@physx@@IEAAPEAEI@Z 000000018001d0b0 f i InflationConvexHullLib.obj
 0001:0001c140       ?allocate@?$Array@HV?$ReflectionAllocator@H@shdfnd@physx@@@shdfnd@physx@@IEAAPEAHI@Z 000000018001d140 f i InflationConvexHullLib.obj
 0001:0001c1e0       ?allocate@?$Array@PEAVTri@local@@V?$ReflectionAllocator@PEAVTri@local@@@shdfnd@physx@@@shdfnd@physx@@IEAAPEAPEAVTri@local@@I@Z 000000018001d1e0 f i InflationConvexHullLib.obj
 0001:0001c280       ?b2bfix@HullTriangles@local@@IEAAXPEAVTri@2@0@Z 000000018001d280 f i InflationConvexHullLib.obj
 0001:0001c660       ?createEdgeList@InflationConvexHullLib@physx@@UEAA_NIPEBEPEAPEAEPEAPEAG2@Z 000000018001d660 f i InflationConvexHullLib.obj
 0001:0001c670       ?createTri@HullTriangles@local@@QEAAPEAVTri@2@HHH@Z 000000018001d670 f i InflationConvexHullLib.obj
 0001:0001c770       ?findExtrudable@HullTriangles@local@@QEBAPEAVTri@2@M@Z 000000018001d770 f i InflationConvexHullLib.obj
 0001:0001d050       ?getNormal@Tri@local@@QEBA?AVPxVec3@physx@@PEBV34@@Z 000000018001e050 f i InflationConvexHullLib.obj
 0001:0001d160       ?growAndPushBack@?$Array@EV?$ReflectionAllocator@E@shdfnd@physx@@@shdfnd@physx@@IEAAAEAEAEBE@Z 000000018001e160 f i InflationConvexHullLib.obj
 0001:0001d240       ?growAndPushBack@?$Array@HV?$ReflectionAllocator@H@shdfnd@physx@@@shdfnd@physx@@IEAAAEAHAEBH@Z 000000018001e240 f i InflationConvexHullLib.obj
 0001:0001d310       ?growAndPushBack@?$Array@PEAVTri@local@@V?$ReflectionAllocator@PEAVTri@local@@@shdfnd@physx@@@shdfnd@physx@@IEAAAEAPEAVTri@local@@AEBQEAV45@@Z 000000018001e310 f i InflationConvexHullLib.obj
 0001:0001d3f0       ?growAndPushBack@?$Array@UExpandPlane@local@@V?$ReflectionAllocator@UExpandPlane@local@@@shdfnd@physx@@@shdfnd@physx@@IEAAAEAUExpandPlane@local@@AEBU45@@Z 000000018001e3f0 f i InflationConvexHullLib.obj
 0001:0001d740       ?neib@Tri@local@@QEAAAEAHHH@Z 000000018001e740 f i InflationConvexHullLib.obj
 0001:0001d7f0       ?recreate@?$Array@EV?$ReflectionAllocator@E@shdfnd@physx@@@shdfnd@physx@@IEAAXI@Z 000000018001e7f0 f i InflationConvexHullLib.obj
 0001:0001d8b0       ?recreate@?$Array@HV?$ReflectionAllocator@H@shdfnd@physx@@@shdfnd@physx@@IEAAXI@Z 000000018001e8b0 f i InflationConvexHullLib.obj
 0001:0001d970       ?recreate@?$Array@PEAVTri@local@@V?$ReflectionAllocator@PEAVTri@local@@@shdfnd@physx@@@shdfnd@physx@@IEAAXI@Z 000000018001e970 f i InflationConvexHullLib.obj
 0001:0001da30       ?removeb2b@HullTriangles@local@@IEAAXPEAVTri@2@0@Z 000000018001ea30 f i InflationConvexHullLib.obj
 0001:0001daa0       ?resize@?$Array@HV?$ReflectionAllocator@H@shdfnd@physx@@@shdfnd@physx@@QEAAXIAEBH@Z 000000018001eaa0 f i InflationConvexHullLib.obj
 0001:0001db80       ??0QuickHullConvexHullLib@physx@@QEAA@AEBVPxConvexMeshDesc@1@AEBUPxCookingParams@1@@Z 000000018001eb80 f   QuickHullConvexHullLib.obj
 0001:0001dc80       ??1QuickHullConvexHullLib@physx@@UEAA@XZ 000000018001ec80 f   QuickHullConvexHullLib.obj
 0001:0001dd50       ?createConvexHull@QuickHullConvexHullLib@physx@@UEAA?AW4Enum@PxConvexMeshCookingResult@2@XZ 000000018001ed50 f   QuickHullConvexHullLib.obj
 0001:0001e2f0       ?fillConvexMeshDesc@QuickHullConvexHullLib@physx@@UEAAXAEAVPxConvexMeshDesc@2@@Z 000000018001f2f0 f   QuickHullConvexHullLib.obj
 0001:0001e340       ?createEdgeList@QuickHullConvexHullLib@physx@@UEAA_NIPEBEPEAPEAEPEAPEAG2@Z 000000018001f340 f   QuickHullConvexHullLib.obj
 0001:0001e610       ?expandHullOBB@QuickHullConvexHullLib@physx@@IEAA?AW4Enum@PxConvexMeshCookingResult@2@XZ 000000018001f610 f   QuickHullConvexHullLib.obj
 0001:0001ea50       ?expandHull@QuickHullConvexHullLib@physx@@IEAA?AW4Enum@PxConvexMeshCookingResult@2@XZ 000000018001fa50 f   QuickHullConvexHullLib.obj
 0001:0001f3a0       ?cleanupForSimplex@QuickHullConvexHullLib@physx@@IEAA_NPEAVPxVec3@2@IPEAUQuickHullVertex@local@@1AEAM2@Z 00000001800203a0 f   QuickHullConvexHullLib.obj
 0001:0001ff90       ?fillConvexMeshDescFromQuickHull@QuickHullConvexHullLib@physx@@IEAAXAEAVPxConvexMeshDesc@2@@Z 0000000180020f90 f   QuickHullConvexHullLib.obj
 0001:00020320       ?fillConvexMeshDescFromCroppedHull@QuickHullConvexHullLib@physx@@IEAAXAEAVPxConvexMeshDesc@2@@Z 0000000180021320 f   QuickHullConvexHullLib.obj
 0001:00020520       ?getOppositeFaceDistance@QuickHullHalfEdge@local@@QEBAMXZ 0000000180021520 f   QuickHullConvexHullLib.obj
 0001:00020560       ?mergeAdjacentFace@QuickHullFace@local@@QEAA_NPEAUQuickHullHalfEdge@2@AEAV?$Array@PEAUQuickHullFace@local@@V?$ReflectionAllocator@PEAUQuickHullFace@local@@@shdfnd@physx@@@shdfnd@physx@@@Z 0000000180021560 f   QuickHullConvexHullLib.obj
 0001:000209b0       ?checkFaceConsistency@QuickHullFace@local@@QEAA_NXZ 00000001800219b0 f   QuickHullConvexHullLib.obj
 0001:000209c0       ?connectHalfEdges@QuickHullFace@local@@AEAAPEAU12@PEAUQuickHullHalfEdge@2@0@Z 00000001800219c0 f   QuickHullConvexHullLib.obj
 0001:00020d30       ??0QuickHull@local@@QEAA@AEBUPxCookingParams@physx@@AEBVPxConvexMeshDesc@3@@Z 0000000180021d30 f   QuickHullConvexHullLib.obj
 0001:00020de0       ??1QuickHull@local@@QEAA@XZ 0000000180021de0 f   QuickHullConvexHullLib.obj
 0001:00020f30       ?preallocate@QuickHull@local@@QEAAXI@Z 0000000180021f30 f   QuickHullConvexHullLib.obj
 0001:00021080       ?parseInputVertices@QuickHull@local@@QEAAXPEBVPxVec3@physx@@I@Z 0000000180022080 f   QuickHullConvexHullLib.obj
 0001:000211f0       ?releaseHull@QuickHull@local@@QEAAXXZ 00000001800221f0 f   QuickHullConvexHullLib.obj
 0001:00021250       ?setPrecomputedMinMax@QuickHull@local@@QEAAXPEBUQuickHullVertex@2@0MM@Z 0000000180022250 f   QuickHullConvexHullLib.obj
 0001:000213e0       ?buildHull@QuickHull@local@@QEAA?AW4Enum@QuickHullResult@2@XZ 00000001800223e0 f   QuickHullConvexHullLib.obj
 0001:00021640       ?maxNumVertsPerFace@QuickHull@local@@QEBAIXZ 0000000180022640 f   QuickHullConvexHullLib.obj
 0001:00021680       ?computeMinMaxVerts@QuickHull@local@@IEAAXXZ 0000000180022680 f   QuickHullConvexHullLib.obj
 0001:00021a70       ?findSimplex@QuickHull@local@@IEAA_NXZ 0000000180022a70 f   QuickHullConvexHullLib.obj
 0001:00022710       ?addSimplex@QuickHull@local@@IEAAXPEAUQuickHullVertex@2@_N@Z 0000000180023710 f   QuickHullConvexHullLib.obj
 0001:00022be0       ?nextPointToAdd@QuickHull@local@@IEAAPEAUQuickHullVertex@2@AEAPEAUQuickHullFace@2@@Z 0000000180023be0 f   QuickHullConvexHullLib.obj
 0001:00022d40       ?addPointToHull@QuickHull@local@@IEAA_NPEBUQuickHullVertex@2@AEAUQuickHullFace@2@AEA_N@Z 0000000180023d40 f   QuickHullConvexHullLib.obj
 0001:00023130       ?createTriangle@QuickHull@local@@IEAAPEAUQuickHullFace@2@AEBUQuickHullVertex@2@00@Z 0000000180024130 f   QuickHullConvexHullLib.obj
 0001:000234e0       ?addPointToFace@QuickHull@local@@IEAAXAEAUQuickHullFace@2@PEAUQuickHullVertex@2@M@Z 00000001800244e0 f   QuickHullConvexHullLib.obj
 0001:00023530       ?removeEyePointFromFace@QuickHull@local@@IEAAXAEAUQuickHullFace@2@PEBUQuickHullVertex@2@@Z 0000000180024530 f   QuickHullConvexHullLib.obj
 0001:00023550       ?calculateHorizon@QuickHull@local@@IEAAXAEBVPxVec3@physx@@PEAUQuickHullHalfEdge@2@AEAUQuickHullFace@2@AEAV?$Array@PEAUQuickHullHalfEdge@local@@V?$ReflectionAllocator@PEAUQuickHullHalfEdge@local@@@shdfnd@physx@@@shdfnd@4@AEAV?$Array@PEAUQuickHullFace@local@@V?$ReflectionAllocator@PEAUQuickHullFace@local@@@shdfnd@physx@@@84@@Z 0000000180024550 f   QuickHullConvexHullLib.obj
 0001:00023700       ?addNewFacesFromHorizon@QuickHull@local@@IEAAXPEBUQuickHullVertex@2@AEBV?$Array@PEAUQuickHullHalfEdge@local@@V?$ReflectionAllocator@PEAUQuickHullHalfEdge@local@@@shdfnd@physx@@@shdfnd@physx@@AEAV?$Array@PEAUQuickHullFace@local@@V?$ReflectionAllocator@PEAUQuickHullFace@local@@@shdfnd@physx@@@56@@Z 0000000180024700 f   QuickHullConvexHullLib.obj
 0001:00023850       ?doAdjacentMerge@QuickHull@local@@IEAA_NAEAUQuickHullFace@2@_NAEA_N@Z 0000000180024850 f   QuickHullConvexHullLib.obj
 0001:00023ac0       ?doPostAdjacentMerge@QuickHull@local@@IEAA_NAEAUQuickHullFace@2@M@Z 0000000180024ac0 f   QuickHullConvexHullLib.obj
 0001:00023bf0       ?deleteFacePoints@QuickHull@local@@IEAAXAEAUQuickHullFace@2@PEAU32@@Z 0000000180024bf0 f   QuickHullConvexHullLib.obj
 0001:00023d00       ?resolveUnclaimedPoints@QuickHull@local@@IEAAXAEBV?$Array@PEAUQuickHullFace@local@@V?$ReflectionAllocator@PEAUQuickHullFace@local@@@shdfnd@physx@@@shdfnd@physx@@@Z 0000000180024d00 f   QuickHullConvexHullLib.obj
 0001:00023f50       ?postMergeHull@QuickHull@local@@IEAAXXZ 0000000180024f50 f   QuickHullConvexHullLib.obj
 0001:000240d0       ?canMergeFaces@QuickHull@local@@IEAA_NAEBUQuickHullHalfEdge@2@@Z 00000001800250d0 f   QuickHullConvexHullLib.obj
 0001:00024910       ?getExpandPoint@local@@YAXAEBUQuickHullHalfEdge@1@AEAUExpandPoint@1@PEBV?$Array@IV?$ReflectionAllocator@I@shdfnd@physx@@@shdfnd@physx@@@Z 0000000180025910 f   QuickHullConvexHullLib.obj
 0001:000249b0       ?addExpandPoint@local@@YAXAEBUExpandPoint@1@AEAV?$Array@UExpandPoint@local@@V?$ReflectionAllocator@UExpandPoint@local@@@shdfnd@physx@@@shdfnd@physx@@@Z 00000001800259b0 f   QuickHullConvexHullLib.obj
 0001:00024a90       ??0PxPlane@physx@@QEAA@AEBV01@@Z 0000000180025a90 f i QuickHullConvexHullLib.obj
 0001:00024ab0       ??0QuickHullVertex@local@@QEAA@XZ 0000000180025ab0 f i QuickHullConvexHullLib.obj
 0001:00024ac0       ??1?$MemBlock@UQuickHullFace@local@@$00@local@@QEAA@XZ 0000000180025ac0 f i QuickHullConvexHullLib.obj
 0001:00024b50       ??1?$MemBlock@UQuickHullHalfEdge@local@@$0A@@local@@QEAA@XZ 0000000180025b50 f i QuickHullConvexHullLib.obj
 0001:00024be0       ??_GQuickHullConvexHullLib@physx@@UEAAPEAXI@Z 0000000180025be0 f i QuickHullConvexHullLib.obj
 0001:00024be0       ??_EQuickHullConvexHullLib@physx@@UEAAPEAXI@Z 0000000180025be0 f i QuickHullConvexHullLib.obj
 0001:00024ce0       ??__G@YAXPEAX0_K1P6APEAX00@Z@Z 0000000180025ce0 f i QuickHullConvexHullLib.obj
 0001:00024d40       ?allocate@?$Array@PEAUQuickHullFace@local@@V?$ReflectionAllocator@PEAUQuickHullFace@local@@@shdfnd@physx@@@shdfnd@physx@@IEAAPEAPEAUQuickHullFace@local@@I@Z 0000000180025d40 f i QuickHullConvexHullLib.obj
 0001:00024de0       ?allocate@?$Array@PEAUQuickHullHalfEdge@local@@V?$ReflectionAllocator@PEAUQuickHullHalfEdge@local@@@shdfnd@physx@@@shdfnd@physx@@IEAAPEAPEAUQuickHullHalfEdge@local@@I@Z 0000000180025de0 f i QuickHullConvexHullLib.obj
 0001:00024e80       ?allocate@?$Array@PEAUQuickHullVertex@local@@V?$ReflectionAllocator@PEAUQuickHullVertex@local@@@shdfnd@physx@@@shdfnd@physx@@IEAAPEAPEAUQuickHullVertex@local@@I@Z 0000000180025e80 f i QuickHullConvexHullLib.obj
 0001:00024f20       ?allocate@?$Array@UExpandPoint@local@@V?$ReflectionAllocator@UExpandPoint@local@@@shdfnd@physx@@@shdfnd@physx@@IEAAPEAUExpandPoint@local@@I@Z 0000000180025f20 f i QuickHullConvexHullLib.obj
 0001:00024fc0       ?copy@?$Array@UExpandPoint@local@@V?$ReflectionAllocator@UExpandPoint@local@@@shdfnd@physx@@@shdfnd@physx@@KAXPEAUExpandPoint@local@@0PEBU45@@Z 0000000180025fc0 f i QuickHullConvexHullLib.obj
 0001:00025070       ?getFreeItem@?$MemBlock@UQuickHullFace@local@@$00@local@@QEAAPEAUQuickHullFace@2@XZ 0000000180026070 f i QuickHullConvexHullLib.obj
 0001:000251a0       ?getFreeItem@?$MemBlock@UQuickHullHalfEdge@local@@$0A@@local@@QEAAPEAUQuickHullHalfEdge@2@XZ 00000001800261a0 f i QuickHullConvexHullLib.obj
 0001:00025270       ?growAndPushBack@?$Array@PEAUQuickHullFace@local@@V?$ReflectionAllocator@PEAUQuickHullFace@local@@@shdfnd@physx@@@shdfnd@physx@@IEAAAEAPEAUQuickHullFace@local@@AEBQEAU45@@Z 0000000180026270 f i QuickHullConvexHullLib.obj
 0001:00025350       ?growAndPushBack@?$Array@PEAUQuickHullHalfEdge@local@@V?$ReflectionAllocator@PEAUQuickHullHalfEdge@local@@@shdfnd@physx@@@shdfnd@physx@@IEAAAEAPEAUQuickHullHalfEdge@local@@AEBQEAU45@@Z 0000000180026350 f i QuickHullConvexHullLib.obj
 0001:00025430       ?growAndPushBack@?$Array@PEAUQuickHullVertex@local@@V?$ReflectionAllocator@PEAUQuickHullVertex@local@@@shdfnd@physx@@@shdfnd@physx@@IEAAAEAPEAUQuickHullVertex@local@@AEBQEAU45@@Z 0000000180026430 f i QuickHullConvexHullLib.obj
 0001:00025510       ?growAndPushBack@?$Array@UExpandPoint@local@@V?$ReflectionAllocator@UExpandPoint@local@@@shdfnd@physx@@@shdfnd@physx@@IEAAAEAUExpandPoint@local@@AEBU45@@Z 0000000180026510 f i QuickHullConvexHullLib.obj
 0001:00025610       ?init@?$MemBlock@UQuickHullFace@local@@$00@local@@QEAAXI@Z 0000000180026610 f i QuickHullConvexHullLib.obj
 0001:00025710       ?init@?$MemBlock@UQuickHullHalfEdge@local@@$0A@@local@@QEAAXI@Z 0000000180026710 f i QuickHullConvexHullLib.obj
 0001:000257b0       ?recreate@?$Array@PEAUQuickHullFace@local@@V?$ReflectionAllocator@PEAUQuickHullFace@local@@@shdfnd@physx@@@shdfnd@physx@@IEAAXI@Z 00000001800267b0 f i QuickHullConvexHullLib.obj
 0001:00025870       ?recreate@?$Array@PEAUQuickHullHalfEdge@local@@V?$ReflectionAllocator@PEAUQuickHullHalfEdge@local@@@shdfnd@physx@@@shdfnd@physx@@IEAAXI@Z 0000000180026870 f i QuickHullConvexHullLib.obj
 0001:00025930       ?recreate@?$Array@PEAUQuickHullVertex@local@@V?$ReflectionAllocator@PEAUQuickHullVertex@local@@@shdfnd@physx@@@shdfnd@physx@@IEAAXI@Z 0000000180026930 f i QuickHullConvexHullLib.obj
 0001:000259f0       ?recreate@?$Array@UExpandPoint@local@@V?$ReflectionAllocator@UExpandPoint@local@@@shdfnd@physx@@@shdfnd@physx@@IEAAXI@Z 00000001800269f0 f i QuickHullConvexHullLib.obj
 0001:00025a70       ?computeVolumeIntegrals@physx@@YA_NAEBVPxSimpleTriangleMesh@1@MAEAUPxIntegrals@1@@Z 0000000180026a70 f   VolumeIntegration.obj
 0001:00025ae0       ?computeVolumeIntegralsEberly@physx@@YA_NAEBVPxConvexMeshDesc@1@MAEAUPxIntegrals@1@AEBVPxVec3@1@@Z 0000000180026ae0 f   VolumeIntegration.obj
 0001:00025b30       ?computeVolumeIntegralsEberlySIMD@physx@@YA_NAEBVPxConvexMeshDesc@1@MAEAUPxIntegrals@1@AEBVPxVec3@1@@Z 0000000180026b30 f   VolumeIntegration.obj
 0001:00027fb0       ?ComputeNbBoundaryEdges@AdjTriangle@physx@@QEBAIXZ 0000000180028fb0 f   Adjacencies.obj
 0001:00028000       ?ComputeNbNeighbors@AdjTriangle@physx@@QEBAIXZ 0000000180029000 f   Adjacencies.obj
 0001:00028050       ?HasNeighbor@AdjTriangle@physx@@QEBA_NIPEAI@Z 0000000180029050 f   Adjacencies.obj
 0001:000280c0       ?Flip@AdjTriangle@physx@@QEAAXXZ 00000001800290c0 f   Adjacencies.obj
 0001:000280e0       ??0Adjacencies@physx@@QEAA@XZ 00000001800290e0 f   Adjacencies.obj
 0001:00028100       ??1Adjacencies@physx@@QEAA@XZ 0000000180029100 f   Adjacencies.obj
 0001:00028170       ?Load@Adjacencies@physx@@QEAA_NAEAVPxInputStream@2@@Z 0000000180029170 f   Adjacencies.obj
 0001:000282a0       ?ComputeNbBoundaryEdges@Adjacencies@physx@@QEBAIXZ 00000001800292a0 f   Adjacencies.obj
 0001:00028320       ?GetBoundaryVertices@Adjacencies@physx@@QEBA_NIPEA_NPEBU?$TriangleT@I@Gu@2@@Z 0000000180029320 f   Adjacencies.obj
 0001:00028480       ?MakeLastRef@Adjacencies@physx@@QEAA_NAEAVAdjTriangle@2@IPEAU?$TriangleT@I@Gu@2@@Z 0000000180029480 f   Adjacencies.obj
 0001:000286d0       ?AssignNewEdgeCode@Adjacencies@physx@@AEAAXIE@Z 00000001800296d0 f   Adjacencies.obj
 0001:00028720       ??0AdjacenciesBuilder@physx@@QEAA@XZ 0000000180029720 f   Adjacencies.obj
 0001:00028740       ??1AdjacenciesBuilder@physx@@QEAA@XZ 0000000180029740 f   Adjacencies.obj
 0001:00028750       ?Init@AdjacenciesBuilder@physx@@QEAA_NAEBUADJACENCIESCREATE@2@@Z 0000000180029750 f   Adjacencies.obj
 0001:00028b30       ??0AdjEdge@@QEAA@XZ        0000000180029b30 f i Adjacencies.obj
 0001:00028b40       ??0AdjTriangle@physx@@QEAA@XZ 0000000180029b40 f i Adjacencies.obj
 0001:00028b50       ??1AdjEdge@@QEAA@XZ        0000000180029b50 f i Adjacencies.obj
 0001:00028b60       ??1AdjTriangle@physx@@QEAA@XZ 0000000180029b60 f i Adjacencies.obj
 0001:00028b70       ??_EAdjEdge@@QEAAPEAXI@Z   0000000180029b70 f i Adjacencies.obj
 0001:00028bf0       ??_EAdjTriangle@physx@@QEAAPEAXI@Z 0000000180029bf0 f i Adjacencies.obj
 0001:00028c70       ??_I@YAXPEAX_K1P6AX0@Z@Z   0000000180029c70 f i Adjacencies.obj
 0001:00029180       PxCreateCooking            000000018002a180 f   Cooking.obj
 0001:000292a0       ?release@Cooking@physx@@UEAAXXZ 000000018002a2a0 f   Cooking.obj
 0001:000292d0       ?setParams@Cooking@physx@@UEAAXAEBUPxCookingParams@2@@Z 000000018002a2d0 f   Cooking.obj
 0001:00029350       ?getParams@Cooking@physx@@UEBAAEBUPxCookingParams@2@XZ 000000018002a350 f   Cooking.obj
 0001:00029360       ?platformMismatch@Cooking@physx@@UEBA_NXZ 000000018002a360 f   Cooking.obj
 0001:00029380       ?cookTriangleMesh@Cooking@physx@@UEBA_NAEBVPxTriangleMeshDesc@2@AEAVPxOutputStream@2@PEAW4Enum@PxTriangleMeshCookingResult@2@@Z 000000018002a380 f   Cooking.obj
 0001:000294f0       ?createTriangleMesh@Cooking@physx@@UEBAPEAVPxTriangleMesh@2@AEBVPxTriangleMeshDesc@2@AEAVPxPhysicsInsertionCallback@2@PEAW4Enum@PxTriangleMeshCookingResult@2@@Z 000000018002a4f0 f   Cooking.obj
 0001:00029660       ?validateTriangleMesh@Cooking@physx@@UEBA_NAEBVPxTriangleMeshDesc@2@@Z 000000018002a660 f   Cooking.obj
 0001:00029770       ?cookConvexMesh@Cooking@physx@@UEBA_NAEBVPxConvexMeshDesc@2@AEAVPxOutputStream@2@PEAW4Enum@PxConvexMeshCookingResult@2@@Z 000000018002a770 f   Cooking.obj
 0001:000299e0       ?createConvexMesh@Cooking@physx@@UEBAPEAVPxConvexMesh@2@AEBVPxConvexMeshDesc@2@AEAVPxPhysicsInsertionCallback@2@PEAW4Enum@PxConvexMeshCookingResult@2@@Z 000000018002a9e0 f   Cooking.obj
 0001:00029d00       ?validateConvexMesh@Cooking@physx@@UEBA_NAEBVPxConvexMeshDesc@2@@Z 000000018002ad00 f   Cooking.obj
 0001:00029d70       ?computeHullPolygons@Cooking@physx@@UEBA_NAEBVPxSimpleTriangleMesh@2@AEAVPxAllocatorCallback@2@AEAIAEAPEAVPxVec3@2@2AEAPEAI2AEAPEAUPxHullPolygon@2@@Z 000000018002ad70 f   Cooking.obj
 0001:00029f50       ?cookHeightField@Cooking@physx@@UEBA_NAEBVPxHeightFieldDesc@2@AEAVPxOutputStream@2@@Z 000000018002af50 f   Cooking.obj
 0001:0002a070       ?createHeightField@Cooking@physx@@UEBAPEAVPxHeightField@2@AEBVPxHeightFieldDesc@2@AEAVPxPhysicsInsertionCallback@2@@Z 000000018002b070 f   Cooking.obj
 0001:0002a200       ?cookConvexMeshInternal@Cooking@physx@@AEBA_NAEBVPxConvexMeshDesc@2@AEAVConvexMeshBuilder@2@PEAVConvexHullLib@2@PEAW4Enum@PxConvexMeshCookingResult@2@@Z 000000018002b200 f   Cooking.obj
 0001:0002a4e0       ?cookTriangleMesh@Cooking@physx@@AEBA_NAEAVTriangleMeshBuilder@2@AEBVPxTriangleMeshDesc@2@AEAVPxOutputStream@2@PEAW4Enum@PxTriangleMeshCookingResult@2@@Z 000000018002b4e0 f   Cooking.obj
 0001:0002a580       ?createTriangleMesh@Cooking@physx@@AEBAPEAVPxTriangleMesh@2@AEAVTriangleMeshBuilder@2@AEBVPxTriangleMeshDesc@2@AEAVPxPhysicsInsertionCallback@2@PEAW4Enum@PxTriangleMeshCookingResult@2@@Z 000000018002b580 f   Cooking.obj
 0001:0002a630       ??1PxCooking@physx@@MEAA@XZ 000000018002b630 f i Cooking.obj
 0001:0002a640       ??_ECooking@physx@@UEAAPEAXI@Z 000000018002b640 f i Cooking.obj
 0001:0002a640       ??_GCooking@physx@@UEAAPEAXI@Z 000000018002b640 f i Cooking.obj
 0001:0002a690       ??_GPxCooking@physx@@MEAAPEAXI@Z 000000018002b690 f i Cooking.obj
 0001:0002a690       ??_EPxCooking@physx@@MEAAPEAXI@Z 000000018002b690 f i Cooking.obj
 0001:0002a6c0       ??0ReducedVertexCloud@physx@@QEAA@PEBVPxVec3@1@I@Z 000000018002b6c0 f   CookingUtils.obj
 0001:0002a6e0       ??1ReducedVertexCloud@physx@@QEAA@XZ 000000018002b6e0 f   CookingUtils.obj
 0001:0002a6f0       ?Clean@ReducedVertexCloud@physx@@QEAAAEAV12@XZ 000000018002b6f0 f   CookingUtils.obj
 0001:0002a760       ?Reduce@ReducedVertexCloud@physx@@QEAA_NPEAUREDUCEDCLOUD@2@@Z 000000018002b760 f   CookingUtils.obj
 0001:0002aa90       ??0EdgeList@Gu@physx@@QEAA@XZ 000000018002ba90 f   EdgeList.obj
 0001:0002aab0       ??1EdgeList@Gu@physx@@QEAA@XZ 000000018002bab0 f   EdgeList.obj
 0001:0002ab60       ?load@EdgeList@Gu@physx@@QEAA_NAEAVPxInputStream@3@@Z 000000018002bb60 f   EdgeList.obj
 0001:0002ad60       ??0EdgeListBuilder@Gu@physx@@QEAA@XZ 000000018002bd60 f   EdgeList.obj
 0001:0002ad80       ??1EdgeListBuilder@Gu@physx@@QEAA@XZ 000000018002bd80 f   EdgeList.obj
 0001:0002ad90       ?init@EdgeListBuilder@Gu@physx@@QEAA_NAEBUEDGELISTCREATE@23@@Z 000000018002bd90 f   EdgeList.obj
 0001:0002aed0       ?createFacesToEdges@EdgeListBuilder@Gu@physx@@AEAA_NIPEBIPEBG@Z 000000018002bed0 f   EdgeList.obj
 0001:0002b3d0       ?createEdgesToFaces@EdgeListBuilder@Gu@physx@@AEAA_NIPEBIPEBG@Z 000000018002c3d0 f   EdgeList.obj
 0001:0002b630       ?computeActiveEdges@EdgeListBuilder@Gu@physx@@AEAA_NIPEBIPEBGPEBVPxVec3@3@M@Z 000000018002c630 f   EdgeList.obj
 0001:0002cbd0       ??0MeshCleaner@physx@@QEAA@IPEBVPxVec3@1@IPEBIM@Z 000000018002dbd0 f   MeshCleaner.obj
 0001:0002d560       ??1MeshCleaner@physx@@QEAA@XZ 000000018002e560 f   MeshCleaner.obj
 0001:0002d5f0       ?createQuantizer@physx@@YAPEAVQuantizer@1@XZ 000000018002e5f0 f   Quantizer.obj
 0001:0002d6a0       ?kmeans_cluster3d@@YAIPEBVPxVec3@physx@@IIPEAV12@PEAIMM@Z 000000018002e6a0 f   Quantizer.obj
 0001:0002d6b0       ??$kmeans_cluster@VPxVec3@physx@@M@@YAIPEBVPxVec3@physx@@IIPEAV01@PEAIMM@Z 000000018002e6b0 f i Quantizer.obj
 0001:0002df90       ??1Quantizer@physx@@MEAA@XZ 000000018002ef90 f i Quantizer.obj
 0001:0002dfa0       ??1QuantizerImpl@@EEAA@XZ  000000018002efa0 f i Quantizer.obj
 0001:0002e020       ??_GQuantizer@physx@@MEAAPEAXI@Z 000000018002f020 f i Quantizer.obj
 0001:0002e020       ??_EQuantizer@physx@@MEAAPEAXI@Z 000000018002f020 f i Quantizer.obj
 0001:0002e050       ??_EQuantizerImpl@@EEAAPEAXI@Z 000000018002f050 f i Quantizer.obj
 0001:0002e050       ??_GQuantizerImpl@@EEAAPEAXI@Z 000000018002f050 f i Quantizer.obj
 0001:0002e120       ?getDenormalizeCenter@QuantizerImpl@@UEBAAEBVPxVec3@physx@@XZ 000000018002f120 f i Quantizer.obj
 0001:0002e130       ?getDenormalizeScale@QuantizerImpl@@UEBAAEBVPxVec3@physx@@XZ 000000018002f130 f i Quantizer.obj
 0001:0002e140       ?kmeansQuantize3D@QuantizerImpl@@UEAAPEBVPxVec3@physx@@IPEBV23@I_NIAEAI@Z 000000018002f140 f i Quantizer.obj
 0001:0002e3a0       ?normalizeInput@QuantizerImpl@@AEAAXIPEBVPxVec3@physx@@I@Z 000000018002f3a0 f i Quantizer.obj
 0001:0002e7b0       ?release@QuantizerImpl@@UEAAXXZ 000000018002f7b0 f i Quantizer.obj
 0001:0002e7c2       LoadLibraryA               000000018002f7c2 f   kernel32:KERNEL32.dll
 0001:0002e7c8       __imp_load_PxGetFoundation 000000018002f7c8 f   PxFoundation_x64:PxFoundation_x64.dll
 0001:0002e7d4       PxGetFoundation            000000018002f7d4 f   PxFoundation_x64:PxFoundation_x64.dll
 0001:0002e7da       __tailMerge_pxfoundation_x64_dll 000000018002f7da     PxFoundation_x64:PxFoundation_x64.dll
 0001:0002e853       __imp_load_?getAllocator@shdfnd@physx@@YAAEAVPxAllocatorCallback@2@XZ 000000018002f853 f   PxFoundation_x64:PxFoundation_x64.dll
 0001:0002e85f       ?getAllocator@shdfnd@physx@@YAAEAVPxAllocatorCallback@2@XZ 000000018002f85f f   PxFoundation_x64:PxFoundation_x64.dll
 0001:0002e865       __imp_load_?allocate@TempAllocator@shdfnd@physx@@QEAAPEAX_KPEBDH@Z 000000018002f865 f   PxFoundation_x64:PxFoundation_x64.dll
 0001:0002e871       ?allocate@TempAllocator@shdfnd@physx@@QEAAPEAX_KPEBDH@Z 000000018002f871 f   PxFoundation_x64:PxFoundation_x64.dll
 0001:0002e877       __imp_load_?deallocate@TempAllocator@shdfnd@physx@@QEAAXPEAX@Z 000000018002f877 f   PxFoundation_x64:PxFoundation_x64.dll
 0001:0002e883       ?deallocate@TempAllocator@shdfnd@physx@@QEAAXPEAX@Z 000000018002f883 f   PxFoundation_x64:PxFoundation_x64.dll
 0001:0002e889       __imp_load_?getInstance@Foundation@shdfnd@physx@@SAAEAV123@XZ 000000018002f889 f   PxFoundation_x64:PxFoundation_x64.dll
 0001:0002e895       ?getInstance@Foundation@shdfnd@physx@@SAAEAV123@XZ 000000018002f895 f   PxFoundation_x64:PxFoundation_x64.dll
 0001:0002e89b       __imp_load_?error@Foundation@shdfnd@physx@@QEAAXW4Enum@PxErrorCode@3@PEBDH1ZZ 000000018002f89b f   PxFoundation_x64:PxFoundation_x64.dll
 0001:0002e8a7       ?error@Foundation@shdfnd@physx@@QEAAXW4Enum@PxErrorCode@3@PEBDH1ZZ 000000018002f8a7 f   PxFoundation_x64:PxFoundation_x64.dll
 0001:0002e8ad       __imp_load_?PxDiagonalize@physx@@YA?AVPxVec3@1@AEBVPxMat33@1@AEAVPxQuat@1@@Z 000000018002f8ad f   PxFoundation_x64:PxFoundation_x64.dll
 0001:0002e8b9       ?PxDiagonalize@physx@@YA?AVPxVec3@1@AEBVPxMat33@1@AEAVPxQuat@1@@Z 000000018002f8b9 f   PxFoundation_x64:PxFoundation_x64.dll
 0001:0002e8bf       __imp_load_?incRefCount@Foundation@shdfnd@physx@@SAXXZ 000000018002f8bf f   PxFoundation_x64:PxFoundation_x64.dll
 0001:0002e8cb       ?incRefCount@Foundation@shdfnd@physx@@SAXXZ 000000018002f8cb f   PxFoundation_x64:PxFoundation_x64.dll
 0001:0002e8d1       __imp_load_?decRefCount@Foundation@shdfnd@physx@@SAXXZ 000000018002f8d1 f   PxFoundation_x64:PxFoundation_x64.dll
 0001:0002e8dd       ?decRefCount@Foundation@shdfnd@physx@@SAXXZ 000000018002f8dd f   PxFoundation_x64:PxFoundation_x64.dll
 0001:0002e8e3       __imp_load_??0FPUGuard@shdfnd@physx@@QEAA@XZ 000000018002f8e3 f   PxFoundation_x64:PxFoundation_x64.dll
 0001:0002e8ef       ??0FPUGuard@shdfnd@physx@@QEAA@XZ 000000018002f8ef f   PxFoundation_x64:PxFoundation_x64.dll
 0001:0002e8f5       __imp_load_??1FPUGuard@shdfnd@physx@@QEAA@XZ 000000018002f8f5 f   PxFoundation_x64:PxFoundation_x64.dll
 0001:0002e901       ??1FPUGuard@shdfnd@physx@@QEAA@XZ 000000018002f901 f   PxFoundation_x64:PxFoundation_x64.dll
 0001:0002e907       __imp_load_?writeWord@physx@@YAXG_NAEAVPxOutputStream@1@@Z 000000018002f907 f   PhysX3Common_x64:PhysX3Common_x64.dll
 0001:0002e913       ?writeWord@physx@@YAXG_NAEAVPxOutputStream@1@@Z 000000018002f913 f   PhysX3Common_x64:PhysX3Common_x64.dll
 0001:0002e919       __tailMerge_physx3common_x64_dll 000000018002f919     PhysX3Common_x64:PhysX3Common_x64.dll
 0001:0002e992       __imp_load_?writeDword@physx@@YAXI_NAEAVPxOutputStream@1@@Z 000000018002f992 f   PhysX3Common_x64:PhysX3Common_x64.dll
 0001:0002e99e       ?writeDword@physx@@YAXI_NAEAVPxOutputStream@1@@Z 000000018002f99e f   PhysX3Common_x64:PhysX3Common_x64.dll
 0001:0002e9a4       __imp_load_?writeFloat@physx@@YAXM_NAEAVPxOutputStream@1@@Z 000000018002f9a4 f   PhysX3Common_x64:PhysX3Common_x64.dll
 0001:0002e9b0       ?writeFloat@physx@@YAXM_NAEAVPxOutputStream@1@@Z 000000018002f9b0 f   PhysX3Common_x64:PhysX3Common_x64.dll
 0001:0002e9b6       __imp_load_?writeHeader@physx@@YA_NCCCCI_NAEAVPxOutputStream@1@@Z 000000018002f9b6 f   PhysX3Common_x64:PhysX3Common_x64.dll
 0001:0002e9c2       ?writeHeader@physx@@YA_NCCCCI_NAEAVPxOutputStream@1@@Z 000000018002f9c2 f   PhysX3Common_x64:PhysX3Common_x64.dll
 0001:0002e9c8       __imp_load_??0SourceMesh@Gu@physx@@QEAA@XZ 000000018002f9c8 f   PhysX3Common_x64:PhysX3Common_x64.dll
 0001:0002e9d4       ??0SourceMesh@Gu@physx@@QEAA@XZ 000000018002f9d4 f   PhysX3Common_x64:PhysX3Common_x64.dll
 0001:0002e9da       __imp_load_??1SourceMesh@Gu@physx@@QEAA@XZ 000000018002f9da f   PhysX3Common_x64:PhysX3Common_x64.dll
 0001:0002e9e6       ??1SourceMesh@Gu@physx@@QEAA@XZ 000000018002f9e6 f   PhysX3Common_x64:PhysX3Common_x64.dll
 0001:0002e9ec       __imp_load_??0BV4Tree@Gu@physx@@QEAA@XZ 000000018002f9ec f   PhysX3Common_x64:PhysX3Common_x64.dll
 0001:0002e9f8       ??0BV4Tree@Gu@physx@@QEAA@XZ 000000018002f9f8 f   PhysX3Common_x64:PhysX3Common_x64.dll
 0001:0002e9fe       __imp_load_??1BV4Tree@Gu@physx@@QEAA@XZ 000000018002f9fe f   PhysX3Common_x64:PhysX3Common_x64.dll
 0001:0002ea0a       ??1BV4Tree@Gu@physx@@QEAA@XZ 000000018002fa0a f   PhysX3Common_x64:PhysX3Common_x64.dll
 0001:0002ea10       __imp_load_??0BV32Tree@Gu@physx@@QEAA@XZ 000000018002fa10 f   PhysX3Common_x64:PhysX3Common_x64.dll
 0001:0002ea1c       ??0BV32Tree@Gu@physx@@QEAA@XZ 000000018002fa1c f   PhysX3Common_x64:PhysX3Common_x64.dll
 0001:0002ea22       __imp_load_??1BV32Tree@Gu@physx@@QEAA@XZ 000000018002fa22 f   PhysX3Common_x64:PhysX3Common_x64.dll
 0001:0002ea2e       ??1BV32Tree@Gu@physx@@QEAA@XZ 000000018002fa2e f   PhysX3Common_x64:PhysX3Common_x64.dll
 0001:0002ea34       __imp_load_?writeFloatBuffer@physx@@YAXPEBMI_NAEAVPxOutputStream@1@@Z 000000018002fa34 f   PhysX3Common_x64:PhysX3Common_x64.dll
 0001:0002ea40       ?writeFloatBuffer@physx@@YAXPEBMI_NAEAVPxOutputStream@1@@Z 000000018002fa40 f   PhysX3Common_x64:PhysX3Common_x64.dll
 0001:0002ea46       __imp_load_?writeWordBuffer@physx@@YAXPEBGI_NAEAVPxOutputStream@1@@Z 000000018002fa46 f   PhysX3Common_x64:PhysX3Common_x64.dll
 0001:0002ea52       ?writeWordBuffer@physx@@YAXPEBGI_NAEAVPxOutputStream@1@@Z 000000018002fa52 f   PhysX3Common_x64:PhysX3Common_x64.dll
 0001:0002ea58       __imp_load_?computeMaxIndex@physx@@YAIPEBII@Z 000000018002fa58 f   PhysX3Common_x64:PhysX3Common_x64.dll
 0001:0002ea64       ?computeMaxIndex@physx@@YAIPEBII@Z 000000018002fa64 f   PhysX3Common_x64:PhysX3Common_x64.dll
 0001:0002ea6a       __imp_load_?storeIndices@physx@@YAXIIPEBIAEAVPxOutputStream@1@_N@Z 000000018002fa6a f   PhysX3Common_x64:PhysX3Common_x64.dll
 0001:0002ea76       ?storeIndices@physx@@YAXIIPEBIAEAVPxOutputStream@1@_N@Z 000000018002fa76 f   PhysX3Common_x64:PhysX3Common_x64.dll
 0001:0002ea7c       __imp_load_?computeBoundsAroundVertices@Gu@physx@@YAXAEAVPxBounds3@2@IPEIBVPxVec3@2@@Z 000000018002fa7c f   PhysX3Common_x64:PhysX3Common_x64.dll
 0001:0002ea88       ?computeBoundsAroundVertices@Gu@physx@@YAXAEAVPxBounds3@2@IPEIBVPxVec3@2@@Z 000000018002fa88 f   PhysX3Common_x64:PhysX3Common_x64.dll
 0001:0002ea8e       __imp_load_?BuildBV4Ex@Gu@physx@@YA_NAEAVBV4Tree@12@AEAVSourceMesh@12@MI@Z 000000018002fa8e f   PhysX3Common_x64:PhysX3Common_x64.dll
 0001:0002ea9a       ?BuildBV4Ex@Gu@physx@@YA_NAEAVBV4Tree@12@AEAVSourceMesh@12@MI@Z 000000018002fa9a f   PhysX3Common_x64:PhysX3Common_x64.dll
 0001:0002eaa0       __imp_load_?BuildBV32Ex@Gu@physx@@YA_NAEAVBV32Tree@12@AEAVSourceMesh@12@MI@Z 000000018002faa0 f   PhysX3Common_x64:PhysX3Common_x64.dll
 0001:0002eaac       ?BuildBV32Ex@Gu@physx@@YA_NAEAVBV32Tree@12@AEAVSourceMesh@12@MI@Z 000000018002faac f   PhysX3Common_x64:PhysX3Common_x64.dll
 0001:0002eab2       __imp_load_?computeMaxIndex@physx@@YAGPEBGI@Z 000000018002fab2 f   PhysX3Common_x64:PhysX3Common_x64.dll
 0001:0002eabe       ?computeMaxIndex@physx@@YAGPEBGI@Z 000000018002fabe f   PhysX3Common_x64:PhysX3Common_x64.dll
 0001:0002eac4       __imp_load_?WriteHeader@Gu@physx@@YA_NEEEEI_NAEAVPxOutputStream@2@@Z 000000018002fac4 f   PhysX3Common_x64:PhysX3Common_x64.dll
 0001:0002ead0       ?WriteHeader@Gu@physx@@YA_NEEEEI_NAEAVPxOutputStream@2@@Z 000000018002fad0 f   PhysX3Common_x64:PhysX3Common_x64.dll
 0001:0002ead6       __imp_load_?StoreIndices@Gu@physx@@YAXGIPEBGAEAVPxOutputStream@2@_N@Z 000000018002fad6 f   PhysX3Common_x64:PhysX3Common_x64.dll
 0001:0002eae2       ?StoreIndices@Gu@physx@@YAXGIPEBGAEAVPxOutputStream@2@_N@Z 000000018002fae2 f   PhysX3Common_x64:PhysX3Common_x64.dll
 0001:0002eae8       __imp_load_?CreateOffsets@BigConvexData@physx@@IEAAXXZ 000000018002fae8 f   PhysX3Common_x64:PhysX3Common_x64.dll
 0001:0002eaf4       ?CreateOffsets@BigConvexData@physx@@IEAAXXZ 000000018002faf4 f   PhysX3Common_x64:PhysX3Common_x64.dll
 0001:0002eafa       __imp_load_??0RadixSortBuffered@Cm@physx@@QEAA@XZ 000000018002fafa f   PhysX3Common_x64:PhysX3Common_x64.dll
 0001:0002eb06       ??0RadixSortBuffered@Cm@physx@@QEAA@XZ 000000018002fb06 f   PhysX3Common_x64:PhysX3Common_x64.dll
 0001:0002eb0c       __imp_load_??1RadixSortBuffered@Cm@physx@@UEAA@XZ 000000018002fb0c f   PhysX3Common_x64:PhysX3Common_x64.dll
 0001:0002eb18       ??1RadixSortBuffered@Cm@physx@@UEAA@XZ 000000018002fb18 f   PhysX3Common_x64:PhysX3Common_x64.dll
 0001:0002eb1e       __imp_load_?Sort@RadixSortBuffered@Cm@physx@@QEAAAEAV123@PEBIIW4RadixHint@23@@Z 000000018002fb1e f   PhysX3Common_x64:PhysX3Common_x64.dll
 0001:0002eb2a       ?Sort@RadixSortBuffered@Cm@physx@@QEAAAEAV123@PEBIIW4RadixHint@23@@Z 000000018002fb2a f   PhysX3Common_x64:PhysX3Common_x64.dll
 0001:0002eb30       __imp_load_?computeOBBPoints@Gu@physx@@YAXPEIAVPxVec3@2@AEBV32@1111@Z 000000018002fb30 f   PhysX3Common_x64:PhysX3Common_x64.dll
 0001:0002eb3c       ?computeOBBPoints@Gu@physx@@YAXPEIAVPxVec3@2@AEBV32@1111@Z 000000018002fb3c f   PhysX3Common_x64:PhysX3Common_x64.dll
 0001:0002eb42       __imp_load_??0BigConvexData@physx@@QEAA@XZ 000000018002fb42 f   PhysX3Common_x64:PhysX3Common_x64.dll
 0001:0002eb4e       ??0BigConvexData@physx@@QEAA@XZ 000000018002fb4e f   PhysX3Common_x64:PhysX3Common_x64.dll
 0001:0002eb54       __imp_load_??1BigConvexData@physx@@QEAA@XZ 000000018002fb54 f   PhysX3Common_x64:PhysX3Common_x64.dll
 0001:0002eb60       ??1BigConvexData@physx@@QEAA@XZ 000000018002fb60 f   PhysX3Common_x64:PhysX3Common_x64.dll
 0001:0002eb66       __imp_load_?readDword@physx@@YAI_NAEAVPxInputStream@1@@Z 000000018002fb66 f   PhysX3Common_x64:PhysX3Common_x64.dll
 0001:0002eb72       ?readDword@physx@@YAI_NAEAVPxInputStream@1@@Z 000000018002fb72 f   PhysX3Common_x64:PhysX3Common_x64.dll
 0001:0002eb78       __imp_load_?ReadHeader@Gu@physx@@YA_NEEEEAEAIAEA_NAEAVPxInputStream@2@@Z 000000018002fb78 f   PhysX3Common_x64:PhysX3Common_x64.dll
 0001:0002eb84       ?ReadHeader@Gu@physx@@YA_NEEEEAEAIAEA_NAEAVPxInputStream@2@@Z 000000018002fb84 f   PhysX3Common_x64:PhysX3Common_x64.dll
 0001:0002eb8a       __imp_load_??0HeightField@Gu@physx@@QEAA@PEAVGuMeshFactory@2@@Z 000000018002fb8a f   PhysX3Common_x64:PhysX3Common_x64.dll
 0001:0002eb96       ??0HeightField@Gu@physx@@QEAA@PEAVGuMeshFactory@2@@Z 000000018002fb96 f   PhysX3Common_x64:PhysX3Common_x64.dll
 0001:0002eb9c       __imp_load_?loadFromDesc@HeightField@Gu@physx@@QEAA_NAEBVPxHeightFieldDesc@3@@Z 000000018002fb9c f   PhysX3Common_x64:PhysX3Common_x64.dll
 0001:0002eba8       ?loadFromDesc@HeightField@Gu@physx@@QEAA_NAEBVPxHeightFieldDesc@3@@Z 000000018002fba8 f   PhysX3Common_x64:PhysX3Common_x64.dll
 0001:0002ebae       __imp_load_?releaseMemory@HeightField@Gu@physx@@QEAAXXZ 000000018002fbae f   PhysX3Common_x64:PhysX3Common_x64.dll
 0001:0002ebba       ?releaseMemory@HeightField@Gu@physx@@QEAAXXZ 000000018002fbba f   PhysX3Common_x64:PhysX3Common_x64.dll
 0001:0002ebc0       __imp_load_??1HeightField@Gu@physx@@UEAA@XZ 000000018002fbc0 f   PhysX3Common_x64:PhysX3Common_x64.dll
 0001:0002ebcc       ??1HeightField@Gu@physx@@UEAA@XZ 000000018002fbcc f   PhysX3Common_x64:PhysX3Common_x64.dll
 0001:0002ebd4       ??$PFromRva@PEAP6A_JXZ@@YAPEAP6A_JXZK@Z 000000018002fbd4 f i delayimp:delayhlp.obj
 0001:0002ebe4       ??$PFromRva@PEAPEAUHINSTANCE__@@@@YAPEAPEAUHINSTANCE__@@K@Z 000000018002fbe4 f i delayimp:delayhlp.obj
 0001:0002ebf4       ??$PFromRva@PEAU_IMAGE_IMPORT_BY_NAME@@@@YAPEAU_IMAGE_IMPORT_BY_NAME@@K@Z 000000018002fbf4 f i delayimp:delayhlp.obj
 0001:0002ec04       ??$PFromRva@PEAU_IMAGE_THUNK_DATA64@@@@YAPEAU_IMAGE_THUNK_DATA64@@K@Z 000000018002fc04 f i delayimp:delayhlp.obj
 0001:0002ec14       ??$PFromRva@PEBD@@YAPEBDK@Z 000000018002fc14 f i delayimp:delayhlp.obj
 0001:0002ec24       ??$PFromRva@PEBUImgDelayDescr@@@@YAPEBUImgDelayDescr@@K@Z 000000018002fc24 f i delayimp:delayhlp.obj
 0001:0002ec34       ??$PFromRva@PEBU_IMAGE_THUNK_DATA64@@@@YAPEBU_IMAGE_THUNK_DATA64@@K@Z 000000018002fc34 f i delayimp:delayhlp.obj
 0001:0002ec44       ?CountOfImports@@YAIPEBU_IMAGE_THUNK_DATA64@@@Z 000000018002fc44 f i delayimp:delayhlp.obj
 0001:0002ec58       ?DloadAcquireSectionWriteAccess@@YAXXZ 000000018002fc58 f i delayimp:delayhlp.obj
 0001:0002ed04       ?DloadGetSRWLockFunctionPointers@@YAEXZ 000000018002fd04 f i delayimp:delayhlp.obj
 0001:0002eda0       ?DloadLock@@YAXXZ          000000018002fda0 f i delayimp:delayhlp.obj
 0001:0002ede8       ?DloadMakePermanentImageCommit@@YAXPEAX_K@Z 000000018002fde8 f i delayimp:delayhlp.obj
 0001:0002ee80       ?DloadObtainSection@@YAPEAXPEAK0@Z 000000018002fe80 f i delayimp:delayhlp.obj
 0001:0002ef1c       ?DloadProtectSection@@YAXKPEAK@Z 000000018002ff1c f i delayimp:delayhlp.obj
 0001:0002efac       ?DloadReleaseSectionWriteAccess@@YAXXZ 000000018002ffac f i delayimp:delayhlp.obj
 0001:0002f040       ?DloadUnlock@@YAXXZ        0000000180030040 f i delayimp:delayhlp.obj
 0001:0002f080       ?IndexFromPImgThunkData@@YAIPEBU_IMAGE_THUNK_DATA64@@0@Z 0000000180030080 f i delayimp:delayhlp.obj
 0001:0002f1c8       HRESULT_FROM_WIN32         00000001800301c8 f i delayimp:delayhlp.obj
 0001:0002f1d8       ReadAcquire64              00000001800301d8 f i delayimp:delayhlp.obj
 0001:0002f1dc       ReadPointerAcquire         00000001800301dc f i delayimp:delayhlp.obj
 0001:0002f1e0       WritePointerRelease        00000001800301e0 f i delayimp:delayhlp.obj
 0001:0002f1e4       WriteRelease64             00000001800301e4 f i delayimp:delayhlp.obj
 0001:0002f1e8       __FUnloadDelayLoadedDLL2   00000001800301e8 f   delayimp:delayhlp.obj
 0001:0002f2a4       __HrLoadAllImportsForDll   00000001800302a4 f   delayimp:delayhlp.obj
 0001:0002f318       __delayLoadHelper2         0000000180030318 f   delayimp:delayhlp.obj
 0001:0002f5f0       _alloca_probe              00000001800305f0 f   MSVCRT:_chkstk_.obj
 0001:0002f5f0       __chkstk                   00000001800305f0 f   MSVCRT:_chkstk_.obj
 0001:0002f644       ?__scrt_initialize_type_info@@YAXXZ 0000000180030644 f   MSVCRT:tncleanup.obj
 0001:0002f654       ?__scrt_uninitialize_type_info@@YAXXZ 0000000180030654 f   MSVCRT:tncleanup.obj
 0001:0002f660       ??1type_info@@UEAA@XZ      0000000180030660 f   MSVCRT:std_type_info_static.obj
 0001:0002f66c       ??_Gtype_info@@UEAAPEAXI@Z 000000018003066c f i MSVCRT:std_type_info_static.obj
 0001:0002f66c       ??_Etype_info@@UEAAPEAXI@Z 000000018003066c f i MSVCRT:std_type_info_static.obj
 0001:0002f698       ??3@YAXPEAX_K@Z            0000000180030698 f   MSVCRT:delete_scalar_size.obj
 0001:0002f6a0       __vdecl_sinf4              00000001800306a0 f   MSVCRT:_svml_ssinf4_dispatch_.obj
 0001:0002f6b0       __libm_sse2_sincosf_       00000001800306b0 f   MSVCRT:_svml_ssinf4_dispatch_.obj
 0001:0002f6f6       __libm_sse2_sincosf4_      00000001800306f6 f   MSVCRT:_svml_ssinf4_dispatch_.obj
 0001:0002fa44       _CRT_INIT                  0000000180030a44 f   MSVCRT:dll_dllmain.obj
 0001:0002fa4c       _DllMainCRTStartup         0000000180030a4c f   MSVCRT:dll_dllmain.obj
 0001:0002fa8c       _guard_check_icall_nop     0000000180030a8c f i MSVCRT:guard_support.obj
 0001:0002fa90       ReadNoFence64              0000000180030a90 f i MSVCRT:guard_support.obj
 0001:0002fa94       ReadPointerNoFence         0000000180030a94 f i MSVCRT:guard_support.obj
 0001:0002fa98       _guard_icall_checks_enforced 0000000180030a98 f i MSVCRT:guard_support.obj
 0001:0002fab0       _guard_rf_checks_enforced  0000000180030ab0 f i MSVCRT:guard_support.obj
 0001:0002fab4       ??3@YAXPEAX@Z              0000000180030ab4 f   MSVCRT:delete_scalar.obj
 0001:0002fac0       __sse2_sinf4               0000000180030ac0 f   MSVCRT:_svml_ssinf4_sse2_.obj
 0001:000303ec       __security_init_cookie     00000001800313ec f   MSVCRT:gs_support.obj
 0001:0003049c       DllMain                    000000018003149c f   MSVCRT:dll_dllmain_stub.obj
 0001:000304c0       __local_stdio_printf_options 00000001800314c0 f i MSVCRT:default_local_stdio_options.obj
 0001:000304c8       __local_stdio_scanf_options 00000001800314c8 f i MSVCRT:default_local_stdio_options.obj
 0001:000304d0       __scrt_initialize_default_local_stdio_options 00000001800314d0 f   MSVCRT:default_local_stdio_options.obj
 0001:000304ec       ??$__crt_fast_decode_pointer@PEAP6AXXZ@@YAPEAP6AXXZQEAP6AXXZ@Z 00000001800314ec f i MSVCRT:utility.obj
 0001:00030504       ??$__crt_fast_encode_pointer@PEAP6AXXZ@@YAPEAP6AXXZQEAP6AXXZ@Z 0000000180031504 f i MSVCRT:utility.obj
 0001:00030524       ?__crt_rotate_pointer_value@@YA_K_KH@Z 0000000180031524 f i MSVCRT:utility.obj
 0001:00030530       ?configure_argv@__scrt_narrow_argv_policy@@SAHXZ 0000000180031530 f i MSVCRT:utility.obj
 0001:00030590       ?initialize_environment@__scrt_narrow_environment_policy@@SAHXZ 0000000180031590 f i MSVCRT:utility.obj
 0001:000305c8       NtCurrentTeb               00000001800315c8 f i MSVCRT:utility.obj
 0001:000305d4       __scrt_acquire_startup_lock 00000001800315d4 f   MSVCRT:utility.obj
 0001:00030610       __scrt_dllmain_after_initialize_c 0000000180031610 f   MSVCRT:utility.obj
 0001:00030644       __scrt_dllmain_before_initialize_c 0000000180031644 f   MSVCRT:utility.obj
 0001:0003065c       __scrt_dllmain_crt_thread_attach 000000018003165c f   MSVCRT:utility.obj
 0001:00030684       __scrt_dllmain_crt_thread_detach 0000000180031684 f   MSVCRT:utility.obj
 0001:0003069c       __scrt_dllmain_exception_filter 000000018003169c f   MSVCRT:utility.obj
 0001:000306fc       __scrt_dllmain_uninitialize_c 00000001800316fc f   MSVCRT:utility.obj
 0001:0003072c       __scrt_dllmain_uninitialize_critical 000000018003172c f   MSVCRT:utility.obj
 0001:00030740       __scrt_initialize_crt      0000000180031740 f   MSVCRT:utility.obj
 0001:0003078c       __scrt_initialize_onexit_tables 000000018003178c f   MSVCRT:utility.obj
 0001:00030868       __scrt_is_nonwritable_in_current_image 0000000180031868 f   MSVCRT:utility.obj
 0001:00030904       __scrt_release_startup_lock 0000000180031904 f   MSVCRT:utility.obj
 0001:00030928       __scrt_uninitialize_crt    0000000180031928 f   MSVCRT:utility.obj
 0001:00030954       _onexit                    0000000180031954 f   MSVCRT:utility.obj
 0001:000309a4       at_quick_exit              00000001800319a4 f   MSVCRT:utility.obj
 0001:000309dc       atexit                     00000001800319dc f   MSVCRT:utility.obj
 0001:000309f4       __scrt_get_dyn_tls_init_callback 00000001800319f4 f   MSVCRT:dyn_tls_init.obj
 0001:000309fc       __crt_debugger_hook        00000001800319fc f   MSVCRT:utility_desktop.obj
 0001:00030a04       __scrt_fastfail            0000000180031a04 f   MSVCRT:utility_desktop.obj
 0001:00030b50       __scrt_get_show_window_mode 0000000180031b50 f   MSVCRT:utility_desktop.obj
 0001:00030b8c       __scrt_initialize_winrt    0000000180031b8c f   MSVCRT:utility_desktop.obj
 0001:00030b90       __scrt_is_managed_app      0000000180031b90 f   MSVCRT:utility_desktop.obj
 0001:00030be4       __scrt_set_unhandled_exception_filter 0000000180031be4 f   MSVCRT:utility_desktop.obj
 0001:00030bf4       __scrt_unhandled_exception_filter 0000000180031bf4 f   MSVCRT:utility_desktop.obj
 0001:00030c2c       _RTC_Initialize            0000000180031c2c f   MSVCRT:_initsect_.obj
 0001:00030c68       _RTC_Terminate             0000000180031c68 f   MSVCRT:_initsect_.obj
 0001:00030cb0       __isa_available_init       0000000180031cb0 f   MSVCRT:_cpu_disp_.obj
 0001:00030e6c       _get_startup_argv_mode     0000000180031e6c f   MSVCRT:argv_mode.obj
 0001:00030e74       __scrt_is_ucrt_dll_in_use  0000000180031e74 f   MSVCRT:ucrt_detection.obj
 0001:00030e80       strstr                     0000000180031e80 f   vcruntime:VCRUNTIME140.dll
 0001:00030e86       __std_type_info_name       0000000180031e86 f   vcruntime:VCRUNTIME140.dll
 0001:00030e8c       memcpy                     0000000180031e8c f   vcruntime:VCRUNTIME140.dll
 0001:00030e92       _purecall                  0000000180031e92 f   vcruntime:VCRUNTIME140.dll
 0001:00030e98       memset                     0000000180031e98 f   vcruntime:VCRUNTIME140.dll
 0001:00030e9e       __std_type_info_destroy_list 0000000180031e9e f   vcruntime:VCRUNTIME140.dll
 0001:00030ea4       __C_specific_handler       0000000180031ea4 f   vcruntime:VCRUNTIME140.dll
 0001:00030eaa       cosf                       0000000180031eaa f   ucrt:api-ms-win-crt-math-l1-1-0.dll
 0001:00030eb0       sinf                       0000000180031eb0 f   ucrt:api-ms-win-crt-math-l1-1-0.dll
 0001:00030eb6       _fpclass                   0000000180031eb6 f   ucrt:api-ms-win-crt-math-l1-1-0.dll
 0001:00030ebc       atan2f                     0000000180031ebc f   ucrt:api-ms-win-crt-math-l1-1-0.dll
 0001:00030ec2       _initterm                  0000000180031ec2 f   ucrt:api-ms-win-crt-runtime-l1-1-0.dll
 0001:00030ec8       _initterm_e                0000000180031ec8 f   ucrt:api-ms-win-crt-runtime-l1-1-0.dll
 0001:00030ece       free                       0000000180031ece f   ucrt:api-ms-win-crt-heap-l1-1-0.dll
 0001:00030ed4       _seh_filter_dll            0000000180031ed4 f   ucrt:api-ms-win-crt-runtime-l1-1-0.dll
 0001:00030eda       _configure_narrow_argv     0000000180031eda f   ucrt:api-ms-win-crt-runtime-l1-1-0.dll
 0001:00030ee0       _initialize_narrow_environment 0000000180031ee0 f   ucrt:api-ms-win-crt-runtime-l1-1-0.dll
 0001:00030ee6       _initialize_onexit_table   0000000180031ee6 f   ucrt:api-ms-win-crt-runtime-l1-1-0.dll
 0001:00030eec       _register_onexit_function  0000000180031eec f   ucrt:api-ms-win-crt-runtime-l1-1-0.dll
 0001:00030ef2       _execute_onexit_table      0000000180031ef2 f   ucrt:api-ms-win-crt-runtime-l1-1-0.dll
 0001:00030ef8       _crt_atexit                0000000180031ef8 f   ucrt:api-ms-win-crt-runtime-l1-1-0.dll
 0001:00030efe       _crt_at_quick_exit         0000000180031efe f   ucrt:api-ms-win-crt-runtime-l1-1-0.dll
 0001:00030f04       _cexit                     0000000180031f04 f   ucrt:api-ms-win-crt-runtime-l1-1-0.dll
 0001:00030f0a       terminate                  0000000180031f0a f   ucrt:api-ms-win-crt-runtime-l1-1-0.dll
 0001:00030f10       RaiseException             0000000180031f10 f   kernel32:KERNEL32.dll
 0001:00030f16       GetLastError               0000000180031f16 f   kernel32:KERNEL32.dll
 0001:00030f1c       GetSystemInfo              0000000180031f1c f   kernel32:KERNEL32.dll
 0001:00030f22       VirtualProtect             0000000180031f22 f   kernel32:KERNEL32.dll
 0001:00030f28       VirtualQuery               0000000180031f28 f   kernel32:KERNEL32.dll
 0001:00030f2e       FreeLibrary                0000000180031f2e f   kernel32:KERNEL32.dll
 0001:00030f34       GetModuleHandleW           0000000180031f34 f   kernel32:KERNEL32.dll
 0001:00030f3a       GetProcAddress             0000000180031f3a f   kernel32:KERNEL32.dll
 0001:00030f40       LoadLibraryExA             0000000180031f40 f   kernel32:KERNEL32.dll
 0001:00030f46       InitializeSListHead        0000000180031f46 f   kernel32:KERNEL32.dll
 0001:00030f4c       QueryPerformanceCounter    0000000180031f4c f   kernel32:KERNEL32.dll
 0001:00030f52       GetCurrentProcessId        0000000180031f52 f   kernel32:KERNEL32.dll
 0001:00030f58       GetCurrentThreadId         0000000180031f58 f   kernel32:KERNEL32.dll
 0001:00030f5e       GetSystemTimeAsFileTime    0000000180031f5e f   kernel32:KERNEL32.dll
 0001:00030f64       DisableThreadLibraryCalls  0000000180031f64 f   kernel32:KERNEL32.dll
 0001:00030f6a       RtlCaptureContext          0000000180031f6a f   kernel32:KERNEL32.dll
 0001:00030f70       RtlLookupFunctionEntry     0000000180031f70 f   kernel32:KERNEL32.dll
 0001:00030f76       RtlVirtualUnwind           0000000180031f76 f   kernel32:KERNEL32.dll
 0001:00030f7c       IsDebuggerPresent          0000000180031f7c f   kernel32:KERNEL32.dll
[...]
 0004:00001c20       $pdata$5$?Init@AdjacenciesBuilder@physx@@QEAA_NAEBUADJACENCIESCREATE@2@@Z 000000018003dc20     Adjacencies.obj
 0004:00001c2c       $pdata$6$?Init@AdjacenciesBuilder@physx@@QEAA_NAEBUADJACENCIESCREATE@2@@Z 000000018003dc2c     Adjacencies.obj
 0004:00001c38       $pdata$7$?Init@AdjacenciesBuilder@physx@@QEAA_NAEBUADJACENCIESCREATE@2@@Z 000000018003dc38     Adjacencies.obj
 0004:00001c44       $pdata$8$?Init@AdjacenciesBuilder@physx@@QEAA_NAEBUADJACENCIESCREATE@2@@Z 000000018003dc44     Adjacencies.obj
 0004:00001c50       $pdata$9$?Init@AdjacenciesBuilder@physx@@QEAA_NAEBUADJACENCIESCREATE@2@@Z 000000018003dc50     Adjacencies.obj
 0004:00001c5c       $pdata$??_EAdjEdge@@QEAAPEAXI@Z 000000018003dc5c     Adjacencies.obj
 0004:00001c68       $pdata$?UpdateLink@@YA_NIIIIPEAVAdjTriangle@physx@@AEBUADJACENCIESCREATE@2@@Z 000000018003dc68     Adjacencies.obj
 0004:00001c74       $pdata$3$?UpdateLink@@YA_NIIIIPEAVAdjTriangle@physx@@AEBUADJACENCIESCREATE@2@@Z 000000018003dc74     Adjacencies.obj
 0004:00001c80       $pdata$5$?UpdateLink@@YA_NIIIIPEAVAdjTriangle@physx@@AEBUADJACENCIESCREATE@2@@Z 000000018003dc80     Adjacencies.obj
 0004:00001c8c       $pdata$6$?UpdateLink@@YA_NIIIIPEAVAdjTriangle@physx@@AEBUADJACENCIESCREATE@2@@Z 000000018003dc8c     Adjacencies.obj
 0004:00001c98       $pdata$7$?UpdateLink@@YA_NIIIIPEAVAdjTriangle@physx@@AEBUADJACENCIESCREATE@2@@Z 000000018003dc98     Adjacencies.obj
 0004:00001ca4       $pdata$8$?UpdateLink@@YA_NIIIIPEAVAdjTriangle@physx@@AEBUADJACENCIESCREATE@2@@Z 000000018003dca4     Adjacencies.obj
 0004:00001cb0       $pdata$?CreateDatabase@@YA_NPEAVAdjTriangle@physx@@IPEBVAdjEdge@@AEBUADJACENCIESCREATE@2@@Z 000000018003dcb0     Adjacencies.obj
 0004:00001cbc       $pdata$??_GPxCooking@physx@@MEAAPEAXI@Z 000000018003dcbc     Cooking.obj
 0004:00001cc8       $pdata$PxCreateCooking     000000018003dcc8     Cooking.obj
 0004:00001cd4       $pdata$?release@Cooking@physx@@UEAAXXZ 000000018003dcd4     Cooking.obj
 0004:00001ce0       $pdata$?cookTriangleMesh@Cooking@physx@@UEBA_NAEBVPxTriangleMeshDesc@2@AEAVPxOutputStream@2@PEAW4Enum@PxTriangleMeshCookingResult@2@@Z 000000018003dce0     Cooking.obj
 0004:00001cec       $pdata$?createTriangleMesh@Cooking@physx@@UEBAPEAVPxTriangleMesh@2@AEBVPxTriangleMeshDesc@2@AEAVPxPhysicsInsertionCallback@2@PEAW4Enum@PxTriangleMeshCookingResult@2@@Z 000000018003dcec     Cooking.obj
 0004:00001cf8       $pdata$?validateTriangleMesh@Cooking@physx@@UEBA_NAEBVPxTriangleMeshDesc@2@@Z 000000018003dcf8     Cooking.obj
 0004:00001d04       $pdata$?cookConvexMesh@Cooking@physx@@UEBA_NAEBVPxConvexMeshDesc@2@AEAVPxOutputStream@2@PEAW4Enum@PxConvexMeshCookingResult@2@@Z 000000018003dd04     Cooking.obj
 0004:00001d10       $pdata$?createConvexMesh@Cooking@physx@@UEBAPEAVPxConvexMesh@2@AEBVPxConvexMeshDesc@2@AEAVPxPhysicsInsertionCallback@2@PEAW4Enum@PxConvexMeshCookingResult@2@@Z 000000018003dd10     Cooking.obj
 0004:00001d1c       $pdata$?validateConvexMesh@Cooking@physx@@UEBA_NAEBVPxConvexMeshDesc@2@@Z 000000018003dd1c     Cooking.obj
 0004:00001d28       $pdata$?computeHullPolygons@Cooking@physx@@UEBA_NAEBVPxSimpleTriangleMesh@2@AEAVPxAllocatorCallback@2@AEAIAEAPEAVPxVec3@2@2AEAPEAI2AEAPEAUPxHullPolygon@2@@Z 000000018003dd28     Cooking.obj
 0004:00001d34       $pdata$?cookHeightField@Cooking@physx@@UEBA_NAEBVPxHeightFieldDesc@2@AEAVPxOutputStream@2@@Z 000000018003dd34     Cooking.obj
 0004:00001d40       $pdata$?createHeightField@Cooking@physx@@UEBAPEAVPxHeightField@2@AEBVPxHeightFieldDesc@2@AEAVPxPhysicsInsertionCallback@2@@Z 000000018003dd40     Cooking.obj
 0004:00001d4c       $pdata$?cookConvexMeshInternal@Cooking@physx@@AEBA_NAEBVPxConvexMeshDesc@2@AEAVConvexMeshBuilder@2@PEAVConvexHullLib@2@PEAW4Enum@PxConvexMeshCookingResult@2@@Z 000000018003dd4c     Cooking.obj
 0004:00001d58       $pdata$1$?cookConvexMeshInternal@Cooking@physx@@AEBA_NAEBVPxConvexMeshDesc@2@AEAVConvexMeshBuilder@2@PEAVConvexHullLib@2@PEAW4Enum@PxConvexMeshCookingResult@2@@Z 000000018003dd58     Cooking.obj
 0004:00001d64       $pdata$2$?cookConvexMeshInternal@Cooking@physx@@AEBA_NAEBVPxConvexMeshDesc@2@AEAVConvexMeshBuilder@2@PEAVConvexHullLib@2@PEAW4Enum@PxConvexMeshCookingResult@2@@Z 000000018003dd64     Cooking.obj
 0004:00001d70       $pdata$3$?cookConvexMeshInternal@Cooking@physx@@AEBA_NAEBVPxConvexMeshDesc@2@AEAVConvexMeshBuilder@2@PEAVConvexHullLib@2@PEAW4Enum@PxConvexMeshCookingResult@2@@Z 000000018003dd70     Cooking.obj
 0004:00001d7c       $pdata$4$?cookConvexMeshInternal@Cooking@physx@@AEBA_NAEBVPxConvexMeshDesc@2@AEAVConvexMeshBuilder@2@PEAVConvexHullLib@2@PEAW4Enum@PxConvexMeshCookingResult@2@@Z 000000018003dd7c     Cooking.obj
 0004:00001d88       $pdata$?cookTriangleMesh@Cooking@physx@@AEBA_NAEAVTriangleMeshBuilder@2@AEBVPxTriangleMeshDesc@2@AEAVPxOutputStream@2@PEAW4Enum@PxTriangleMeshCookingResult@2@@Z 000000018003dd88     Cooking.obj
 0004:00001d94       $pdata$?createTriangleMesh@Cooking@physx@@AEBAPEAVPxTriangleMesh@2@AEAVTriangleMeshBuilder@2@AEBVPxTriangleMeshDesc@2@AEAVPxPhysicsInsertionCallback@2@PEAW4Enum@PxTriangleMeshCookingResult@2@@Z 000000018003dd94     Cooking.obj
 0004:00001da0       $pdata$??_GCooking@physx@@UEAAPEAXI@Z 000000018003dda0     Cooking.obj
 0004:00001dac       $pdata$?Clean@ReducedVertexCloud@physx@@QEAAAEAV12@XZ 000000018003ddac     CookingUtils.obj
 0004:00001db8       $pdata$?Reduce@ReducedVertexCloud@physx@@QEAA_NPEAUREDUCEDCLOUD@2@@Z 000000018003ddb8     CookingUtils.obj
 0004:00001dc4       $pdata$??1EdgeList@Gu@physx@@QEAA@XZ 000000018003ddc4     EdgeList.obj
 0004:00001dd0       $pdata$?load@EdgeList@Gu@physx@@QEAA_NAEAVPxInputStream@3@@Z 000000018003ddd0     EdgeList.obj
 0004:00001ddc       $pdata$?init@EdgeListBuilder@Gu@physx@@QEAA_NAEBUEDGELISTCREATE@23@@Z 000000018003dddc     EdgeList.obj
 0004:00001de8       $pdata$?createFacesToEdges@EdgeListBuilder@Gu@physx@@AEAA_NIPEBIPEBG@Z 000000018003dde8     EdgeList.obj
 0004:00001df4       $pdata$3$?createFacesToEdges@EdgeListBuilder@Gu@physx@@AEAA_NIPEBIPEBG@Z 000000018003ddf4     EdgeList.obj
 0004:00001e00       $pdata$4$?createFacesToEdges@EdgeListBuilder@Gu@physx@@AEAA_NIPEBIPEBG@Z 000000018003de00     EdgeList.obj
 0004:00001e0c       $pdata$5$?createFacesToEdges@EdgeListBuilder@Gu@physx@@AEAA_NIPEBIPEBG@Z 000000018003de0c     EdgeList.obj
 0004:00001e18       $pdata$6$?createFacesToEdges@EdgeListBuilder@Gu@physx@@AEAA_NIPEBIPEBG@Z 000000018003de18     EdgeList.obj
 0004:00001e24       $pdata$?createEdgesToFaces@EdgeListBuilder@Gu@physx@@AEAA_NIPEBIPEBG@Z 000000018003de24     EdgeList.obj
 0004:00001e30       $pdata$1$?createEdgesToFaces@EdgeListBuilder@Gu@physx@@AEAA_NIPEBIPEBG@Z 000000018003de30     EdgeList.obj
 0004:00001e3c       $pdata$2$?createEdgesToFaces@EdgeListBuilder@Gu@physx@@AEAA_NIPEBIPEBG@Z 000000018003de3c     EdgeList.obj
 0004:00001e48       $pdata$?computeActiveEdges@EdgeListBuilder@Gu@physx@@AEAA_NIPEBIPEBGPEBVPxVec3@3@M@Z 000000018003de48     EdgeList.obj
 0004:00001e54       $pdata$1$?computeActiveEdges@EdgeListBuilder@Gu@physx@@AEAA_NIPEBIPEBGPEBVPxVec3@3@M@Z 000000018003de54     EdgeList.obj
 0004:00001e60       $pdata$14$?computeActiveEdges@EdgeListBuilder@Gu@physx@@AEAA_NIPEBIPEBGPEBVPxVec3@3@M@Z 000000018003de60     EdgeList.obj
 0004:00001e6c       $pdata$15$?computeActiveEdges@EdgeListBuilder@Gu@physx@@AEAA_NIPEBIPEBGPEBVPxVec3@3@M@Z 000000018003de6c     EdgeList.obj
 0004:00001e78       $pdata$16$?computeActiveEdges@EdgeListBuilder@Gu@physx@@AEAA_NIPEBIPEBGPEBVPxVec3@3@M@Z 000000018003de78     EdgeList.obj
 0004:00001e84       $pdata$17$?computeActiveEdges@EdgeListBuilder@Gu@physx@@AEAA_NIPEBIPEBGPEBVPxVec3@3@M@Z 000000018003de84     EdgeList.obj
 0004:00001e90       $pdata$18$?computeActiveEdges@EdgeListBuilder@Gu@physx@@AEAA_NIPEBIPEBGPEBVPxVec3@3@M@Z 000000018003de90     EdgeList.obj
 0004:00001e9c       $pdata$??0MeshCleaner@physx@@QEAA@IPEBVPxVec3@1@IPEBIM@Z 000000018003de9c     MeshCleaner.obj
 0004:00001ea8       $pdata$1$??0MeshCleaner@physx@@QEAA@IPEBVPxVec3@1@IPEBIM@Z 000000018003dea8     MeshCleaner.obj
 0004:00001eb4       $pdata$5$??0MeshCleaner@physx@@QEAA@IPEBVPxVec3@1@IPEBIM@Z 000000018003deb4     MeshCleaner.obj
 0004:00001ec0       $pdata$7$??0MeshCleaner@physx@@QEAA@IPEBVPxVec3@1@IPEBIM@Z 000000018003dec0     MeshCleaner.obj
 0004:00001ecc       $pdata$8$??0MeshCleaner@physx@@QEAA@IPEBVPxVec3@1@IPEBIM@Z 000000018003decc     MeshCleaner.obj
 0004:00001ed8       $pdata$9$??0MeshCleaner@physx@@QEAA@IPEBVPxVec3@1@IPEBIM@Z 000000018003ded8     MeshCleaner.obj
 0004:00001ee4       $pdata$10$??0MeshCleaner@physx@@QEAA@IPEBVPxVec3@1@IPEBIM@Z 000000018003dee4     MeshCleaner.obj
 0004:00001ef0       $pdata$11$??0MeshCleaner@physx@@QEAA@IPEBVPxVec3@1@IPEBIM@Z 000000018003def0     MeshCleaner.obj
 0004:00001efc       $pdata$12$??0MeshCleaner@physx@@QEAA@IPEBVPxVec3@1@IPEBIM@Z 000000018003defc     MeshCleaner.obj
 0004:00001f08       $pdata$13$??0MeshCleaner@physx@@QEAA@IPEBVPxVec3@1@IPEBIM@Z 000000018003df08     MeshCleaner.obj
 0004:00001f14       $pdata$14$??0MeshCleaner@physx@@QEAA@IPEBVPxVec3@1@IPEBIM@Z 000000018003df14     MeshCleaner.obj
 0004:00001f20       $pdata$15$??0MeshCleaner@physx@@QEAA@IPEBVPxVec3@1@IPEBIM@Z 000000018003df20     MeshCleaner.obj
 0004:00001f2c       $pdata$??1MeshCleaner@physx@@QEAA@XZ 000000018003df2c     MeshCleaner.obj
 0004:00001f38       $pdata$??_GQuantizer@physx@@MEAAPEAXI@Z 000000018003df38     Quantizer.obj
 0004:00001f44       $pdata$?createQuantizer@physx@@YAPEAVQuantizer@1@XZ 000000018003df44     Quantizer.obj
 0004:00001f50       $pdata$??$kmeans_cluster@VPxVec3@physx@@M@@YAIPEBVPxVec3@physx@@IIPEAV01@PEAIMM@Z 000000018003df50     Quantizer.obj
 0004:00001f5c       $pdata$4$??$kmeans_cluster@VPxVec3@physx@@M@@YAIPEBVPxVec3@physx@@IIPEAV01@PEAIMM@Z 000000018003df5c     Quantizer.obj
 0004:00001f68       $pdata$6$??$kmeans_cluster@VPxVec3@physx@@M@@YAIPEBVPxVec3@physx@@IIPEAV01@PEAIMM@Z 000000018003df68     Quantizer.obj
 0004:00001f74       $pdata$12$??$kmeans_cluster@VPxVec3@physx@@M@@YAIPEBVPxVec3@physx@@IIPEAV01@PEAIMM@Z 000000018003df74     Quantizer.obj
 0004:00001f80       $pdata$13$??$kmeans_cluster@VPxVec3@physx@@M@@YAIPEBVPxVec3@physx@@IIPEAV01@PEAIMM@Z 000000018003df80     Quantizer.obj
 0004:00001f8c       $pdata$14$??$kmeans_cluster@VPxVec3@physx@@M@@YAIPEBVPxVec3@physx@@IIPEAV01@PEAIMM@Z 000000018003df8c     Quantizer.obj
 0004:00001f98       $pdata$15$??$kmeans_cluster@VPxVec3@physx@@M@@YAIPEBVPxVec3@physx@@IIPEAV01@PEAIMM@Z 000000018003df98     Quantizer.obj
 0004:00001fa4       $pdata$?kmeansQuantize3D@QuantizerImpl@@UEAAPEBVPxVec3@physx@@IPEBV23@I_NIAEAI@Z 000000018003dfa4     Quantizer.obj
 0004:00001fb0       $pdata$1$?kmeansQuantize3D@QuantizerImpl@@UEAAPEBVPxVec3@physx@@IPEBV23@I_NIAEAI@Z 000000018003dfb0     Quantizer.obj
 0004:00001fbc       $pdata$2$?kmeansQuantize3D@QuantizerImpl@@UEAAPEBVPxVec3@physx@@IPEBV23@I_NIAEAI@Z 000000018003dfbc     Quantizer.obj
 0004:00001fc8       $pdata$3$?kmeansQuantize3D@QuantizerImpl@@UEAAPEBVPxVec3@physx@@IPEBV23@I_NIAEAI@Z 000000018003dfc8     Quantizer.obj
 0004:00001fd4       $pdata$?normalizeInput@QuantizerImpl@@AEAAXIPEBVPxVec3@physx@@I@Z 000000018003dfd4     Quantizer.obj
 0004:00001fe0       $pdata$3$?normalizeInput@QuantizerImpl@@AEAAXIPEBVPxVec3@physx@@I@Z 000000018003dfe0     Quantizer.obj
 0004:00001fec       $pdata$6$?normalizeInput@QuantizerImpl@@AEAAXIPEBVPxVec3@physx@@I@Z 000000018003dfec     Quantizer.obj
 0004:00001ff8       $pdata$7$?normalizeInput@QuantizerImpl@@AEAAXIPEBVPxVec3@physx@@I@Z 000000018003dff8     Quantizer.obj
 0004:00002004       $pdata$8$?normalizeInput@QuantizerImpl@@AEAAXIPEBVPxVec3@physx@@I@Z 000000018003e004     Quantizer.obj
 0004:00002010       $pdata$9$?normalizeInput@QuantizerImpl@@AEAAXIPEBVPxVec3@physx@@I@Z 000000018003e010     Quantizer.obj
 0004:0000201c       $pdata$10$?normalizeInput@QuantizerImpl@@AEAAXIPEBVPxVec3@physx@@I@Z 000000018003e01c     Quantizer.obj
 0004:00002028       $pdata$??1QuantizerImpl@@EEAA@XZ 000000018003e028     Quantizer.obj
 0004:00002034       $pdata$??_GQuantizerImpl@@EEAAPEAXI@Z 000000018003e034     Quantizer.obj
 0004:00002058       $pdata$__FUnloadDelayLoadedDLL2 000000018003e058     delayimp:delayhlp.obj
 0004:00002064       $pdata$__HrLoadAllImportsForDll 000000018003e064     delayimp:delayhlp.obj
 0004:00002070       $pdata$?DloadGetSRWLockFunctionPointers@@YAEXZ 000000018003e070     delayimp:delayhlp.obj
 0004:0000207c       $pdata$?DloadLock@@YAXXZ   000000018003e07c     delayimp:delayhlp.obj
 0004:00002088       $pdata$?DloadUnlock@@YAXXZ 000000018003e088     delayimp:delayhlp.obj
 0004:00002094       $pdata$?DloadObtainSection@@YAPEAXPEAK0@Z 000000018003e094     delayimp:delayhlp.obj
 0004:000020a0       $pdata$?DloadMakePermanentImageCommit@@YAXPEAX_K@Z 000000018003e0a0     delayimp:delayhlp.obj
 0004:000020ac       $pdata$?DloadProtectSection@@YAXKPEAK@Z 000000018003e0ac     delayimp:delayhlp.obj
 0004:000020b8       $pdata$?DloadAcquireSectionWriteAccess@@YAXXZ 000000018003e0b8     delayimp:delayhlp.obj
 0004:000020c4       $pdata$?DloadReleaseSectionWriteAccess@@YAXXZ 000000018003e0c4     delayimp:delayhlp.obj
 0004:000020d0       $pdata$?PiddFromDllName@@YAPEBUImgDelayDescr@@PEBD@Z 000000018003e0d0     delayimp:delayhlp.obj
 0004:000020dc       $pdata$__delayLoadHelper2  000000018003e0dc     delayimp:delayhlp.obj
 0004:000020f4       $pdata$??_Gtype_info@@UEAAPEAXI@Z 000000018003e0f4     MSVCRT:std_type_info_static.obj
 0004:00002100       $pdata$?dllmain_crt_process_attach@@YAHQEAUHINSTANCE__@@QEAX@Z 000000018003e100     MSVCRT:dll_dllmain.obj
 0004:0000210c       $pdata$?fin$0@?0??dllmain_crt_process_attach@@YAHQEAUHINSTANCE__@@QEAX@Z@4HA 000000018003e10c     MSVCRT:dll_dllmain.obj
 0004:00002118       $pdata$?dllmain_crt_process_detach@@YAH_N@Z 000000018003e118     MSVCRT:dll_dllmain.obj
 0004:00002124       $pdata$?fin$0@?0??dllmain_crt_process_detach@@YAH_N@Z@4HA 000000018003e124     MSVCRT:dll_dllmain.obj
 0004:00002130       $pdata$?dllmain_crt_dispatch@@YAHQEAUHINSTANCE__@@KQEAX@Z 000000018003e130     MSVCRT:dll_dllmain.obj
 0004:0000213c       $pdata$?dllmain_dispatch@@YAHQEAUHINSTANCE__@@KQEAX@Z 000000018003e13c     MSVCRT:dll_dllmain.obj
 0004:00002148       $pdata$?filt$0@?0??dllmain_dispatch@@YAHQEAUHINSTANCE__@@KQEAX@Z@4HA 000000018003e148     MSVCRT:dll_dllmain.obj
 0004:00002154       $pdata$_DllMainCRTStartup  000000018003e154     MSVCRT:dll_dllmain.obj
 0004:0000216c       $pdata$__security_init_cookie 000000018003e16c     MSVCRT:gs_support.obj
 0004:00002178       $pdata$__get_entropy       000000018003e178     MSVCRT:gs_support.obj
 0004:00002184       $pdata$DllMain             000000018003e184     MSVCRT:dll_dllmain_stub.obj
 0004:00002190       $pdata$__scrt_initialize_default_local_stdio_options 000000018003e190     MSVCRT:default_local_stdio_options.obj
 0004:0000219c       $pdata$atexit              000000018003e19c     MSVCRT:utility.obj
 0004:000021a8       $pdata$_onexit             000000018003e1a8     MSVCRT:utility.obj
 0004:000021b4       $pdata$__scrt_is_nonwritable_in_current_image 000000018003e1b4     MSVCRT:utility.obj
 0004:000021c0       $pdata$__scrt_is_nonwritable_in_current_image$filt$0 000000018003e1c0     MSVCRT:utility.obj
 0004:000021cc       $pdata$__scrt_acquire_startup_lock 000000018003e1cc     MSVCRT:utility.obj
 0004:000021d8       $pdata$__scrt_release_startup_lock 000000018003e1d8     MSVCRT:utility.obj
 0004:000021e4       $pdata$__scrt_initialize_crt 000000018003e1e4     MSVCRT:utility.obj
 0004:000021f0       $pdata$__scrt_uninitialize_crt 000000018003e1f0     MSVCRT:utility.obj
 0004:000021fc       $pdata$__scrt_initialize_onexit_tables 000000018003e1fc     MSVCRT:utility.obj
 0004:00002208       $pdata$__scrt_dllmain_exception_filter 000000018003e208     MSVCRT:utility.obj
 0004:00002214       $pdata$__scrt_dllmain_before_initialize_c 000000018003e214     MSVCRT:utility.obj
 0004:00002220       $pdata$__scrt_dllmain_after_initialize_c 000000018003e220     MSVCRT:utility.obj
 0004:0000222c       $pdata$__scrt_dllmain_uninitialize_c 000000018003e22c     MSVCRT:utility.obj
 0004:00002238       $pdata$__scrt_dllmain_uninitialize_critical 000000018003e238     MSVCRT:utility.obj
 0004:00002244       $pdata$__scrt_dllmain_crt_thread_attach 000000018003e244     MSVCRT:utility.obj
 0004:00002250       $pdata$__scrt_dllmain_crt_thread_detach 000000018003e250     MSVCRT:utility.obj
 0004:0000225c       $pdata$?configure_argv@__scrt_narrow_argv_policy@@SAHXZ 000000018003e25c     MSVCRT:utility.obj
 0004:00002268       $pdata$__scrt_get_show_window_mode 000000018003e268     MSVCRT:utility_desktop.obj
 0004:00002274       $pdata$__scrt_is_managed_app 000000018003e274     MSVCRT:utility_desktop.obj
 0004:00002280       $pdata$__scrt_fastfail     000000018003e280     MSVCRT:utility_desktop.obj
 0004:0000228c       $pdata$__scrt_unhandled_exception_filter 000000018003e28c     MSVCRT:utility_desktop.obj
 0004:00002298       $pdata$_RTC_Initialize     000000018003e298     MSVCRT:_initsect_.obj
 0004:000022a4       $pdata$_RTC_Terminate      000000018003e2a4     MSVCRT:_initsect_.obj
 0004:000022bc       $pdata$__isa_available_init 000000018003e2bc     MSVCRT:_cpu_disp_.obj
 0005:00000000       __spec_table               000000018003f000     MSVCRT:_svml_ssinf4_sse2_.obj
 0005:00000560       MMSA7                      000000018003f560     MSVCRT:_svml_ssinf4_sse2_.obj
 0005:00000570       MMSA3                      000000018003f570     MSVCRT:_svml_ssinf4_sse2_.obj
 0005:00000580       MMSA5                      000000018003f580     MSVCRT:_svml_ssinf4_sse2_.obj
 0005:00000590       MMSA9                      000000018003f590     MSVCRT:_svml_ssinf4_sse2_.obj
 0005:000005a0       MMSPI3                     000000018003f5a0     MSVCRT:_svml_ssinf4_sse2_.obj
 0005:000005b0       MMSPI4                     000000018003f5b0     MSVCRT:_svml_ssinf4_sse2_.obj
 0005:000005c0       MMSPI2                     000000018003f5c0     MSVCRT:_svml_ssinf4_sse2_.obj
 0005:000005d0       MMSPI1                     000000018003f5d0     MSVCRT:_svml_ssinf4_sse2_.obj
 0005:000005e0       MMIHUGE                    000000018003f5e0     MSVCRT:_svml_ssinf4_sse2_.obj
 0005:000005f0       MMSINVPI                   000000018003f5f0     MSVCRT:_svml_ssinf4_sse2_.obj
 0005:00000600       MMIABSMASK                 000000018003f600     MSVCRT:_svml_ssinf4_sse2_.obj
 0005:00000610       dbSignMask                 000000018003f610     MSVCRT:_svml_ssinf4_sse2_.obj
 0005:00000620       PI02C_4                    000000018003f620     MSVCRT:_svml_ssinf4_sse2_.obj
 0005:00000630       PI02C_3                    000000018003f630     MSVCRT:_svml_ssinf4_sse2_.obj
 0005:00000640       PI02C_2                    000000018003f640     MSVCRT:_svml_ssinf4_sse2_.obj
 0005:00000650       PI02C_1                    000000018003f650     MSVCRT:_svml_ssinf4_sse2_.obj
 0005:00000660       PI02C_0                    000000018003f660     MSVCRT:_svml_ssinf4_sse2_.obj
 0005:00000670       dbRS                       000000018003f670     MSVCRT:_svml_ssinf4_sse2_.obj
 0005:00000680       MSK_LOW_BIT                000000018003f680     MSVCRT:_svml_ssinf4_sse2_.obj
 0005:00000690       dbiOne                     000000018003f690     MSVCRT:_svml_ssinf4_sse2_.obj
 0005:000006a0       dbInvPio2                  000000018003f6a0     MSVCRT:_svml_ssinf4_sse2_.obj
 0005:000006b0       flAllOnes                  000000018003f6b0     MSVCRT:_svml_ssinf4_sse2_.obj
 0005:000006c0       flTwoPow30                 000000018003f6c0     MSVCRT:_svml_ssinf4_sse2_.obj
 0005:000006d0       MMISIGNMASK                000000018003f6d0     MSVCRT:_svml_ssinf4_sse2_.obj
 0006:000000a0       $R000000                   00000001800400a0     PhysX3Cooking.res
 0006:000003d8       $R000338                   00000001800403d8     PhysX3Cooking.res
