 PhysX3CharacterKinematic_x64

 Timestamp is 5bfc0f42 (Mon Nov 26 10:20:34 2018)

 Preferred load address is 0000000180000000

 Start         Length     Name                   Class
 0001:00000000 000000a0H .text$di                CODE
 0001:000000a0 00021020H .text$mn                CODE
 0001:000210c0 00000012H .text$mn$00             CODE
 0001:000210d2 00000081H .text$x                 CODE
 0002:00000000 00000260H .idata$5                DATA
 0002:00000260 00000010H .00cfg                  DATA
 0002:00000270 00000008H .CRT$XCA                DATA
 0002:00000278 00000030H .CRT$XCU                DATA
 0002:000002a8 00000008H .CRT$XCZ                DATA
 0002:000002b0 00000008H .CRT$XIA                DATA
 0002:000002b8 00000008H .CRT$XIZ                DATA
 0002:000002c0 00000008H .CRT$XPA                DATA
 0002:000002c8 00000008H .CRT$XPZ                DATA
 0002:000002d0 00000008H .CRT$XTA                DATA
 0002:000002d8 00000008H .CRT$XTZ                DATA
 0002:000002e0 00000000H .gfids$y                DATA
 0002:000002e0 00001480H .rdata                  DATA
 0002:00001760 00000074H .rdata$r                DATA
 0002:000017d4 0000032cH .rdata$zzzdbg           DATA
 0002:00001b00 00000008H .rtc$IAA                DATA
 0002:00001b08 00000008H .rtc$IZZ                DATA
 0002:00001b10 00000008H .rtc$TAA                DATA
 0002:00001b18 00000008H .rtc$TZZ                DATA
 0002:00001b20 00002400H .xdata                  DATA
 0002:00003f20 0000082cH .edata                  DATA
 0002:0000474c 0000008cH .idata$2                DATA
 0002:000047d8 00000018H .idata$3                DATA
 0002:000047f0 00000260H .idata$4                DATA
 0002:00004a50 00000da2H .idata$6                DATA
 0003:00000000 000000b0H .data                   DATA
 0003:000000b0 00000450H .data$r                 DATA
 0003:00000500 000000e0H .bss                    DATA
 0004:00000000 00001524H .pdata                  DATA
 0005:00000000 000000a0H .rsrc$01                DATA
 0005:000000a0 00000500H .rsrc$02                DATA

  Address         Publics by Value              Rva+Base               Lib:Object

 0000:00000000       __guard_iat_table          0000000000000000     <absolute>
 0000:00000000       ___safe_se_handler_table   0000000000000000     <absolute>
 0000:00000000       __hybrid_code_map          0000000000000000     <absolute>
 0000:00000000       ___safe_se_handler_count   0000000000000000     <absolute>
 0000:00000000       __dynamic_value_reloc_table 0000000000000000     <absolute>
 0000:00000000       __hybrid_code_map_count    0000000000000000     <absolute>
 0000:00000000       __guard_iat_count          0000000000000000     <absolute>
 0000:00000000       __enclave_config           0000000000000000     <absolute>
 0000:00000000       __guard_longjmp_table      0000000000000000     <absolute>
 0000:00000000       __guard_fids_count         0000000000000000     <absolute>
 0000:00000000       __guard_fids_table         0000000000000000     <absolute>
 0000:00000000       __hybrid_auxiliary_iat     0000000000000000     <absolute>
 0000:00000000       __guard_longjmp_count      0000000000000000     <absolute>
 0000:00000100       __guard_flags              0000000000000100     <absolute>
 0000:00000000       __ImageBase                0000000180000000     <linker-defined>
 0001:000000a0       ??0BoxController@Cct@physx@@QEAA@AEBVPxControllerDesc@2@AEAVPxPhysics@2@PEAVPxScene@2@@Z 00000001800010a0 f   CctBoxController.obj
 0001:00000190       ??1BoxController@Cct@physx@@UEAA@XZ 0000000180001190 f   CctBoxController.obj
 0001:000001d0       ?getWorldBox@BoxController@Cct@physx@@UEBA_NAEAUPxExtendedBounds3@3@@Z 00000001800011d0 f   CctBoxController.obj
 0001:00000280       ?setFootPosition@BoxController@Cct@physx@@UEAA_NAEBUPxExtendedVec3@3@@Z 0000000180001280 f   CctBoxController.obj
 0001:00000300       ?getFootPosition@BoxController@Cct@physx@@UEBA?AUPxExtendedVec3@3@XZ 0000000180001300 f   CctBoxController.obj
 0001:00000380       ?invalidateCache@BoxController@Cct@physx@@UEAAXXZ 0000000180001380 f   CctBoxController.obj
 0001:000003e0       ?resize@BoxController@Cct@physx@@UEAAXM@Z 00000001800013e0 f   CctBoxController.obj
 0001:000004a0       ?getHalfHeight@BoxController@Cct@physx@@UEBAMXZ 00000001800014a0 f   CctBoxController.obj
 0001:000004b0       ?getHalfSideExtent@BoxController@Cct@physx@@UEBAMXZ 00000001800014b0 f   CctBoxController.obj
 0001:000004c0       ?getHalfForwardExtent@BoxController@Cct@physx@@UEBAMXZ 00000001800014c0 f   CctBoxController.obj
 0001:000004d0       ?setHalfHeight@BoxController@Cct@physx@@UEAA_NM@Z 00000001800014d0 f   CctBoxController.obj
 0001:000004f0       ?setHalfSideExtent@BoxController@Cct@physx@@UEAA_NM@Z 00000001800014f0 f   CctBoxController.obj
 0001:00000510       ?setHalfForwardExtent@BoxController@Cct@physx@@UEAA_NM@Z 0000000180001510 f   CctBoxController.obj
 0001:00000530       ?updateKinematicProxy@BoxController@Cct@physx@@QEAA_NXZ 0000000180001530 f   CctBoxController.obj
 0001:000005d0       ?getOBB@BoxController@Cct@physx@@QEBAXAEAVPxExtendedBox@3@@Z 00000001800015d0 f   CctBoxController.obj
 0001:000006d0       ??0Allocator@shdfnd@physx@@QEAA@PEBD@Z 00000001800016d0 f i CctBoxController.obj
 0001:000006e0       ??0PxControllerManager@physx@@IEAA@XZ 00000001800016e0 f i CctBoxController.obj
 0001:000006f0       ??0PxControllerManager@physx@@QEAA@AEBV01@@Z 00000001800016f0 f i CctBoxController.obj
 0001:00000700       ??0PxFoundation@physx@@QEAA@AEBV01@@Z 0000000180001700 f i CctBoxController.obj
 0001:00000710       ??0PxFoundation@physx@@QEAA@XZ 0000000180001710 f i CctBoxController.obj
 0001:00000720       ??1PxBoxController@physx@@MEAA@XZ 0000000180001720 f i CctBoxController.obj
 0001:00000730       ??1PxController@physx@@MEAA@XZ 0000000180001730 f i CctBoxController.obj
 0001:00000740       ??1PxControllerManager@physx@@MEAA@XZ 0000000180001740 f i CctBoxController.obj
 0001:00000750       ??1PxFoundation@physx@@MEAA@XZ 0000000180001750 f i CctBoxController.obj
 0001:00000760       ??4Allocator@shdfnd@physx@@QEAAAEAV012@$$QEAV012@@Z 0000000180001760 f i CctBoxController.obj
 0001:00000770       ??4Allocator@shdfnd@physx@@QEAAAEAV012@AEBV012@@Z 0000000180001770 f i CctBoxController.obj
 0001:00000780       ??4MutexImpl@shdfnd@physx@@QEAAAEAV012@AEBV012@@Z 0000000180001780 f i CctBoxController.obj
 0001:00000790       ??4PxControllerManager@physx@@QEAAAEAV01@AEBV01@@Z 0000000180001790 f i CctBoxController.obj
 0001:000007a0       ??4PxFoundation@physx@@QEAAAEAV01@AEBV01@@Z 00000001800017a0 f i CctBoxController.obj
 0001:000007a4       ??_EBoxController@Cct@physx@@W7EAAPEAXI@Z 00000001800017a4 f i CctBoxController.obj
 0001:000007b0       ??_EPxControllerManager@physx@@MEAAPEAXI@Z 00000001800017b0 f i CctBoxController.obj
 0001:00000840       ??_EPxFoundation@physx@@MEAAPEAXI@Z 0000000180001840 f i CctBoxController.obj
 0001:000008d0       ??_FAllocator@shdfnd@physx@@QEAAXXZ 00000001800018d0 f i CctBoxController.obj
 0001:000008e0       ??_EBoxController@Cct@physx@@UEAAPEAXI@Z 00000001800018e0 f i CctBoxController.obj
 0001:000008e0       ??_GBoxController@Cct@physx@@UEAAPEAXI@Z 00000001800018e0 f i CctBoxController.obj
 0001:00000960       ??_EPxBoxController@physx@@MEAAPEAXI@Z 0000000180001960 f i CctBoxController.obj
 0001:00000960       ??_GPxBoxController@physx@@MEAAPEAXI@Z 0000000180001960 f i CctBoxController.obj
 0001:00000990       ??_GPxController@physx@@MEAAPEAXI@Z 0000000180001990 f i CctBoxController.obj
 0001:00000990       ??_EPxController@physx@@MEAAPEAXI@Z 0000000180001990 f i CctBoxController.obj
 0001:000009c0       ??_GPxControllerManager@physx@@MEAAPEAXI@Z 00000001800019c0 f i CctBoxController.obj
 0001:000009f0       ??_GPxFoundation@physx@@MEAAPEAXI@Z 00000001800019f0 f i CctBoxController.obj
 0001:00000a20       ??_H@YAXPEAX_K1P6APEAX0@Z@Z 0000000180001a20 f i CctBoxController.obj
 0001:00000a70       ??_I@YAXPEAX_K1P6AX0@Z@Z   0000000180001a70 f i CctBoxController.obj
 0001:00000ad0       ?__empty_global_delete@@YAXPEAX@Z 0000000180001ad0 f i CctBoxController.obj
 0001:00000ae0       ?__global_delete@@YAXPEAX_K@Z 0000000180001ae0 f i CctBoxController.obj
 0001:00000ae0       ?__empty_global_delete@@YAXPEAX_K@Z 0000000180001ae0 f i CctBoxController.obj
 0001:00000af0       ?getActor@BoxController@Cct@physx@@UEBAPEAVPxRigidDynamic@3@XZ 0000000180001af0 f i CctBoxController.obj
 0001:00000b00       ?getContactOffset@BoxController@Cct@physx@@UEBAMXZ 0000000180001b00 f i CctBoxController.obj
 0001:00000b10       ?getHalfHeightInternal@BoxController@Cct@physx@@UEBAMXZ 0000000180001b10 f i CctBoxController.obj
 0001:00000b20       ?getNonWalkableMode@BoxController@Cct@physx@@UEBA?AW4Enum@PxControllerNonWalkableMode@3@XZ 0000000180001b20 f i CctBoxController.obj
 0001:00000b30       ?getPosition@BoxController@Cct@physx@@UEBAAEBUPxExtendedVec3@3@XZ 0000000180001b30 f i CctBoxController.obj
 0001:00000b40       ?getPxController@BoxController@Cct@physx@@UEAAPEAVPxController@3@XZ 0000000180001b40 f i CctBoxController.obj
 0001:00000b50       ?getScene@BoxController@Cct@physx@@UEAAPEAVPxScene@3@XZ 0000000180001b50 f i CctBoxController.obj
 0001:00000b60       ?getSlopeLimit@BoxController@Cct@physx@@UEBAMXZ 0000000180001b60 f i CctBoxController.obj
 0001:00000b70       ?getState@BoxController@Cct@physx@@UEBAXAEAUPxControllerState@3@@Z 0000000180001b70 f i CctBoxController.obj
 0001:00000b80       ?getStats@BoxController@Cct@physx@@UEBAXAEAUPxControllerStats@3@@Z 0000000180001b80 f i CctBoxController.obj
 0001:00000b90       ?getStepOffset@BoxController@Cct@physx@@UEBAMXZ 0000000180001b90 f i CctBoxController.obj
 0001:00000ba0       ?getType@BoxController@Cct@physx@@UEBA?AW4Enum@PxControllerShapeType@3@XZ 0000000180001ba0 f i CctBoxController.obj
 0001:00000bb0       ?getUpDirection@BoxController@Cct@physx@@UEBA?AVPxVec3@3@XZ 0000000180001bb0 f i CctBoxController.obj
 0001:00000bd0       ?getUserData@BoxController@Cct@physx@@UEBAPEAXXZ 0000000180001bd0 f i CctBoxController.obj
 0001:00000be0       ?release@BoxController@Cct@physx@@UEAAXXZ 0000000180001be0 f i CctBoxController.obj
 0001:00000bf0       ?setContactOffset@BoxController@Cct@physx@@UEAAXM@Z 0000000180001bf0 f i CctBoxController.obj
 0001:00000c00       ?setNonWalkableMode@BoxController@Cct@physx@@UEAAXW4Enum@PxControllerNonWalkableMode@3@@Z 0000000180001c00 f i CctBoxController.obj
 0001:00000c10       ?setPosition@BoxController@Cct@physx@@UEAA_NAEBUPxExtendedVec3@3@@Z 0000000180001c10 f i CctBoxController.obj
 0001:00000c20       ?setSlopeLimit@BoxController@Cct@physx@@UEAAXM@Z 0000000180001c20 f i CctBoxController.obj
 0001:00000c30       ?setStepOffset@BoxController@Cct@physx@@UEAAXM@Z 0000000180001c30 f i CctBoxController.obj
 0001:00000c40       ?setUpDirection@BoxController@Cct@physx@@UEAAXAEBVPxVec3@3@@Z 0000000180001c40 f i CctBoxController.obj
 0001:00000c50       ?setUserData@BoxController@Cct@physx@@UEAAXPEAX@Z 0000000180001c50 f i CctBoxController.obj
 0001:00000c60       ??0CapsuleController@Cct@physx@@QEAA@AEBVPxControllerDesc@2@AEAVPxPhysics@2@PEAVPxScene@2@@Z 0000000180001c60 f   CctCapsuleController.obj
 0001:00000d50       ??1CapsuleController@Cct@physx@@UEAA@XZ 0000000180001d50 f   CctCapsuleController.obj
 0001:00000d90       ?getWorldBox@CapsuleController@Cct@physx@@UEBA_NAEAUPxExtendedBounds3@3@@Z 0000000180001d90 f   CctCapsuleController.obj
 0001:00000e40       ?setFootPosition@CapsuleController@Cct@physx@@UEAA_NAEBUPxExtendedVec3@3@@Z 0000000180001e40 f   CctCapsuleController.obj
 0001:00000ed0       ?getFootPosition@CapsuleController@Cct@physx@@UEBA?AUPxExtendedVec3@3@XZ 0000000180001ed0 f   CctCapsuleController.obj
 0001:00000f60       ?invalidateCache@CapsuleController@Cct@physx@@UEAAXXZ 0000000180001f60 f   CctCapsuleController.obj
 0001:00000fc0       ?resize@CapsuleController@Cct@physx@@UEAAXM@Z 0000000180001fc0 f   CctCapsuleController.obj
 0001:00001090       ?getClimbingMode@CapsuleController@Cct@physx@@UEBA?AW4Enum@PxCapsuleClimbingMode@3@XZ 0000000180002090 f   CctCapsuleController.obj
 0001:000010a0       ?setRadius@CapsuleController@Cct@physx@@UEAA_NM@Z 00000001800020a0 f   CctCapsuleController.obj
 0001:00001130       ?setHeight@CapsuleController@Cct@physx@@UEAA_NM@Z 0000000180002130 f   CctCapsuleController.obj
 0001:000011d0       ?setClimbingMode@CapsuleController@Cct@physx@@UEAA_NW4Enum@PxCapsuleClimbingMode@3@@Z 00000001800021d0 f   CctCapsuleController.obj
 0001:000011f0       ?getCapsule@CapsuleController@Cct@physx@@QEBAXAEAUPxExtendedCapsule@3@@Z 00000001800021f0 f   CctCapsuleController.obj
 0001:000012d0       ??1PxCapsuleController@physx@@MEAA@XZ 00000001800022d0 f i CctCapsuleController.obj
 0001:000012dc       ??_ECapsuleController@Cct@physx@@W7EAAPEAXI@Z 00000001800022dc f i CctCapsuleController.obj
 0001:000012f0       ??_ECapsuleController@Cct@physx@@UEAAPEAXI@Z 00000001800022f0 f i CctCapsuleController.obj
 0001:000012f0       ??_GCapsuleController@Cct@physx@@UEAAPEAXI@Z 00000001800022f0 f i CctCapsuleController.obj
 0001:00001370       ??_GPxCapsuleController@physx@@MEAAPEAXI@Z 0000000180002370 f i CctCapsuleController.obj
 0001:00001370       ??_EPxCapsuleController@physx@@MEAAPEAXI@Z 0000000180002370 f i CctCapsuleController.obj
 0001:000013a0       ?getActor@CapsuleController@Cct@physx@@UEBAPEAVPxRigidDynamic@3@XZ 00000001800023a0 f i CctCapsuleController.obj
 0001:000013b0       ?getContactOffset@CapsuleController@Cct@physx@@UEBAMXZ 00000001800023b0 f i CctCapsuleController.obj
 0001:000013c0       ?getHalfHeightInternal@CapsuleController@Cct@physx@@UEBAMXZ 00000001800023c0 f i CctCapsuleController.obj
 0001:000013e0       ?getHeight@CapsuleController@Cct@physx@@UEBAMXZ 00000001800023e0 f i CctCapsuleController.obj
 0001:000013f0       ?getNonWalkableMode@CapsuleController@Cct@physx@@UEBA?AW4Enum@PxControllerNonWalkableMode@3@XZ 00000001800023f0 f i CctCapsuleController.obj
 0001:00001400       ?getPosition@CapsuleController@Cct@physx@@UEBAAEBUPxExtendedVec3@3@XZ 0000000180002400 f i CctCapsuleController.obj
 0001:00001410       ?getPxController@CapsuleController@Cct@physx@@UEAAPEAVPxController@3@XZ 0000000180002410 f i CctCapsuleController.obj
 0001:00001420       ?getRadius@CapsuleController@Cct@physx@@UEBAMXZ 0000000180002420 f i CctCapsuleController.obj
 0001:00001430       ?getScene@CapsuleController@Cct@physx@@UEAAPEAVPxScene@3@XZ 0000000180002430 f i CctCapsuleController.obj
 0001:00001440       ?getSlopeLimit@CapsuleController@Cct@physx@@UEBAMXZ 0000000180002440 f i CctCapsuleController.obj
 0001:00001450       ?getState@CapsuleController@Cct@physx@@UEBAXAEAUPxControllerState@3@@Z 0000000180002450 f i CctCapsuleController.obj
 0001:00001460       ?getStats@CapsuleController@Cct@physx@@UEBAXAEAUPxControllerStats@3@@Z 0000000180002460 f i CctCapsuleController.obj
 0001:00001470       ?getStepOffset@CapsuleController@Cct@physx@@UEBAMXZ 0000000180002470 f i CctCapsuleController.obj
 0001:00001480       ?getType@CapsuleController@Cct@physx@@UEBA?AW4Enum@PxControllerShapeType@3@XZ 0000000180002480 f i CctCapsuleController.obj
 0001:00001490       ?getUpDirection@CapsuleController@Cct@physx@@UEBA?AVPxVec3@3@XZ 0000000180002490 f i CctCapsuleController.obj
 0001:000014b0       ?getUserData@CapsuleController@Cct@physx@@UEBAPEAXXZ 00000001800024b0 f i CctCapsuleController.obj
 0001:000014c0       ?release@CapsuleController@Cct@physx@@UEAAXXZ 00000001800024c0 f i CctCapsuleController.obj
 0001:000014d0       ?setContactOffset@CapsuleController@Cct@physx@@UEAAXM@Z 00000001800024d0 f i CctCapsuleController.obj
 0001:000014e0       ?setNonWalkableMode@CapsuleController@Cct@physx@@UEAAXW4Enum@PxControllerNonWalkableMode@3@@Z 00000001800024e0 f i CctCapsuleController.obj
 0001:000014f0       ?setPosition@CapsuleController@Cct@physx@@UEAA_NAEBUPxExtendedVec3@3@@Z 00000001800024f0 f i CctCapsuleController.obj
 0001:00001500       ?setSlopeLimit@CapsuleController@Cct@physx@@UEAAXM@Z 0000000180002500 f i CctCapsuleController.obj
 0001:00001510       ?setStepOffset@CapsuleController@Cct@physx@@UEAAXM@Z 0000000180002510 f i CctCapsuleController.obj
 0001:00001520       ?setUpDirection@CapsuleController@Cct@physx@@UEAAXAEBVPxVec3@3@@Z 0000000180002520 f i CctCapsuleController.obj
 0001:00001530       ?setUserData@CapsuleController@Cct@physx@@UEAAXPEAX@Z 0000000180002530 f i CctCapsuleController.obj
 0001:00001540       ??0CCTParams@Cct@physx@@QEAA@XZ 0000000180002540 f   CctCharacterController.obj
 0001:00001580       ??0SweepTest@Cct@physx@@QEAA@_N@Z 0000000180002580 f   CctCharacterController.obj
 0001:000016f0       ??1SweepTest@Cct@physx@@QEAA@XZ 00000001800026f0 f   CctCharacterController.obj
 0001:000017e0       ?moveCharacter@SweepTest@Cct@physx@@QEAA?AV?$PxFlags@W4Enum@PxControllerCollisionFlag@physx@@E@3@PEBUInternalCBData_FindTouchedGeom@23@PEAUInternalCBData_OnHit@23@AEAVSweptVolume@23@AEBVPxVec3@3@AEBUUserObstacles@23@MAEBVPxControllerFilters@3@_N6AEAPEBVPxRigidActor@3@AEAPEBVPxShape@3@_K@Z 00000001800027e0 f   CctCharacterController.obj
 0001:000022a0       ?doSweepTest@SweepTest@Cct@physx@@QEAA_NPEBUInternalCBData_FindTouchedGeom@23@PEAUInternalCBData_OnHit@23@AEBUUserObstacles@23@AEAVSweptVolume@23@AEBVPxVec3@3@4IPEAIMAEBVPxControllerFilters@3@W4SweepPass@23@AEAPEBVPxRigidActor@3@AEAPEBVPxShape@3@_K@Z 00000001800032a0 f   CctCharacterController.obj
 0001:00003270       ?findTouchedObstacles@SweepTest@Cct@physx@@QEAAXAEBUUserObstacles@23@AEBUPxExtendedBounds3@3@@Z 0000000180004270 f   CctCharacterController.obj
 0001:000039a0       ?voidTestCache@SweepTest@Cct@physx@@QEAAXXZ 00000001800049a0 f   CctCharacterController.obj
 0001:00003a50       ?onRelease@SweepTest@Cct@physx@@QEAAXAEBVPxBase@3@@Z 0000000180004a50 f   CctCharacterController.obj
 0001:00003b60       ?updateCachedShapesRegistration@SweepTest@Cct@physx@@QEAAXI_N@Z 0000000180004b60 f   CctCharacterController.obj
 0001:00003c10       ?onObstacleRemoved@SweepTest@Cct@physx@@QEAAXI@Z 0000000180004c10 f   CctCharacterController.obj
 0001:00003c30       ?onObstacleUpdated@SweepTest@Cct@physx@@QEAAXIPEBVPxObstacleContext@3@AEBVPxVec3@3@1M@Z 0000000180004c30 f   CctCharacterController.obj
 0001:00003d60       ?onObstacleAdded@SweepTest@Cct@physx@@QEAAXIPEBVPxObstacleContext@3@AEBVPxVec3@3@1M@Z 0000000180004d60 f   CctCharacterController.obj
 0001:00003f10       ?onOriginShift@SweepTest@Cct@physx@@QEAAXAEBVPxVec3@3@@Z 0000000180004f10 f   CctCharacterController.obj
 0001:000040b0       ?updateTouchedGeoms@SweepTest@Cct@physx@@AEAAXPEBUInternalCBData_FindTouchedGeom@23@AEBUUserObstacles@23@AEBUPxExtendedBounds3@3@AEBVPxControllerFilters@3@AEBVPxVec3@3@@Z 00000001800050b0 f   CctCharacterController.obj
 0001:00004a20       ?findTouchedObject@Controller@Cct@physx@@IEAAXAEBVPxControllerFilters@3@PEBVPxObstacleContext@3@AEBVPxVec3@3@@Z 0000000180005a20 f   CctCharacterController.obj
 0001:000051a0       ?rideOnTouchedObject@Controller@Cct@physx@@IEAA_NAEAVSweptVolume@23@AEBVPxVec3@3@AEAV53@PEBVPxObstacleContext@3@@Z 00000001800061a0 f   CctCharacterController.obj
 0001:00005870       ?move@Controller@Cct@physx@@IEAA?AV?$PxFlags@W4Enum@PxControllerCollisionFlag@physx@@E@3@AEAVSweptVolume@23@AEBVPxVec3@3@MMAEBVPxControllerFilters@3@PEBVPxObstacleContext@3@_N@Z 0000000180006870 f   CctCharacterController.obj
 0001:000069e0       ?filterTouchedShape@Controller@Cct@physx@@IEAA_NAEBVPxControllerFilters@3@@Z 00000001800079e0 f   CctCharacterController.obj
 0001:000082c0       ?move@BoxController@Cct@physx@@UEAA?AV?$PxFlags@W4Enum@PxControllerCollisionFlag@physx@@E@3@AEBVPxVec3@3@MMAEBVPxControllerFilters@3@PEBVPxObstacleContext@3@@Z 00000001800092c0 f   CctCharacterController.obj
 0001:000083f0       ?move@CapsuleController@Cct@physx@@UEAA?AV?$PxFlags@W4Enum@PxControllerCollisionFlag@physx@@E@3@AEBVPxVec3@3@MMAEBVPxControllerFilters@3@PEBVPxObstacleContext@3@@Z 00000001800093f0 f   CctCharacterController.obj
 0001:00008570       ??0PxMat33@physx@@QEAA@AEBV01@@Z 0000000180009570 f i CctCharacterController.obj
 0001:000085b0       ??0PxVec3@physx@@QEAA@XZ   00000001800095b0 f i CctCharacterController.obj
 0001:000085c0       ??1?$PxHitBuffer@UPxRaycastHit@physx@@@physx@@UEAA@XZ 00000001800095c0 f i CctCharacterController.obj
 0001:000085d0       ??1?$PxHitCallback@UPxRaycastHit@physx@@@physx@@UEAA@XZ 00000001800095d0 f i CctCharacterController.obj
 0001:000085e0       ??1PxQueryFilterCallback@physx@@UEAA@XZ 00000001800095e0 f i CctCharacterController.obj
 0001:000085f0       ??4FPUGuard@shdfnd@physx@@QEAAAEAV012@AEBV012@@Z 00000001800095f0 f i CctCharacterController.obj
 0001:00008610       ??DPxQuat@physx@@QEBA?AV01@AEBV01@@Z 0000000180009610 f i CctCharacterController.obj
 0001:00008750       ??_E?$PxHitBuffer@UPxRaycastHit@physx@@@physx@@UEAAPEAXI@Z 0000000180009750 f i CctCharacterController.obj
 0001:00008750       ??_G?$PxHitBuffer@UPxRaycastHit@physx@@@physx@@UEAAPEAXI@Z 0000000180009750 f i CctCharacterController.obj
 0001:00008780       ??_G?$PxHitCallback@UPxRaycastHit@physx@@@physx@@UEAAPEAXI@Z 0000000180009780 f i CctCharacterController.obj
 0001:00008780       ??_E?$PxHitCallback@UPxRaycastHit@physx@@@physx@@UEAAPEAXI@Z 0000000180009780 f i CctCharacterController.obj
 0001:000087b0       ??_EControllerFilter@@UEAAPEAXI@Z 00000001800097b0 f i CctCharacterController.obj
 0001:000087b0       ??_GControllerFilter@@UEAAPEAXI@Z 00000001800097b0 f i CctCharacterController.obj
 0001:000087e0       ??_GPxQueryFilterCallback@physx@@UEAAPEAXI@Z 00000001800097e0 f i CctCharacterController.obj
 0001:000087e0       ??_EPxQueryFilterCallback@physx@@UEAAPEAXI@Z 00000001800097e0 f i CctCharacterController.obj
 0001:00008fa0       ?finalizeQuery@?$PxHitCallback@UPxRaycastHit@physx@@@physx@@UEAAXXZ 0000000180009fa0 f i CctCharacterController.obj
 0001:00008fb0       ?growAndPushBack@?$Array@PEBXV?$ReflectionAllocator@PEBX@shdfnd@physx@@@shdfnd@physx@@IEAAAEAPEBXAEBQEBX@Z 0000000180009fb0 f i CctCharacterController.obj
 0001:000090e0       ?growAndPushBack@?$Array@UPxExtendedCapsule@physx@@V?$ReflectionAllocator@UPxExtendedCapsule@physx@@@shdfnd@2@@shdfnd@physx@@IEAAAEAUPxExtendedCapsule@3@AEBU43@@Z 000000018000a0e0 f i CctCharacterController.obj
 0001:00009250       ?growAndPushBack@?$Array@VPxExtendedBox@physx@@V?$ReflectionAllocator@VPxExtendedBox@physx@@@shdfnd@2@@shdfnd@physx@@IEAAAEAVPxExtendedBox@3@AEBV43@@Z 000000018000a250 f i CctCharacterController.obj
 0001:000095c0       ?postFilter@ControllerFilter@@UEAA?AW4Enum@PxQueryHitType@physx@@AEBUPxFilterData@4@AEBUPxQueryHit@4@@Z 000000018000a5c0 f i CctCharacterController.obj
 0001:000095e0       ?preFilter@ControllerFilter@@UEAA?AW4Enum@PxQueryHitType@physx@@AEBUPxFilterData@4@PEBVPxShape@4@PEBVPxRigidActor@4@AEAV?$PxFlags@W4Enum@PxHitFlag@physx@@G@4@@Z 000000018000a5e0 f i CctCharacterController.obj
 0001:00009710       ?processTouches@?$PxHitBuffer@UPxRaycastHit@physx@@@physx@@MEAA_NPEBUPxRaycastHit@2@I@Z 000000018000a710 f i CctCharacterController.obj
 0001:00009720       ?recreate@?$Array@IV?$ReflectionAllocator@I@shdfnd@physx@@@shdfnd@physx@@IEAAXI@Z 000000018000a720 f i CctCharacterController.obj
 0001:00009b80       ?getSceneTimestamp@Cct@physx@@YAIPEBUInternalCBData_FindTouchedGeom@12@@Z 000000018000ab80 f   CctCharacterControllerCallbacks.obj
 0001:00009ba0       ?findTouchedGeometry@Cct@physx@@YAXPEBUInternalCBData_FindTouchedGeom@12@AEBUPxExtendedBounds3@2@AEAVTriArray@12@AEAV?$Array@IV?$ReflectionAllocator@I@shdfnd@physx@@@shdfnd@2@3AEBVCCTFilter@12@AEBUCCTParams@12@AEAG@Z 000000018000aba0 f   CctCharacterControllerCallbacks.obj
 0001:0000aaf0       ?shapeHitCallback@Cct@physx@@YAIPEBUInternalCBData_OnHit@12@AEBUSweptContact@12@AEBVPxVec3@2@M@Z 000000018000baf0 f   CctCharacterControllerCallbacks.obj
 0001:0000ac00       ?userHitCallback@Cct@physx@@YAIPEBUInternalCBData_OnHit@12@AEBUSweptContact@12@AEBVPxVec3@2@M@Z 000000018000bc00 f   CctCharacterControllerCallbacks.obj
 0001:0000ae80       ??0PxOverlapHit@physx@@QEAA@XZ 000000018000be80 f i CctCharacterControllerCallbacks.obj
 0001:0000aea0       ??1?$PxHitBuffer@UPxOverlapHit@physx@@@physx@@UEAA@XZ 000000018000bea0 f i CctCharacterControllerCallbacks.obj
 0001:0000aeb0       ??1?$PxHitCallback@UPxOverlapHit@physx@@@physx@@UEAA@XZ 000000018000beb0 f i CctCharacterControllerCallbacks.obj
 0001:0000aec0       ??_G?$PxHitBuffer@UPxOverlapHit@physx@@@physx@@UEAAPEAXI@Z 000000018000bec0 f i CctCharacterControllerCallbacks.obj
 0001:0000aec0       ??_E?$PxHitBuffer@UPxOverlapHit@physx@@@physx@@UEAAPEAXI@Z 000000018000bec0 f i CctCharacterControllerCallbacks.obj
 0001:0000aef0       ??_G?$PxHitCallback@UPxOverlapHit@physx@@@physx@@UEAAPEAXI@Z 000000018000bef0 f i CctCharacterControllerCallbacks.obj
 0001:0000aef0       ??_E?$PxHitCallback@UPxOverlapHit@physx@@@physx@@UEAAPEAXI@Z 000000018000bef0 f i CctCharacterControllerCallbacks.obj
 0001:0000af20       ?allocate@?$Array@IV?$ReflectionAllocator@I@shdfnd@physx@@@shdfnd@physx@@IEAAPEAII@Z 000000018000bf20 f i CctCharacterControllerCallbacks.obj
 0001:0000b670       ?finalizeQuery@?$PxHitCallback@UPxOverlapHit@physx@@@physx@@UEAAXXZ 000000018000c670 f i CctCharacterControllerCallbacks.obj
 0001:0000b680       ?growAndPushBack@?$Array@IV?$ReflectionAllocator@I@shdfnd@physx@@@shdfnd@physx@@IEAAAEAIAEBI@Z 000000018000c680 f i CctCharacterControllerCallbacks.obj
 0001:0000ee50       ?processTouches@?$PxHitBuffer@UPxOverlapHit@physx@@@physx@@MEAA_NPEBUPxOverlapHit@2@I@Z 000000018000fe50 f i CctCharacterControllerCallbacks.obj
 0001:0000ee60       ?recreate@?$Array@VPxTriangle@physx@@V?$ReflectionAllocator@VPxTriangle@physx@@@shdfnd@2@@shdfnd@physx@@IEAAXI@Z 000000018000fe60 f i CctCharacterControllerCallbacks.obj
 0001:0000f530       PxCreateControllerManager  0000000180010530 f   CctCharacterControllerManager.obj
 0001:0000f5e0       ??0CharacterControllerManager@Cct@physx@@QEAA@AEAVPxScene@2@_N@Z 00000001800105e0 f   CctCharacterControllerManager.obj
 0001:0000f7a0       ??1CharacterControllerManager@Cct@physx@@UEAA@XZ 00000001800107a0 f   CctCharacterControllerManager.obj
 0001:0000f970       ?release@CharacterControllerManager@Cct@physx@@UEAAXXZ 0000000180010970 f   CctCharacterControllerManager.obj
 0001:0000fbd0       ?getScene@CharacterControllerManager@Cct@physx@@UEBAAEAVPxScene@3@XZ 0000000180010bd0 f   CctCharacterControllerManager.obj
 0001:0000fbe0       ?getNbControllers@CharacterControllerManager@Cct@physx@@UEBAIXZ 0000000180010be0 f   CctCharacterControllerManager.obj
 0001:0000fbf0       ?getController@CharacterControllerManager@Cct@physx@@UEAAPEAVPxController@3@I@Z 0000000180010bf0 f   CctCharacterControllerManager.obj
 0001:0000fc50       ?createController@CharacterControllerManager@Cct@physx@@UEAAPEAVPxController@3@AEBVPxControllerDesc@3@@Z 0000000180010c50 f   CctCharacterControllerManager.obj
 0001:0000fe70       ?purgeControllers@CharacterControllerManager@Cct@physx@@UEAAXXZ 0000000180010e70 f   CctCharacterControllerManager.obj
 0001:00010070       ?getRenderBuffer@CharacterControllerManager@Cct@physx@@UEAAAEAVPxRenderBuffer@3@XZ 0000000180011070 f   CctCharacterControllerManager.obj
 0001:00010140       ?setDebugRenderingFlags@CharacterControllerManager@Cct@physx@@UEAAXV?$PxFlags@W4Enum@PxControllerDebugRenderFlag@physx@@I@3@@Z 0000000180011140 f   CctCharacterControllerManager.obj
 0001:00010180       ?getNbObstacleContexts@CharacterControllerManager@Cct@physx@@UEBAIXZ 0000000180011180 f   CctCharacterControllerManager.obj
 0001:00010190       ?getObstacleContext@CharacterControllerManager@Cct@physx@@UEAAPEAVPxObstacleContext@3@I@Z 0000000180011190 f   CctCharacterControllerManager.obj
 0001:000101f0       ?createObstacleContext@CharacterControllerManager@Cct@physx@@UEAAPEAVPxObstacleContext@3@XZ 00000001800111f0 f   CctCharacterControllerManager.obj
 0001:000102d0       ?computeInteractions@CharacterControllerManager@Cct@physx@@UEAAXMPEAVPxControllerFilterCallback@3@@Z 00000001800112d0 f   CctCharacterControllerManager.obj
 0001:00010550       ?setTessellation@CharacterControllerManager@Cct@physx@@UEAAX_NM@Z 0000000180011550 f   CctCharacterControllerManager.obj
 0001:00010570       ?setOverlapRecoveryModule@CharacterControllerManager@Cct@physx@@UEAAX_N@Z 0000000180011570 f   CctCharacterControllerManager.obj
 0001:00010580       ?setPreciseSweeps@CharacterControllerManager@Cct@physx@@UEAAX_N@Z 0000000180011580 f   CctCharacterControllerManager.obj
 0001:00010590       ?setPreventVerticalSlidingAgainstCeiling@CharacterControllerManager@Cct@physx@@UEAAX_N@Z 0000000180011590 f   CctCharacterControllerManager.obj
 0001:000105a0       ?shiftOrigin@CharacterControllerManager@Cct@physx@@UEAAXAEBVPxVec3@3@@Z 00000001800115a0 f   CctCharacterControllerManager.obj
 0001:00010670       ?onRelease@CharacterControllerManager@Cct@physx@@UEAAXPEBVPxBase@3@PEAXW4Enum@PxDeletionEventFlag@3@@Z 0000000180011670 f   CctCharacterControllerManager.obj
 0001:00010800       ?registerObservedObject@CharacterControllerManager@Cct@physx@@QEAAXPEBVPxBase@3@@Z 0000000180011800 f   CctCharacterControllerManager.obj
 0001:00010890       ?unregisterObservedObject@CharacterControllerManager@Cct@physx@@QEAAXPEBVPxBase@3@@Z 0000000180011890 f   CctCharacterControllerManager.obj
 0001:00010930       ?onObstacleRemoved@CharacterControllerManager@Cct@physx@@QEBAXI@Z 0000000180011930 f   CctCharacterControllerManager.obj
 0001:00010980       ?onObstacleUpdated@CharacterControllerManager@Cct@physx@@QEBAXIPEBVPxObstacleContext@3@@Z 0000000180011980 f   CctCharacterControllerManager.obj
 0001:00010aa0       ?onObstacleAdded@CharacterControllerManager@Cct@physx@@QEBAXIPEBVPxObstacleContext@3@@Z 0000000180011aa0 f   CctCharacterControllerManager.obj
 0001:00010bc0       ?releaseController@CharacterControllerManager@Cct@physx@@QEAAXAEAVPxController@3@@Z 0000000180011bc0 f   CctCharacterControllerManager.obj
 0001:00010d80       ?getControllers@CharacterControllerManager@Cct@physx@@QEAAPEAPEAVController@23@XZ 0000000180011d80 f   CctCharacterControllerManager.obj
 0001:00010d90       ?releaseObstacleContext@CharacterControllerManager@Cct@physx@@QEAAXAEAVObstacleContext@23@@Z 0000000180011d90 f   CctCharacterControllerManager.obj
 0001:00010e00       ?resetObstaclesBuffers@CharacterControllerManager@Cct@physx@@QEAAXXZ 0000000180011e00 f   CctCharacterControllerManager.obj
 0001:00010f30       ??$resetOrClear@V?$Array@PEBXV?$ReflectionAllocator@PEBX@shdfnd@physx@@@shdfnd@physx@@@@YAXAEAV?$Array@PEBXV?$ReflectionAllocator@PEBX@shdfnd@physx@@@shdfnd@physx@@@Z 0000000180011f30 f i CctCharacterControllerManager.obj
 0001:00010f90       ??$resetOrClear@V?$Array@UPxExtendedCapsule@physx@@V?$ReflectionAllocator@UPxExtendedCapsule@physx@@@shdfnd@2@@shdfnd@physx@@@@YAXAEAV?$Array@UPxExtendedCapsule@physx@@V?$ReflectionAllocator@UPxExtendedCapsule@physx@@@shdfnd@2@@shdfnd@physx@@@Z 0000000180011f90 f i CctCharacterControllerManager.obj
 0001:00011000       ??$resetOrClear@V?$Array@VPxExtendedBox@physx@@V?$ReflectionAllocator@VPxExtendedBox@physx@@@shdfnd@2@@shdfnd@physx@@@@YAXAEAV?$Array@VPxExtendedBox@physx@@V?$ReflectionAllocator@VPxExtendedBox@physx@@@shdfnd@2@@shdfnd@physx@@@Z 0000000180012000 f i CctCharacterControllerManager.obj
 0001:00011050       ??1PxDeletionListener@physx@@MEAA@XZ 0000000180012050 f i CctCharacterControllerManager.obj
 0001:00011060       ??1PxRenderBuffer@physx@@UEAA@XZ 0000000180012060 f i CctCharacterControllerManager.obj
 0001:0001106c       ??_ECharacterControllerManager@Cct@physx@@W7EAAPEAXI@Z 000000018001206c f i CctCharacterControllerManager.obj
 0001:00011080       ??_ECharacterControllerManager@Cct@physx@@UEAAPEAXI@Z 0000000180012080 f i CctCharacterControllerManager.obj
 0001:00011080       ??_GCharacterControllerManager@Cct@physx@@UEAAPEAXI@Z 0000000180012080 f i CctCharacterControllerManager.obj
 0001:000110e0       ??_GPxDeletionListener@physx@@MEAAPEAXI@Z 00000001800120e0 f i CctCharacterControllerManager.obj
 0001:000110e0       ??_EPxDeletionListener@physx@@MEAAPEAXI@Z 00000001800120e0 f i CctCharacterControllerManager.obj
 0001:00011110       ??_GPxRenderBuffer@physx@@UEAAPEAXI@Z 0000000180012110 f i CctCharacterControllerManager.obj
 0001:00011110       ??_EPxRenderBuffer@physx@@UEAAPEAXI@Z 0000000180012110 f i CctCharacterControllerManager.obj
 0001:00011140       ??_GRenderBuffer@Cm@physx@@UEAAPEAXI@Z 0000000180012140 f i CctCharacterControllerManager.obj
 0001:00011140       ??_ERenderBuffer@Cm@physx@@UEAAPEAXI@Z 0000000180012140 f i CctCharacterControllerManager.obj
 0001:00011dc0       ?allocate@?$Array@UPxDebugLine@physx@@V?$ReflectionAllocator@UPxDebugLine@physx@@@shdfnd@2@@shdfnd@physx@@IEAAPEAUPxDebugLine@3@I@Z 0000000180012dc0 f i CctCharacterControllerManager.obj
 0001:00011e60       ?allocate@?$Array@UPxDebugPoint@physx@@V?$ReflectionAllocator@UPxDebugPoint@physx@@@shdfnd@2@@shdfnd@physx@@IEAAPEAUPxDebugPoint@3@I@Z 0000000180012e60 f i CctCharacterControllerManager.obj
 0001:00011f00       ?allocate@?$Array@UPxDebugText@physx@@V?$ReflectionAllocator@UPxDebugText@physx@@@shdfnd@2@@shdfnd@physx@@IEAAPEAUPxDebugText@3@I@Z 0000000180012f00 f i CctCharacterControllerManager.obj
 0001:00011fa0       ?allocate@?$Array@UPxDebugTriangle@physx@@V?$ReflectionAllocator@UPxDebugTriangle@physx@@@shdfnd@2@@shdfnd@physx@@IEAAPEAUPxDebugTriangle@3@I@Z 0000000180012fa0 f i CctCharacterControllerManager.obj
 0001:00012040       ?append@RenderBuffer@Cm@physx@@UEAAXAEBVPxRenderBuffer@3@@Z 0000000180013040 f i CctCharacterControllerManager.obj
 0001:00012320       ?clear@RenderBuffer@Cm@physx@@UEAAXXZ 0000000180013320 f i CctCharacterControllerManager.obj
 0001:00012840       ?copy@?$Array@UPxDebugLine@physx@@V?$ReflectionAllocator@UPxDebugLine@physx@@@shdfnd@2@@shdfnd@physx@@KAXPEAUPxDebugLine@3@0PEBU43@@Z 0000000180013840 f i CctCharacterControllerManager.obj
 0001:000129f0       ?copy@?$Array@UPxDebugPoint@physx@@V?$ReflectionAllocator@UPxDebugPoint@physx@@@shdfnd@2@@shdfnd@physx@@KAXPEAUPxDebugPoint@3@0PEBU43@@Z 00000001800139f0 f i CctCharacterControllerManager.obj
 0001:00012af0       ?copy@?$Array@UPxDebugText@physx@@V?$ReflectionAllocator@UPxDebugText@physx@@@shdfnd@2@@shdfnd@physx@@KAXPEAUPxDebugText@3@0PEBU43@@Z 0000000180013af0 f i CctCharacterControllerManager.obj
 0001:00012c60       ?copy@?$Array@UPxDebugTriangle@physx@@V?$ReflectionAllocator@UPxDebugTriangle@physx@@@shdfnd@2@@shdfnd@physx@@KAXPEAUPxDebugTriangle@3@0PEBU43@@Z 0000000180013c60 f i CctCharacterControllerManager.obj
 0001:00012e60       ?create@?$HashBase@PEAVPxShape@physx@@PEAV12@U?$Hash@PEAVPxShape@physx@@@shdfnd@2@UGetKey@?$HashSetBase@PEAVPxShape@physx@@U?$Hash@PEAVPxShape@physx@@@shdfnd@2@VNonTrackingAllocator@42@$0A@@internal@42@VNonTrackingAllocator@42@$0A@@internal@shdfnd@physx@@QEAAPEAPEAVPxShape@4@AEBQEAV54@AEA_N@Z 0000000180013e60 f i CctCharacterControllerManager.obj
 0001:00013010       ?create@?$HashBase@V?$Pair@QEBVPxBase@physx@@UObservedRefCounter@Cct@2@@shdfnd@physx@@PEBVPxBase@3@U?$Hash@PEBVPxBase@physx@@@23@UGetKey@?$HashMapBase@PEBVPxBase@physx@@UObservedRefCounter@Cct@2@U?$Hash@PEBVPxBase@physx@@@shdfnd@2@VNonTrackingAllocator@62@@internal@23@VNonTrackingAllocator@23@$00@internal@shdfnd@physx@@QEAAPEAV?$Pair@QEBVPxBase@physx@@UObservedRefCounter@Cct@2@@34@AEBQEBVPxBase@4@AEA_N@Z 0000000180014010 f i CctCharacterControllerManager.obj
 0001:000131b0       ?erase@?$HashBase@V?$Pair@QEBVPxBase@physx@@UObservedRefCounter@Cct@2@@shdfnd@physx@@PEBVPxBase@3@U?$Hash@PEBVPxBase@physx@@@23@UGetKey@?$HashMapBase@PEBVPxBase@physx@@UObservedRefCounter@Cct@2@U?$Hash@PEBVPxBase@physx@@@shdfnd@2@VNonTrackingAllocator@62@@internal@23@VNonTrackingAllocator@23@$00@internal@shdfnd@physx@@QEAA_NAEBQEBVPxBase@4@@Z 00000001800141b0 f i CctCharacterControllerManager.obj
 0001:00013360       ?getAllocator@Foundation@shdfnd@physx@@QEAAAEAVPxAllocatorCallback@3@XZ 0000000180014360 f i CctCharacterControllerManager.obj
 0001:00013370       ?getAllocatorCallback@Foundation@shdfnd@physx@@UEAAAEAVPxAllocatorCallback@3@XZ 0000000180014370 f i CctCharacterControllerManager.obj
 0001:00013380       ?getErrorCallback@Foundation@shdfnd@physx@@UEAAAEAVPxErrorCallback@3@XZ 0000000180014380 f i CctCharacterControllerManager.obj
 0001:00013390       ?getErrorLevel@Foundation@shdfnd@physx@@UEBA?AW4Enum@PxErrorCode@3@XZ 0000000180014390 f i CctCharacterControllerManager.obj
 0001:000133a0       ?getInternalErrorCallback@Foundation@shdfnd@physx@@QEAAAEAVPxErrorCallback@3@XZ 00000001800143a0 f i CctCharacterControllerManager.obj
 0001:000133b0       ?getLines@RenderBuffer@Cm@physx@@UEBAPEBUPxDebugLine@3@XZ 00000001800143b0 f i CctCharacterControllerManager.obj
 0001:000133c0       ?getNamedAllocMap@Foundation@shdfnd@physx@@QEAAAEAV?$HashMap@PEBVNamedAllocator@shdfnd@physx@@PEBDU?$Hash@PEBVNamedAllocator@shdfnd@physx@@@23@VNonTrackingAllocator@23@@23@XZ 00000001800143c0 f i CctCharacterControllerManager.obj
 0001:000133d0       ?getNamedAllocMutex@Foundation@shdfnd@physx@@QEAAAEAV?$MutexT@VAllocator@shdfnd@physx@@@23@XZ 00000001800143d0 f i CctCharacterControllerManager.obj
 0001:000133e0       ?getNbLines@RenderBuffer@Cm@physx@@UEBAIXZ 00000001800143e0 f i CctCharacterControllerManager.obj
 0001:000133f0       ?getNbPoints@RenderBuffer@Cm@physx@@UEBAIXZ 00000001800143f0 f i CctCharacterControllerManager.obj
 0001:00013400       ?getNbTexts@RenderBuffer@Cm@physx@@UEBAIXZ 0000000180014400 f i CctCharacterControllerManager.obj
 0001:00013410       ?getNbTriangles@RenderBuffer@Cm@physx@@UEBAIXZ 0000000180014410 f i CctCharacterControllerManager.obj
 0001:00013420       ?getPoints@RenderBuffer@Cm@physx@@UEBAPEBUPxDebugPoint@3@XZ 0000000180014420 f i CctCharacterControllerManager.obj
 0001:00013430       ?getReportAllocationNames@Foundation@shdfnd@physx@@UEBA_NXZ 0000000180014430 f i CctCharacterControllerManager.obj
 0001:00013440       ?getTempAllocFreeTable@Foundation@shdfnd@physx@@QEAAAEAV?$Array@PEATTempAllocatorChunk@shdfnd@physx@@VAllocator@23@@23@XZ 0000000180014440 f i CctCharacterControllerManager.obj
 0001:00013450       ?getTempAllocMutex@Foundation@shdfnd@physx@@QEAAAEAV?$MutexT@VAllocator@shdfnd@physx@@@23@XZ 0000000180014450 f i CctCharacterControllerManager.obj
 0001:00013460       ?getTexts@RenderBuffer@Cm@physx@@UEBAPEBUPxDebugText@3@XZ 0000000180014460 f i CctCharacterControllerManager.obj
 0001:00013470       ?getTriangles@RenderBuffer@Cm@physx@@UEBAPEBUPxDebugTriangle@3@XZ 0000000180014470 f i CctCharacterControllerManager.obj
 0001:00013480       ?growAndPushBack@?$Array@PEAVController@Cct@physx@@V?$ReflectionAllocator@PEAVController@Cct@physx@@@shdfnd@3@@shdfnd@physx@@IEAAAEAPEAVController@Cct@3@AEBQEAV453@@Z 0000000180014480 f i CctCharacterControllerManager.obj
 0001:000135b0       ?growAndPushBack@?$Array@PEAVObstacleContext@Cct@physx@@V?$ReflectionAllocator@PEAVObstacleContext@Cct@physx@@@shdfnd@3@@shdfnd@physx@@IEAAAEAPEAVObstacleContext@Cct@3@AEBQEAV453@@Z 00000001800145b0 f i CctCharacterControllerManager.obj
 0001:000136e0       ?growAndPushBack@?$Array@UPxDebugLine@physx@@V?$ReflectionAllocator@UPxDebugLine@physx@@@shdfnd@2@@shdfnd@physx@@IEAAAEAUPxDebugLine@3@AEBU43@@Z 00000001800146e0 f i CctCharacterControllerManager.obj
 0001:000137d0       ?growAndPushBack@?$Array@UPxDebugPoint@physx@@V?$ReflectionAllocator@UPxDebugPoint@physx@@@shdfnd@2@@shdfnd@physx@@IEAAAEAUPxDebugPoint@3@AEBU43@@Z 00000001800147d0 f i CctCharacterControllerManager.obj
 0001:000138a0       ?growAndPushBack@?$Array@UPxDebugText@physx@@V?$ReflectionAllocator@UPxDebugText@physx@@@shdfnd@2@@shdfnd@physx@@IEAAAEAUPxDebugText@3@AEBU43@@Z 00000001800148a0 f i CctCharacterControllerManager.obj
 0001:00013980       ?growAndPushBack@?$Array@UPxDebugTriangle@physx@@V?$ReflectionAllocator@UPxDebugTriangle@physx@@@shdfnd@2@@shdfnd@physx@@IEAAAEAUPxDebugTriangle@3@AEBU43@@Z 0000000180014980 f i CctCharacterControllerManager.obj
 0001:00013a80       ?recreate@?$Array@PEBXV?$ReflectionAllocator@PEBX@shdfnd@physx@@@shdfnd@physx@@IEAAXI@Z 0000000180014a80 f i CctCharacterControllerManager.obj
 0001:00013ba0       ?recreate@?$Array@UPxDebugLine@physx@@V?$ReflectionAllocator@UPxDebugLine@physx@@@shdfnd@2@@shdfnd@physx@@IEAAXI@Z 0000000180014ba0 f i CctCharacterControllerManager.obj
 0001:00013c20       ?recreate@?$Array@UPxDebugPoint@physx@@V?$ReflectionAllocator@UPxDebugPoint@physx@@@shdfnd@2@@shdfnd@physx@@IEAAXI@Z 0000000180014c20 f i CctCharacterControllerManager.obj
 0001:00013ca0       ?recreate@?$Array@UPxDebugText@physx@@V?$ReflectionAllocator@UPxDebugText@physx@@@shdfnd@2@@shdfnd@physx@@IEAAXI@Z 0000000180014ca0 f i CctCharacterControllerManager.obj
 0001:00013d20       ?recreate@?$Array@UPxDebugTriangle@physx@@V?$ReflectionAllocator@UPxDebugTriangle@physx@@@shdfnd@2@@shdfnd@physx@@IEAAXI@Z 0000000180014d20 f i CctCharacterControllerManager.obj
 0001:00013da0       ?recreate@?$Array@UPxExtendedCapsule@physx@@V?$ReflectionAllocator@UPxExtendedCapsule@physx@@@shdfnd@2@@shdfnd@physx@@IEAAXI@Z 0000000180014da0 f i CctCharacterControllerManager.obj
 0001:00013ec0       ?recreate@?$Array@VPxExtendedBox@physx@@V?$ReflectionAllocator@VPxExtendedBox@physx@@@shdfnd@2@@shdfnd@physx@@IEAAXI@Z 0000000180014ec0 f i CctCharacterControllerManager.obj
 0001:000141e0       ?reserveInternal@?$HashBase@PEAVPxShape@physx@@PEAV12@U?$Hash@PEAVPxShape@physx@@@shdfnd@2@UGetKey@?$HashSetBase@PEAVPxShape@physx@@U?$Hash@PEAVPxShape@physx@@@shdfnd@2@VNonTrackingAllocator@42@$0A@@internal@42@VNonTrackingAllocator@42@$0A@@internal@shdfnd@physx@@AEAAXI@Z 00000001800151e0 f i CctCharacterControllerManager.obj
 0001:000145b0       ?reserveInternal@?$HashBase@V?$Pair@QEBVPxBase@physx@@UObservedRefCounter@Cct@2@@shdfnd@physx@@PEBVPxBase@3@U?$Hash@PEBVPxBase@physx@@@23@UGetKey@?$HashMapBase@PEBVPxBase@physx@@UObservedRefCounter@Cct@2@U?$Hash@PEBVPxBase@physx@@@shdfnd@2@VNonTrackingAllocator@62@@internal@23@VNonTrackingAllocator@23@$00@internal@shdfnd@physx@@AEAAXI@Z 00000001800155b0 f i CctCharacterControllerManager.obj
 0001:000147a0       ?resize@?$Array@PEBXV?$ReflectionAllocator@PEBX@shdfnd@physx@@@shdfnd@physx@@QEAAXIAEBQEBX@Z 00000001800157a0 f i CctCharacterControllerManager.obj
 0001:00014880       ?resize@?$Array@UPxExtendedCapsule@physx@@V?$ReflectionAllocator@UPxExtendedCapsule@physx@@@shdfnd@2@@shdfnd@physx@@QEAAXIAEBUPxExtendedCapsule@3@@Z 0000000180015880 f i CctCharacterControllerManager.obj
 0001:00014900       ?resize@?$Array@VPxExtendedBox@physx@@V?$ReflectionAllocator@VPxExtendedBox@physx@@@shdfnd@2@@shdfnd@physx@@QEAAXIAEBVPxExtendedBox@3@@Z 0000000180015900 f i CctCharacterControllerManager.obj
 0001:00014b30       ?setErrorLevel@Foundation@shdfnd@physx@@UEAAXW4Enum@PxErrorCode@3@@Z 0000000180015b30 f i CctCharacterControllerManager.obj
 0001:00014b40       ?setReportAllocationNames@Foundation@shdfnd@physx@@UEAAX_N@Z 0000000180015b40 f i CctCharacterControllerManager.obj
 0001:00014b50       ?shift@RenderBuffer@Cm@physx@@QEAAXAEBVPxVec3@3@@Z 0000000180015b50 f i CctCharacterControllerManager.obj
 0001:00014d40       ??0Controller@Cct@physx@@QEAA@AEBVPxControllerDesc@2@PEAVPxScene@2@@Z 0000000180015d40 f   CctController.obj
 0001:00014f60       ??1Controller@Cct@physx@@UEAA@XZ 0000000180015f60 f   CctController.obj
 0001:00014fe0       ?releaseInternal@Controller@Cct@physx@@QEAAXXZ 0000000180015fe0 f   CctController.obj
 0001:00015010       ?getInternalState@Controller@Cct@physx@@QEBAXAEAUPxControllerState@3@@Z 0000000180016010 f   CctController.obj
 0001:000150e0       ?getInternalStats@Controller@Cct@physx@@QEBAXAEAUPxControllerStats@3@@Z 00000001800160e0 f   CctController.obj
 0001:00015120       ?onOriginShift@Controller@Cct@physx@@QEAAXAEBVPxVec3@3@@Z 0000000180016120 f   CctController.obj
 0001:000151f0       ?onRelease@Controller@Cct@physx@@QEAAXAEBVPxBase@3@@Z 00000001800161f0 f   CctController.obj
 0001:00015200       ?setUpDirectionInternal@Controller@Cct@physx@@IEAAXAEBVPxVec3@3@@Z 0000000180016200 f   CctController.obj
 0001:00015290       ?getKineShape@Controller@Cct@physx@@IEBAPEAVPxShape@3@XZ 0000000180016290 f   CctController.obj
 0001:000152d0       ?createProxyActor@Controller@Cct@physx@@IEAA_NAEAVPxPhysics@3@AEBVPxGeometry@3@AEBVPxMaterial@3@@Z 00000001800162d0 f   CctController.obj
 0001:00015410       ?setPos@Controller@Cct@physx@@IEAA_NAEBUPxExtendedVec3@3@@Z 0000000180016410 f   CctController.obj
 0001:000154b0       ??_GController@Cct@physx@@UEAAPEAXI@Z 00000001800164b0 f i CctController.obj
 0001:000154b0       ??_EController@Cct@physx@@UEAAPEAXI@Z 00000001800164b0 f i CctController.obj
 0001:00015570       ??0HandleManager@Cct@physx@@QEAA@XZ 0000000180016570 f   CctObstacleContext.obj
 0001:000156c0       ??1HandleManager@Cct@physx@@QEAA@XZ 00000001800166c0 f   CctObstacleContext.obj
 0001:000156f0       ?Add@HandleManager@Cct@physx@@QEAAIPEAX@Z 00000001800166f0 f   CctObstacleContext.obj
 0001:00015970       ?Remove@HandleManager@Cct@physx@@QEAAXI@Z 0000000180016970 f   CctObstacleContext.obj
 0001:00015a50       ?GetObject@HandleManager@Cct@physx@@QEBAPEAXI@Z 0000000180016a50 f   CctObstacleContext.obj
 0001:00015ab0       ?UpdateObject@HandleManager@Cct@physx@@QEAA_NIPEAX@Z 0000000180016ab0 f   CctObstacleContext.obj
 0001:00015b10       ?SetupLists@HandleManager@Cct@physx@@AEAA_NPEAPEAXPEAG11@Z 0000000180016b10 f   CctObstacleContext.obj
 0001:00015bf0       ??0ObstacleContext@Cct@physx@@QEAA@AEAVCharacterControllerManager@12@@Z 0000000180016bf0 f   CctObstacleContext.obj
 0001:00015c40       ??1ObstacleContext@Cct@physx@@UEAA@XZ 0000000180016c40 f   CctObstacleContext.obj
 0001:00015ce0       ?release@ObstacleContext@Cct@physx@@UEAAXXZ 0000000180016ce0 f   CctObstacleContext.obj
 0001:00015d00       ?getControllerManager@ObstacleContext@Cct@physx@@UEBAAEAVPxControllerManager@3@XZ 0000000180016d00 f   CctObstacleContext.obj
 0001:00015d10       ?addObstacle@ObstacleContext@Cct@physx@@UEAAIAEBVPxObstacle@3@@Z 0000000180016d10 f   CctObstacleContext.obj
 0001:00015f70       ?removeObstacle@ObstacleContext@Cct@physx@@UEAA_NI@Z 0000000180016f70 f   CctObstacleContext.obj
 0001:00016230       ?updateObstacle@ObstacleContext@Cct@physx@@UEAA_NIAEBVPxObstacle@3@@Z 0000000180017230 f   CctObstacleContext.obj
 0001:000163c0       ?getNbObstacles@ObstacleContext@Cct@physx@@UEBAIXZ 00000001800173c0 f   CctObstacleContext.obj
 0001:000163d0       ?getObstacle@ObstacleContext@Cct@physx@@UEBAPEBVPxObstacle@3@I@Z 00000001800173d0 f   CctObstacleContext.obj
 0001:00016420       ?getObstacleByHandle@ObstacleContext@Cct@physx@@UEBAPEBVPxObstacle@3@I@Z 0000000180017420 f   CctObstacleContext.obj
 0001:000164c0       ?raycastSingle@ObstacleContext@Cct@physx@@QEBAPEBVPxObstacle@3@AEAUPxRaycastHit@3@AEBVPxVec3@3@1MAEAI@Z 00000001800174c0 f   CctObstacleContext.obj
 0001:000167e0       ?raycastSingle@ObstacleContext@Cct@physx@@QEBAPEBVPxObstacle@3@AEAUPxRaycastHit@3@AEBIAEBVPxVec3@3@2M@Z 00000001800177e0 f   CctObstacleContext.obj
 0001:000169f0       ?onOriginShift@ObstacleContext@Cct@physx@@QEAAXAEBVPxVec3@3@@Z 00000001800179f0 f   CctObstacleContext.obj
 0001:00016ad0       ??1PxObstacleContext@physx@@UEAA@XZ 0000000180017ad0 f i CctObstacleContext.obj
 0001:00016ae0       ??_EObstacleContext@Cct@physx@@UEAAPEAXI@Z 0000000180017ae0 f i CctObstacleContext.obj
 0001:00016ae0       ??_GObstacleContext@Cct@physx@@UEAAPEAXI@Z 0000000180017ae0 f i CctObstacleContext.obj
 0001:00016bd0       ??_EPxObstacleContext@physx@@UEAAPEAXI@Z 0000000180017bd0 f i CctObstacleContext.obj
 0001:00016bd0       ??_GPxObstacleContext@physx@@UEAAPEAXI@Z 0000000180017bd0 f i CctObstacleContext.obj
 0001:00016c00       ?growAndPushBack@?$Array@UInternalBoxObstacle@ObstacleContext@Cct@physx@@V?$ReflectionAllocator@UInternalBoxObstacle@ObstacleContext@Cct@physx@@@shdfnd@4@@shdfnd@physx@@IEAAAEAUInternalBoxObstacle@ObstacleContext@Cct@3@AEBU4563@@Z 0000000180017c00 f i CctObstacleContext.obj
 0001:00016fc0       ?growAndPushBack@?$Array@UInternalCapsuleObstacle@ObstacleContext@Cct@physx@@V?$ReflectionAllocator@UInternalCapsuleObstacle@ObstacleContext@Cct@physx@@@shdfnd@4@@shdfnd@physx@@IEAAAEAUInternalCapsuleObstacle@ObstacleContext@Cct@3@AEBU4563@@Z 0000000180017fc0 f i CctObstacleContext.obj
 0001:00017360       ??0SweptBox@Cct@physx@@QEAA@XZ 0000000180018360 f   CctSweptBox.obj
 0001:00017390       ??1SweptBox@Cct@physx@@UEAA@XZ 0000000180018390 f   CctSweptBox.obj
 0001:000173b0       ?computeTemporalBox@SweptBox@Cct@physx@@UEBAXAEBVSweepTest@23@AEAUPxExtendedBounds3@3@AEBUPxExtendedVec3@3@AEBVPxVec3@3@@Z 00000001800183b0 f   CctSweptBox.obj
 0001:00017410       ??_ESweptBox@Cct@physx@@UEAAPEAXI@Z 0000000180018410 f i CctSweptBox.obj
 0001:00017410       ??_GSweptBox@Cct@physx@@UEAAPEAXI@Z 0000000180018410 f i CctSweptBox.obj
 0001:00017450       ??0SweptCapsule@Cct@physx@@QEAA@XZ 0000000180018450 f   CctSweptCapsule.obj
 0001:00017480       ??1SweptCapsule@Cct@physx@@UEAA@XZ 0000000180018480 f   CctSweptCapsule.obj
 0001:000174a0       ?computeTemporalBox@SweptCapsule@Cct@physx@@UEBAXAEBVSweepTest@23@AEAUPxExtendedBounds3@3@AEBUPxExtendedVec3@3@AEBVPxVec3@3@@Z 00000001800184a0 f   CctSweptCapsule.obj
 0001:000174f0       ??_ESweptCapsule@Cct@physx@@UEAAPEAXI@Z 00000001800184f0 f i CctSweptCapsule.obj
 0001:000174f0       ??_GSweptCapsule@Cct@physx@@UEAAPEAXI@Z 00000001800184f0 f i CctSweptCapsule.obj
 0001:00017530       ??0SweptVolume@Cct@physx@@QEAA@XZ 0000000180018530 f   CctSweptVolume.obj
 0001:00017550       ??1SweptVolume@Cct@physx@@UEAA@XZ 0000000180018550 f   CctSweptVolume.obj
 0001:00017570       ?computeTemporalBox@Cct@physx@@YAXAEAUPxExtendedBounds3@2@MMMMAEBVPxVec3@2@AEBUPxExtendedVec3@2@1@Z 0000000180018570 f   CctSweptVolume.obj
 0001:000178a0       ??_ESweptVolume@Cct@physx@@UEAAPEAXI@Z 00000001800188a0 f i CctSweptVolume.obj
 0001:000178a0       ??_GSweptVolume@Cct@physx@@UEAAPEAXI@Z 00000001800188a0 f i CctSweptVolume.obj
 0001:000178d0       ??0PxMeshOverlapUtil@physx@@QEAA@XZ 00000001800188d0 f   PhysX3Extensions:ExtTriangleMeshExt.obj
 0001:00017900       ??1PxMeshOverlapUtil@physx@@QEAA@XZ 0000000180018900 f   PhysX3Extensions:ExtTriangleMeshExt.obj
 0001:00017940       ?findOverlap@PxMeshOverlapUtil@physx@@QEAAIAEBVPxGeometry@2@AEBVPxTransform@2@AEBVPxTriangleMeshGeometry@2@1@Z 0000000180018940 f   PhysX3Extensions:ExtTriangleMeshExt.obj
 0001:00017aa0       ?findOverlap@PxMeshOverlapUtil@physx@@QEAAIAEBVPxGeometry@2@AEBVPxTransform@2@AEBVPxHeightFieldGeometry@2@1@Z 0000000180018aa0 f   PhysX3Extensions:ExtTriangleMeshExt.obj
 0001:00017bc0       ?PxComputeMeshPenetration@physx@@YA?AVPxVec3@1@IAEBVPxGeometry@1@AEBVPxTransform@1@AEBVPxTriangleMeshGeometry@1@1AEAI@Z 0000000180018bc0 f   PhysX3Extensions:ExtTriangleMeshExt.obj
 0001:00017c50       ?PxComputeTriangleMeshPenetration@physx@@YA_NAEAVPxVec3@1@AEAMAEBVPxGeometry@1@AEBVPxTransform@1@AEBVPxTriangleMeshGeometry@1@3IPEAI@Z 0000000180018c50 f   PhysX3Extensions:ExtTriangleMeshExt.obj
 0001:00017c60       ?PxComputeHeightFieldPenetration@physx@@YA?AVPxVec3@1@IAEBVPxGeometry@1@AEBVPxTransform@1@AEBVPxHeightFieldGeometry@1@1AEAI@Z 0000000180018c60 f   PhysX3Extensions:ExtTriangleMeshExt.obj
 0001:00017cf0       ?PxComputeHeightFieldPenetration@physx@@YA_NAEAVPxVec3@1@AEAMAEBVPxGeometry@1@AEBVPxTransform@1@AEBVPxHeightFieldGeometry@1@3IPEAI@Z 0000000180018cf0 f   PhysX3Extensions:ExtTriangleMeshExt.obj
 0001:000180a0       ?updateMassAndInertia@PxRigidBodyExt@physx@@SA_NAEAVPxRigidBody@2@PEBMIPEBVPxVec3@2@_N@Z 00000001800190a0 f   PhysX3Extensions:ExtRigidBodyExt.obj
 0001:000180d0       ?updateMassAndInertia@PxRigidBodyExt@physx@@SA_NAEAVPxRigidBody@2@MPEBVPxVec3@2@_N@Z 00000001800190d0 f   PhysX3Extensions:ExtRigidBodyExt.obj
 0001:00018110       ?setMassAndUpdateInertia@PxRigidBodyExt@physx@@SA_NAEAVPxRigidBody@2@PEBMIPEBVPxVec3@2@_N@Z 0000000180019110 f   PhysX3Extensions:ExtRigidBodyExt.obj
 0001:00018140       ?setMassAndUpdateInertia@PxRigidBodyExt@physx@@SA_NAEAVPxRigidBody@2@MPEBVPxVec3@2@_N@Z 0000000180019140 f   PhysX3Extensions:ExtRigidBodyExt.obj
 0001:00018180       ?computeMassPropertiesFromShapes@PxRigidBodyExt@physx@@SA?AVPxMassProperties@2@PEBQEBVPxShape@2@I@Z 0000000180019180 f   PhysX3Extensions:ExtRigidBodyExt.obj
 0001:000183f0       ?addForceAtPos@PxRigidBodyExt@physx@@SAXAEAVPxRigidBody@2@AEBVPxVec3@2@1W4Enum@PxForceMode@2@_N@Z 00000001800193f0 f   PhysX3Extensions:ExtRigidBodyExt.obj
 0001:00018410       ?addForceAtLocalPos@PxRigidBodyExt@physx@@SAXAEAVPxRigidBody@2@AEBVPxVec3@2@1W4Enum@PxForceMode@2@_N@Z 0000000180019410 f   PhysX3Extensions:ExtRigidBodyExt.obj
 0001:000185e0       ?addLocalForceAtPos@PxRigidBodyExt@physx@@SAXAEAVPxRigidBody@2@AEBVPxVec3@2@1W4Enum@PxForceMode@2@_N@Z 00000001800195e0 f   PhysX3Extensions:ExtRigidBodyExt.obj
 0001:000187a0       ?addLocalForceAtLocalPos@PxRigidBodyExt@physx@@SAXAEAVPxRigidBody@2@AEBVPxVec3@2@1W4Enum@PxForceMode@2@_N@Z 00000001800197a0 f   PhysX3Extensions:ExtRigidBodyExt.obj
 0001:00018a50       ?getVelocityAtPos@PxRigidBodyExt@physx@@SA?AVPxVec3@2@AEBVPxRigidBody@2@AEBV32@@Z 0000000180019a50 f   PhysX3Extensions:ExtRigidBodyExt.obj
 0001:00018c40       ?getLocalVelocityAtLocalPos@PxRigidBodyExt@physx@@SA?AVPxVec3@2@AEBVPxRigidBody@2@AEBV32@@Z 0000000180019c40 f   PhysX3Extensions:ExtRigidBodyExt.obj
 0001:00018f40       ?getVelocityAtOffset@PxRigidBodyExt@physx@@SA?AVPxVec3@2@AEBVPxRigidBody@2@AEBV32@@Z 0000000180019f40 f   PhysX3Extensions:ExtRigidBodyExt.obj
 0001:00019120       ?linearSweepSingle@PxRigidBodyExt@physx@@SA_NAEAVPxRigidBody@2@AEAVPxScene@2@AEBVPxVec3@2@MV?$PxFlags@W4Enum@PxHitFlag@physx@@G@2@AEAUPxSweepHit@2@AEAIAEBUPxQueryFilterData@2@PEAVPxQueryFilterCallback@2@PEBUPxQueryCache@2@M@Z 000000018001a120 f   PhysX3Extensions:ExtRigidBodyExt.obj
 0001:000195b0       ?linearSweepMultiple@PxRigidBodyExt@physx@@SAIAEAVPxRigidBody@2@AEAVPxScene@2@AEBVPxVec3@2@MV?$PxFlags@W4Enum@PxHitFlag@physx@@G@2@PEAUPxSweepHit@2@PEAIIAEAU72@AEAHAEA_NAEBUPxQueryFilterData@2@PEAVPxQueryFilterCallback@2@PEBUPxQueryCache@2@M@Z 000000018001a5b0 f   PhysX3Extensions:ExtRigidBodyExt.obj
 0001:00019e10       ?computeVelocityDeltaFromImpulse@PxRigidBodyExt@physx@@SAXAEBVPxRigidBody@2@AEBVPxVec3@2@1AEAV42@2@Z 000000018001ae10 f   PhysX3Extensions:ExtRigidBodyExt.obj
 0001:0001a220       ?computeVelocityDeltaFromImpulse@PxRigidBodyExt@physx@@SAXAEBVPxRigidBody@2@AEBVPxTransform@2@AEBVPxVec3@2@2MMAEAV52@3@Z 000000018001b220 f   PhysX3Extensions:ExtRigidBodyExt.obj
 0001:0001a750       ?computeLinearAngularImpulse@PxRigidBodyExt@physx@@SAXAEBVPxRigidBody@2@AEBVPxTransform@2@AEBVPxVec3@2@2MMAEAV52@3@Z 000000018001b750 f   PhysX3Extensions:ExtRigidBodyExt.obj
 0001:0001a9f0       ??0InertiaTensorComputer@Ext@physx@@QEAA@_N@Z 000000018001b9f0 f   PhysX3Extensions:ExtRigidBodyExt.obj
 0001:0001aa20       ??0InertiaTensorComputer@Ext@physx@@QEAA@AEBVPxMat33@2@AEBVPxVec3@2@M@Z 000000018001ba20 f   PhysX3Extensions:ExtRigidBodyExt.obj
 0001:0001aa80       ??1InertiaTensorComputer@Ext@physx@@QEAA@XZ 000000018001ba80 f   PhysX3Extensions:ExtRigidBodyExt.obj
 0001:0001aa90       ?translate@InertiaTensorComputer@Ext@physx@@QEAAXAEBVPxVec3@3@@Z 000000018001ba90 f   PhysX3Extensions:ExtRigidBodyExt.obj
 0001:0001aec0       ?setBox@InertiaTensorComputer@Ext@physx@@QEAAXAEBVPxVec3@3@@Z 000000018001bec0 f   PhysX3Extensions:ExtRigidBodyExt.obj
 0001:0001af60       ?setSphere@InertiaTensorComputer@Ext@physx@@QEAAXM@Z 000000018001bf60 f   PhysX3Extensions:ExtRigidBodyExt.obj
 0001:0001afc0       ?setCylinder@InertiaTensorComputer@Ext@physx@@QEAAXHMM@Z 000000018001bfc0 f   PhysX3Extensions:ExtRigidBodyExt.obj
 0001:0001b090       ?setCapsule@InertiaTensorComputer@Ext@physx@@QEAAXHMM@Z 000000018001c090 f   PhysX3Extensions:ExtRigidBodyExt.obj
 0001:0001b1a0       ?setEllipsoid@InertiaTensorComputer@Ext@physx@@QEAAXMMM@Z 000000018001c1a0 f   PhysX3Extensions:ExtRigidBodyExt.obj
 0001:0001b230       ?computeSphereMass@Ext@physx@@YAMMM@Z 000000018001c230 f   PhysX3Extensions:ExtRigidBodyExt.obj
 0001:0001b260       ?computeSphereDensity@Ext@physx@@YAMMM@Z 000000018001c260 f   PhysX3Extensions:ExtRigidBodyExt.obj
 0001:0001b290       ?computeBoxMass@Ext@physx@@YAMAEBVPxVec3@2@M@Z 000000018001c290 f   PhysX3Extensions:ExtRigidBodyExt.obj
 0001:0001b2e0       ?computeBoxDensity@Ext@physx@@YAMAEBVPxVec3@2@M@Z 000000018001c2e0 f   PhysX3Extensions:ExtRigidBodyExt.obj
 0001:0001b330       ?computeEllipsoidMass@Ext@physx@@YAMAEBVPxVec3@2@M@Z 000000018001c330 f   PhysX3Extensions:ExtRigidBodyExt.obj
 0001:0001b380       ?computeEllipsoidDensity@Ext@physx@@YAMAEBVPxVec3@2@M@Z 000000018001c380 f   PhysX3Extensions:ExtRigidBodyExt.obj
 0001:0001b3d0       ?computeCylinderMass@Ext@physx@@YAMMMM@Z 000000018001c3d0 f   PhysX3Extensions:ExtRigidBodyExt.obj
 0001:0001b3f0       ?computeCylinderDensity@Ext@physx@@YAMMMM@Z 000000018001c3f0 f   PhysX3Extensions:ExtRigidBodyExt.obj
 0001:0001b410       ?computeCapsuleMass@Ext@physx@@YAMMMM@Z 000000018001c410 f   PhysX3Extensions:ExtRigidBodyExt.obj
 0001:0001b440       ?computeCapsuleDensity@Ext@physx@@YAMMMM@Z 000000018001c440 f   PhysX3Extensions:ExtRigidBodyExt.obj
 0001:0001b470       ?computeConeMass@Ext@physx@@YAMMMM@Z 000000018001c470 f   PhysX3Extensions:ExtRigidBodyExt.obj
 0001:0001b4a0       ?computeConeDensity@Ext@physx@@YAMMMM@Z 000000018001c4a0 f   PhysX3Extensions:ExtRigidBodyExt.obj
 0001:0001b4d0       ?computeBoxInertiaTensor@Ext@physx@@YAXAEAVPxVec3@2@MMMM@Z 000000018001c4d0 f   PhysX3Extensions:ExtRigidBodyExt.obj
 0001:0001b520       ?computeSphereInertiaTensor@Ext@physx@@YAXAEAVPxVec3@2@MM_N@Z 000000018001c520 f   PhysX3Extensions:ExtRigidBodyExt.obj
 0001:0001b570       ??0PxMassProperties@physx@@QEAA@AEBVPxGeometry@1@@Z 000000018001c570 f i PhysX3Extensions:ExtRigidBodyExt.obj
 0001:0001bbc0       ??1?$PxHitBuffer@UPxSweepHit@physx@@@physx@@UEAA@XZ 000000018001cbc0 f i PhysX3Extensions:ExtRigidBodyExt.obj
 0001:0001bbd0       ??1?$PxHitCallback@UPxSweepHit@physx@@@physx@@UEAA@XZ 000000018001cbd0 f i PhysX3Extensions:ExtRigidBodyExt.obj
 0001:0001bbe0       ??_E?$PxHitBuffer@UPxSweepHit@physx@@@physx@@UEAAPEAXI@Z 000000018001cbe0 f i PhysX3Extensions:ExtRigidBodyExt.obj
 0001:0001bbe0       ??_G?$PxHitBuffer@UPxSweepHit@physx@@@physx@@UEAAPEAXI@Z 000000018001cbe0 f i PhysX3Extensions:ExtRigidBodyExt.obj
 0001:0001bc10       ??_G?$PxHitCallback@UPxSweepHit@physx@@@physx@@UEAAPEAXI@Z 000000018001cc10 f i PhysX3Extensions:ExtRigidBodyExt.obj
 0001:0001bc10       ??_E?$PxHitCallback@UPxSweepHit@physx@@@physx@@UEAAPEAXI@Z 000000018001cc10 f i PhysX3Extensions:ExtRigidBodyExt.obj
 0001:0001bc40       ?addForceAtPosInternal@@YAXAEAVPxRigidBody@physx@@AEBVPxVec3@2@1W4Enum@PxForceMode@2@_N@Z 000000018001cc40 f i PhysX3Extensions:ExtRigidBodyExt.obj
 0001:0001bf10       ?allocate@?$Array@PEAVPxShape@physx@@V?$InlineAllocator@$0IA@V?$ReflectionAllocator@PEAVPxShape@physx@@@shdfnd@physx@@@shdfnd@2@@shdfnd@physx@@IEAAPEAPEAVPxShape@3@I@Z 000000018001cf10 f i PhysX3Extensions:ExtRigidBodyExt.obj
 0001:0001bfd0       ?allocate@?$Array@VPxMassProperties@physx@@V?$InlineAllocator@$0DEA@V?$ReflectionAllocator@VPxMassProperties@physx@@@shdfnd@physx@@@shdfnd@2@@shdfnd@physx@@IEAAPEAVPxMassProperties@3@I@Z 000000018001cfd0 f i PhysX3Extensions:ExtRigidBodyExt.obj
 0001:0001c090       ?allocate@?$Array@VPxTransform@physx@@V?$InlineAllocator@$0BMA@V?$ReflectionAllocator@VPxTransform@physx@@@shdfnd@physx@@@shdfnd@2@@shdfnd@physx@@IEAAPEAVPxTransform@3@I@Z 000000018001d090 f i PhysX3Extensions:ExtRigidBodyExt.obj
 0001:0001d2e0       ?copy@?$Array@VPxMassProperties@physx@@V?$InlineAllocator@$0DEA@V?$ReflectionAllocator@VPxMassProperties@physx@@@shdfnd@physx@@@shdfnd@2@@shdfnd@physx@@KAXPEAVPxMassProperties@3@0PEBV43@@Z 000000018001e2e0 f i PhysX3Extensions:ExtRigidBodyExt.obj
 0001:0001d4f0       ?copy@?$Array@VPxTransform@physx@@V?$InlineAllocator@$0BMA@V?$ReflectionAllocator@VPxTransform@physx@@@shdfnd@physx@@@shdfnd@2@@shdfnd@physx@@KAXPEAVPxTransform@3@0PEBV43@@Z 000000018001e4f0 f i PhysX3Extensions:ExtRigidBodyExt.obj
 0001:0001d650       ?finalizeQuery@?$PxHitCallback@UPxSweepHit@physx@@@physx@@UEAAXXZ 000000018001e650 f i PhysX3Extensions:ExtRigidBodyExt.obj
 0001:0001d660       ?getVelocityAtPosInternal@@YA?AVPxVec3@physx@@AEBVPxRigidBody@2@AEBV12@@Z 000000018001e660 f i PhysX3Extensions:ExtRigidBodyExt.obj
 0001:0001d740       ?growAndPushBack@?$Array@VPxMassProperties@physx@@V?$InlineAllocator@$0DEA@V?$ReflectionAllocator@VPxMassProperties@physx@@@shdfnd@physx@@@shdfnd@2@@shdfnd@physx@@IEAAAEAVPxMassProperties@3@AEBV43@@Z 000000018001e740 f i PhysX3Extensions:ExtRigidBodyExt.obj
 0001:0001d860       ?growAndPushBack@?$Array@VPxTransform@physx@@V?$InlineAllocator@$0BMA@V?$ReflectionAllocator@VPxTransform@physx@@@shdfnd@physx@@@shdfnd@2@@shdfnd@physx@@IEAAAEAVPxTransform@3@AEBV43@@Z 000000018001e860 f i PhysX3Extensions:ExtRigidBodyExt.obj
 0001:0001d960       ?processTouches@?$PxHitBuffer@UPxSweepHit@physx@@@physx@@MEAA_NPEBUPxSweepHit@2@I@Z 000000018001e960 f i PhysX3Extensions:ExtRigidBodyExt.obj
 0001:0001d970       ?recreate@?$Array@PEAVPxShape@physx@@V?$InlineAllocator@$0IA@V?$ReflectionAllocator@PEAVPxShape@physx@@@shdfnd@physx@@@shdfnd@2@@shdfnd@physx@@IEAAXI@Z 000000018001e970 f i PhysX3Extensions:ExtRigidBodyExt.obj
 0001:0001da50       ?recreate@?$Array@VPxMassProperties@physx@@V?$InlineAllocator@$0DEA@V?$ReflectionAllocator@VPxMassProperties@physx@@@shdfnd@physx@@@shdfnd@2@@shdfnd@physx@@IEAAXI@Z 000000018001ea50 f i PhysX3Extensions:ExtRigidBodyExt.obj
 0001:0001daf0       ?recreate@?$Array@VPxTransform@physx@@V?$InlineAllocator@$0BMA@V?$ReflectionAllocator@VPxTransform@physx@@@shdfnd@physx@@@shdfnd@2@@shdfnd@physx@@IEAAXI@Z 000000018001eaf0 f i PhysX3Extensions:ExtRigidBodyExt.obj
 0001:0001db90       ?resize@?$Array@PEAVPxShape@physx@@V?$InlineAllocator@$0IA@V?$ReflectionAllocator@PEAVPxShape@physx@@@shdfnd@physx@@@shdfnd@2@@shdfnd@physx@@QEAAXIAEBQEAVPxShape@3@@Z 000000018001eb90 f i PhysX3Extensions:ExtRigidBodyExt.obj
 0001:0001dc70       ?rotate@InertiaTensorComputer@Ext@physx@@QEAAXAEBVPxMat33@3@@Z 000000018001ec70 f i PhysX3Extensions:ExtRigidBodyExt.obj
 0001:0001e130       ?scaleInertia@PxMassProperties@physx@@SA?AVPxMat33@2@AEBV32@AEBVPxQuat@2@AEBVPxVec3@2@@Z 000000018001f130 f i PhysX3Extensions:ExtRigidBodyExt.obj
 0001:0001ed40       ?sum@PxMassProperties@physx@@SA?AV12@PEBV12@PEBVPxTransform@2@I@Z 000000018001fd40 f i PhysX3Extensions:ExtRigidBodyExt.obj
 0001:0001f7e0       ?transform@InertiaTensorComputer@Ext@physx@@QEAAXAEBVPxTransform@3@@Z 00000001800207e0 f i PhysX3Extensions:ExtRigidBodyExt.obj
 0001:0001f960       ?transformFast@PxBounds3@physx@@SA?AV12@AEBVPxTransform@2@AEBV12@@Z 0000000180020960 f i PhysX3Extensions:ExtRigidBodyExt.obj
 0001:0001ff79       ?getAllocator@shdfnd@physx@@YAAEAVPxAllocatorCallback@2@XZ 0000000180020f79 f   PxFoundation_x64:PxFoundation_x64.dll
 0001:0001ff7f       ?lock@MutexImpl@shdfnd@physx@@QEAAXXZ 0000000180020f7f f   PxFoundation_x64:PxFoundation_x64.dll
 0001:0001ff85       ?unlock@MutexImpl@shdfnd@physx@@QEAAXXZ 0000000180020f85 f   PxFoundation_x64:PxFoundation_x64.dll
 0001:0001ff8b       PxGetFoundation            0000000180020f8b f   PxFoundation_x64:PxFoundation_x64.dll
 0001:0001ff91       ??0MutexImpl@shdfnd@physx@@QEAA@XZ 0000000180020f91 f   PxFoundation_x64:PxFoundation_x64.dll
 0001:0001ff97       ??1MutexImpl@shdfnd@physx@@QEAA@XZ 0000000180020f97 f   PxFoundation_x64:PxFoundation_x64.dll
 0001:0001ff9d       ?getSize@MutexImpl@shdfnd@physx@@SAIXZ 0000000180020f9d f   PxFoundation_x64:PxFoundation_x64.dll
 0001:0001ffa3       ?getInstance@Foundation@shdfnd@physx@@SAAEAV123@XZ 0000000180020fa3 f   PxFoundation_x64:PxFoundation_x64.dll
 0001:0001ffa9       ?incRefCount@Foundation@shdfnd@physx@@SAXXZ 0000000180020fa9 f   PxFoundation_x64:PxFoundation_x64.dll
 0001:0001ffaf       ?decRefCount@Foundation@shdfnd@physx@@SAXXZ 0000000180020faf f   PxFoundation_x64:PxFoundation_x64.dll
 0001:0001ffb5       ?error@Foundation@shdfnd@physx@@QEAAXW4Enum@PxErrorCode@3@PEBDH1ZZ 0000000180020fb5 f   PxFoundation_x64:PxFoundation_x64.dll
 0001:0001ffbb       ?PxShortestRotation@physx@@YA?AVPxQuat@1@AEBVPxVec3@1@0@Z 0000000180020fbb f   PxFoundation_x64:PxFoundation_x64.dll
 0001:0001ffc1       ?PxDiagonalize@physx@@YA?AVPxVec3@1@AEBVPxMat33@1@AEAVPxQuat@1@@Z 0000000180020fc1 f   PxFoundation_x64:PxFoundation_x64.dll
 0001:0001ffc7       ?sweep@PxMeshQuery@physx@@SA_NAEBVPxVec3@2@MAEBVPxGeometry@2@AEBVPxTransform@2@IPEBVPxTriangle@2@AEAUPxSweepHit@2@V?$PxFlags@W4Enum@PxHitFlag@physx@@G@2@PEBIM_N@Z 0000000180020fc7 f   PhysX3Common_x64:PhysX3Common_x64.dll
 0001:0001ffcd       ??0RenderOutput@Cm@physx@@QEAA@AEAVRenderBuffer@12@@Z 0000000180020fcd f   PhysX3Common_x64:PhysX3Common_x64.dll
 0001:0001ffd3       ??6RenderOutput@Cm@physx@@QEAAAEAV012@I@Z 0000000180020fd3 f   PhysX3Common_x64:PhysX3Common_x64.dll
 0001:0001ffd9       ??6RenderOutput@Cm@physx@@QEAAAEAV012@AEBVPxTransform@2@@Z 0000000180020fd9 f   PhysX3Common_x64:PhysX3Common_x64.dll
 0001:0001ffdf       ?outputCapsule@RenderOutput@Cm@physx@@QEAAAEAV123@MMAEBVPxMat44@3@@Z 0000000180020fdf f   PhysX3Common_x64:PhysX3Common_x64.dll
 0001:0001ffe5       ??6Cm@physx@@YAAEAVRenderOutput@01@AEAV201@AEBUDebugBox@01@@Z 0000000180020fe5 f   PhysX3Common_x64:PhysX3Common_x64.dll
 0001:0001ffeb       ?PxTransformFromSegment@physx@@YA?AVPxTransform@1@AEBVPxVec3@1@0PEAM@Z 0000000180020feb f   PhysX3Common_x64:PhysX3Common_x64.dll
 0001:0001fff1       ?sweep@PxGeometryQuery@physx@@SA_NAEBVPxVec3@2@MAEBVPxGeometry@2@AEBVPxTransform@2@12AEAUPxSweepHit@2@V?$PxFlags@W4Enum@PxHitFlag@physx@@G@2@M@Z 0000000180020ff1 f   PhysX3Common_x64:PhysX3Common_x64.dll
 0001:0001fff7       ?computePenetration@PxGeometryQuery@physx@@SA_NAEAVPxVec3@2@AEAMAEBVPxGeometry@2@AEBVPxTransform@2@23@Z 0000000180020ff7 f   PhysX3Common_x64:PhysX3Common_x64.dll
 0001:0001fffd       ?intersectOBBOBB@Gu@physx@@YA_NAEBVPxVec3@2@0AEBVPxMat33@2@001_N@Z 0000000180020ffd f   PhysX3Common_x64:PhysX3Common_x64.dll
 0001:00020003       ?distanceSegmentBoxSquared@Gu@physx@@YAMAEBVPxVec3@2@000AEBVPxMat33@2@PEAMPEAV32@@Z 0000000180021003 f   PhysX3Common_x64:PhysX3Common_x64.dll
 0001:00020009       ?getTriangle@PxMeshQuery@physx@@SAXAEBVPxTriangleMeshGeometry@2@AEBVPxTransform@2@IAEAVPxTriangle@2@PEAI3@Z 0000000180021009 f   PhysX3Common_x64:PhysX3Common_x64.dll
 0001:0002000f       ?getTriangle@PxMeshQuery@physx@@SAXAEBVPxHeightFieldGeometry@2@AEBVPxTransform@2@IAEAVPxTriangle@2@PEAI3@Z 000000018002100f f   PhysX3Common_x64:PhysX3Common_x64.dll
 0001:00020015       ??6RenderOutput@Cm@physx@@QEAAAEAV012@W4Primitive@012@@Z 0000000180021015 f   PhysX3Common_x64:PhysX3Common_x64.dll
 0001:0002001b       ??6RenderOutput@Cm@physx@@QEAAAEAV012@VPxVec3@2@@Z 000000018002101b f   PhysX3Common_x64:PhysX3Common_x64.dll
 0001:00020021       ?intersectTriangleBox_Unsafe@Gu@physx@@YAHAEBVPxVec3@2@0000@Z 0000000180021021 f   PhysX3Common_x64:PhysX3Common_x64.dll
 0001:00020027       ?CompleteBoxPruning@Cm@physx@@YA_NPEBVPxBounds3@2@IAEAV?$Array@IV?$ReflectionAllocator@I@shdfnd@physx@@@shdfnd@2@AEBVAxes@Gu@2@@Z 0000000180021027 f   PhysX3Common_x64:PhysX3Common_x64.dll
 0001:0002002d       ?distanceSegmentSegmentSquared@Gu@physx@@YAMAEBVPxVec3@2@000PEAM1@Z 000000018002102d f   PhysX3Common_x64:PhysX3Common_x64.dll
 0001:00020033       ?getRaycastFuncTable@Gu@physx@@YAAEAY06Q6AIAEBVPxGeometry@2@AEBVPxTransform@2@AEBVPxVec3@2@2MV?$PxFlags@W4Enum@PxHitFlag@physx@@G@2@IPEIAUPxRaycastHit@2@@ZXZ 0000000180021033 f   PhysX3Common_x64:PhysX3Common_x64.dll
 0001:00020039       ?findOverlapTriangleMesh@PxMeshQuery@physx@@SAIAEBVPxGeometry@2@AEBVPxTransform@2@AEBVPxTriangleMeshGeometry@2@1PEAIIIAEA_N@Z 0000000180021039 f   PhysX3Common_x64:PhysX3Common_x64.dll
 0001:0002003f       ?findOverlapHeightField@PxMeshQuery@physx@@SAIAEBVPxGeometry@2@AEBVPxTransform@2@AEBVPxHeightFieldGeometry@2@1PEAIIIAEA_N@Z 000000018002103f f   PhysX3Common_x64:PhysX3Common_x64.dll
 0001:00020048       ??3@YAXPEAX_K@Z            0000000180021048 f   MSVCRT:delete_scalar_size.obj
 0001:00020050       ??_V@YAXPEAX_K@Z           0000000180021050 f   MSVCRT:delete_array_size.obj
 0001:00020058       ?__scrt_initialize_type_info@@YAXXZ 0000000180021058 f   MSVCRT:tncleanup.obj
 0001:00020068       ?__scrt_uninitialize_type_info@@YAXXZ 0000000180021068 f   MSVCRT:tncleanup.obj
 0001:00020074       ??1type_info@@UEAA@XZ      0000000180021074 f   MSVCRT:std_type_info_static.obj
 0001:00020080       ??_Gtype_info@@UEAAPEAXI@Z 0000000180021080 f i MSVCRT:std_type_info_static.obj
 0001:00020080       ??_Etype_info@@UEAAPEAXI@Z 0000000180021080 f i MSVCRT:std_type_info_static.obj
 0001:000200c0       __chkstk                   00000001800210c0 f   MSVCRT:_chkstk_.obj
 0001:000200c0       _alloca_probe              00000001800210c0 f   MSVCRT:_chkstk_.obj
 0001:00020450       _CRT_INIT                  0000000180021450 f   MSVCRT:dll_dllmain.obj
 0001:00020458       _DllMainCRTStartup         0000000180021458 f   MSVCRT:dll_dllmain.obj
 0001:00020498       ??3@YAXPEAX@Z              0000000180021498 f   MSVCRT:delete_scalar.obj
 0001:000204a0       ??_V@YAXPEAX@Z             00000001800214a0 f   MSVCRT:delete_array.obj
 0001:00020514       __security_init_cookie     0000000180021514 f   MSVCRT:gs_support.obj
 0001:000205c4       DllMain                    00000001800215c4 f   MSVCRT:dll_dllmain_stub.obj
 0001:000205e8       __local_stdio_printf_options 00000001800215e8 f i MSVCRT:default_local_stdio_options.obj
 0001:000205f0       __local_stdio_scanf_options 00000001800215f0 f i MSVCRT:default_local_stdio_options.obj
 0001:000205f8       __scrt_initialize_default_local_stdio_options 00000001800215f8 f   MSVCRT:default_local_stdio_options.obj
 0001:00020614       ??$__crt_fast_decode_pointer@PEAP6AXXZ@@YAPEAP6AXXZQEAP6AXXZ@Z 0000000180021614 f i MSVCRT:utility.obj
 0001:0002062c       ??$__crt_fast_encode_pointer@PEAP6AXXZ@@YAPEAP6AXXZQEAP6AXXZ@Z 000000018002162c f i MSVCRT:utility.obj
 0001:0002064c       ?__crt_rotate_pointer_value@@YA_K_KH@Z 000000018002164c f i MSVCRT:utility.obj
 0001:00020658       ?configure_argv@__scrt_narrow_argv_policy@@SAHXZ 0000000180021658 f i MSVCRT:utility.obj
 0001:000206b8       ?initialize_environment@__scrt_narrow_environment_policy@@SAHXZ 00000001800216b8 f i MSVCRT:utility.obj
 0001:000206f0       NtCurrentTeb               00000001800216f0 f i MSVCRT:utility.obj
 0001:000206fc       __scrt_acquire_startup_lock 00000001800216fc f   MSVCRT:utility.obj
 0001:00020738       __scrt_dllmain_after_initialize_c 0000000180021738 f   MSVCRT:utility.obj
 0001:0002076c       __scrt_dllmain_before_initialize_c 000000018002176c f   MSVCRT:utility.obj
 0001:00020784       __scrt_dllmain_crt_thread_attach 0000000180021784 f   MSVCRT:utility.obj
 0001:000207ac       __scrt_dllmain_crt_thread_detach 00000001800217ac f   MSVCRT:utility.obj
 0001:000207c4       __scrt_dllmain_exception_filter 00000001800217c4 f   MSVCRT:utility.obj
 0001:00020824       __scrt_dllmain_uninitialize_c 0000000180021824 f   MSVCRT:utility.obj
 0001:00020854       __scrt_dllmain_uninitialize_critical 0000000180021854 f   MSVCRT:utility.obj
 0001:00020868       __scrt_initialize_crt      0000000180021868 f   MSVCRT:utility.obj
 0001:000208b4       __scrt_initialize_onexit_tables 00000001800218b4 f   MSVCRT:utility.obj
 0001:00020990       __scrt_is_nonwritable_in_current_image 0000000180021990 f   MSVCRT:utility.obj
 0001:00020a2c       __scrt_release_startup_lock 0000000180021a2c f   MSVCRT:utility.obj
 0001:00020a50       __scrt_uninitialize_crt    0000000180021a50 f   MSVCRT:utility.obj
 0001:00020a7c       _onexit                    0000000180021a7c f   MSVCRT:utility.obj
 0001:00020acc       at_quick_exit              0000000180021acc f   MSVCRT:utility.obj
 0001:00020b04       atexit                     0000000180021b04 f   MSVCRT:utility.obj
 0001:00020b1c       __scrt_get_dyn_tls_init_callback 0000000180021b1c f   MSVCRT:dyn_tls_init.obj
 0001:00020b24       __crt_debugger_hook        0000000180021b24 f   MSVCRT:utility_desktop.obj
 0001:00020b2c       __scrt_fastfail            0000000180021b2c f   MSVCRT:utility_desktop.obj
 0001:00020c78       __scrt_get_show_window_mode 0000000180021c78 f   MSVCRT:utility_desktop.obj
 0001:00020cb4       __scrt_initialize_winrt    0000000180021cb4 f   MSVCRT:utility_desktop.obj
 0001:00020cb8       __scrt_is_managed_app      0000000180021cb8 f   MSVCRT:utility_desktop.obj
 0001:00020d0c       __scrt_set_unhandled_exception_filter 0000000180021d0c f   MSVCRT:utility_desktop.obj
 0001:00020d1c       __scrt_unhandled_exception_filter 0000000180021d1c f   MSVCRT:utility_desktop.obj
 0001:00020d54       _RTC_Initialize            0000000180021d54 f   MSVCRT:_initsect_.obj
 0001:00020d90       _RTC_Terminate             0000000180021d90 f   MSVCRT:_initsect_.obj
 0001:00020dcc       _guard_check_icall_nop     0000000180021dcc f i MSVCRT:guard_support.obj
 0001:00020dd0       ReadNoFence64              0000000180021dd0 f i MSVCRT:guard_support.obj
 0001:00020dd4       ReadPointerNoFence         0000000180021dd4 f i MSVCRT:guard_support.obj
 0001:00020dd8       _guard_icall_checks_enforced 0000000180021dd8 f i MSVCRT:guard_support.obj
 0001:00020df0       _guard_rf_checks_enforced  0000000180021df0 f i MSVCRT:guard_support.obj
 0001:00020df4       __isa_available_init       0000000180021df4 f   MSVCRT:_cpu_disp_.obj
 0001:00020fb0       _get_startup_argv_mode     0000000180021fb0 f   MSVCRT:argv_mode.obj
 0001:00020fb8       __scrt_is_ucrt_dll_in_use  0000000180021fb8 f   MSVCRT:ucrt_detection.obj
 0001:00020fd0       _purecall                  0000000180021fd0 f   vcruntime:VCRUNTIME140.dll
 0001:00020fd6       __std_type_info_name       0000000180021fd6 f   vcruntime:VCRUNTIME140.dll
 0001:00020fdc       memcpy                     0000000180021fdc f   vcruntime:VCRUNTIME140.dll
 0001:00020fe2       memset                     0000000180021fe2 f   vcruntime:VCRUNTIME140.dll
 0001:00020fe8       __std_type_info_destroy_list 0000000180021fe8 f   vcruntime:VCRUNTIME140.dll
 0001:00020fee       __C_specific_handler       0000000180021fee f   vcruntime:VCRUNTIME140.dll
 0001:00020ff4       _fpclass                   0000000180021ff4 f   ucrt:api-ms-win-crt-math-l1-1-0.dll
 0001:00020ffa       _initterm                  0000000180021ffa f   ucrt:api-ms-win-crt-runtime-l1-1-0.dll
 0001:00021000       _initterm_e                0000000180022000 f   ucrt:api-ms-win-crt-runtime-l1-1-0.dll
 0001:00021006       free                       0000000180022006 f   ucrt:api-ms-win-crt-heap-l1-1-0.dll
 0001:0002100c       _seh_filter_dll            000000018002200c f   ucrt:api-ms-win-crt-runtime-l1-1-0.dll
 0001:00021012       _configure_narrow_argv     0000000180022012 f   ucrt:api-ms-win-crt-runtime-l1-1-0.dll
 0001:00021018       _initialize_narrow_environment 0000000180022018 f   ucrt:api-ms-win-crt-runtime-l1-1-0.dll
 0001:0002101e       _initialize_onexit_table   000000018002201e f   ucrt:api-ms-win-crt-runtime-l1-1-0.dll
 0001:00021024       _register_onexit_function  0000000180022024 f   ucrt:api-ms-win-crt-runtime-l1-1-0.dll
 0001:0002102a       _execute_onexit_table      000000018002202a f   ucrt:api-ms-win-crt-runtime-l1-1-0.dll
 0001:00021030       _crt_atexit                0000000180022030 f   ucrt:api-ms-win-crt-runtime-l1-1-0.dll
 0001:00021036       _crt_at_quick_exit         0000000180022036 f   ucrt:api-ms-win-crt-runtime-l1-1-0.dll
 0001:0002103c       _cexit                     000000018002203c f   ucrt:api-ms-win-crt-runtime-l1-1-0.dll
 0001:00021042       terminate                  0000000180022042 f   ucrt:api-ms-win-crt-runtime-l1-1-0.dll
 0001:00021048       InitializeSListHead        0000000180022048 f   kernel32:KERNEL32.dll
 0001:0002104e       QueryPerformanceCounter    000000018002204e f   kernel32:KERNEL32.dll
 0001:00021054       GetCurrentProcessId        0000000180022054 f   kernel32:KERNEL32.dll
 0001:0002105a       GetCurrentThreadId         000000018002205a f   kernel32:KERNEL32.dll
 0001:00021060       GetSystemTimeAsFileTime    0000000180022060 f   kernel32:KERNEL32.dll
 0001:00021066       DisableThreadLibraryCalls  0000000180022066 f   kernel32:KERNEL32.dll
 0001:0002106c       RtlCaptureContext          000000018002206c f   kernel32:KERNEL32.dll
 0001:00021072       RtlLookupFunctionEntry     0000000180022072 f   kernel32:KERNEL32.dll
 0001:00021078       RtlVirtualUnwind           0000000180022078 f   kernel32:KERNEL32.dll
 0001:0002107e       IsDebuggerPresent          000000018002207e f   kernel32:KERNEL32.dll
 0001:00021084       UnhandledExceptionFilter   0000000180022084 f   kernel32:KERNEL32.dll
 0001:0002108a       SetUnhandledExceptionFilter 000000018002208a f   kernel32:KERNEL32.dll
 0001:00021090       GetStartupInfoW            0000000180022090 f   kernel32:KERNEL32.dll
 0001:00021096       IsProcessorFeaturePresent  0000000180022096 f   kernel32:KERNEL32.dll
 0001:0002109c       GetModuleHandleW           000000018002209c f   kernel32:KERNEL32.dll
 0001:000210a4       __scrt_stub_for_acrt_initialize 00000001800220a4 f   MSVCRT:ucrt_stubs.obj
 0001:000210a4       __vcrt_initialize          00000001800220a4 f   MSVCRT:ucrt_stubs.obj
 0001:000210a4       __acrt_initialize          00000001800220a4 f   MSVCRT:ucrt_stubs.obj
 0001:000210a8       __vcrt_thread_attach       00000001800220a8 f   MSVCRT:ucrt_stubs.obj
 0001:000210a8       __scrt_stub_for_acrt_thread_attach 00000001800220a8 f   MSVCRT:ucrt_stubs.obj
 0001:000210a8       __acrt_thread_attach       00000001800220a8 f   MSVCRT:ucrt_stubs.obj
 0001:000210ac       __vcrt_thread_detach       00000001800220ac f   MSVCRT:ucrt_stubs.obj
 0001:000210ac       __scrt_stub_for_acrt_thread_detach 00000001800220ac f   MSVCRT:ucrt_stubs.obj
 0001:000210ac       __acrt_thread_detach       00000001800220ac f   MSVCRT:ucrt_stubs.obj
 0001:000210b0       __vcrt_uninitialize        00000001800220b0 f   MSVCRT:ucrt_stubs.obj
 0001:000210b0       __acrt_uninitialize        00000001800220b0 f   MSVCRT:ucrt_stubs.obj
 0001:000210b0       __scrt_stub_for_acrt_uninitialize 00000001800220b0 f   MSVCRT:ucrt_stubs.obj
 0001:000210b4       __acrt_uninitialize_critical 00000001800220b4 f   MSVCRT:ucrt_stubs.obj
 0001:000210b4       __scrt_stub_for_acrt_uninitialize_critical 00000001800220b4 f   MSVCRT:ucrt_stubs.obj
 0001:000210b4       __vcrt_uninitialize_critical 00000001800220b4 f   MSVCRT:ucrt_stubs.obj
 0001:000210b8       _is_c_termination_complete 00000001800220b8 f   MSVCRT:ucrt_stubs.obj
 0001:000210b8       __scrt_stub_for_is_c_termination_complete 00000001800220b8 f   MSVCRT:ucrt_stubs.obj
 0001:000210d0       _guard_dispatch_icall_nop  00000001800220d0 f   MSVCRT:_guard_dispatch_.obj
 0002:00000000       __imp_InitializeSListHead  0000000180023000     kernel32:KERNEL32.dll
 0002:00000008       __imp_QueryPerformanceCounter 0000000180023008     kernel32:KERNEL32.dll
 0002:00000010       __imp_GetCurrentProcessId  0000000180023010     kernel32:KERNEL32.dll
 0002:00000018       __imp_GetCurrentThreadId   0000000180023018     kernel32:KERNEL32.dll
 0002:00000020       __imp_GetSystemTimeAsFileTime 0000000180023020     kernel32:KERNEL32.dll
 0002:00000028       __imp_DisableThreadLibraryCalls 0000000180023028     kernel32:KERNEL32.dll
 0002:00000030       __imp_RtlCaptureContext    0000000180023030     kernel32:KERNEL32.dll
 0002:00000038       __imp_RtlLookupFunctionEntry 0000000180023038     kernel32:KERNEL32.dll
 0002:00000040       __imp_RtlVirtualUnwind     0000000180023040     kernel32:KERNEL32.dll
 0002:00000048       __imp_IsDebuggerPresent    0000000180023048     kernel32:KERNEL32.dll
 0002:00000050       __imp_UnhandledExceptionFilter 0000000180023050     kernel32:KERNEL32.dll
 0002:00000058       __imp_SetUnhandledExceptionFilter 0000000180023058     kernel32:KERNEL32.dll
 0002:00000060       __imp_GetStartupInfoW      0000000180023060     kernel32:KERNEL32.dll
 0002:00000068       __imp_GetModuleHandleW     0000000180023068     kernel32:KERNEL32.dll
[...]
 0004:00000fcc       $pdata$3$??$computeMeshPenetrationT@VPxHeightFieldGeometry@physx@@@?A0xf8f15c52@@YA_NAEAVPxVec3@physx@@AEAMAEBVPxGeometry@2@AEBVPxTransform@2@AEBVPxHeightFieldGeometry@2@3IPEAI@Z 000000018002afcc     PhysX3Extensions:ExtTriangleMeshExt.obj
 0004:00000fd8       $pdata$5$??$computeMeshPenetrationT@VPxHeightFieldGeometry@physx@@@?A0xf8f15c52@@YA_NAEAVPxVec3@physx@@AEAMAEBVPxGeometry@2@AEBVPxTransform@2@AEBVPxHeightFieldGeometry@2@3IPEAI@Z 000000018002afd8     PhysX3Extensions:ExtTriangleMeshExt.obj
 0004:00000fe4       $pdata$6$??$computeMeshPenetrationT@VPxHeightFieldGeometry@physx@@@?A0xf8f15c52@@YA_NAEAVPxVec3@physx@@AEAMAEBVPxGeometry@2@AEBVPxTransform@2@AEBVPxHeightFieldGeometry@2@3IPEAI@Z 000000018002afe4     PhysX3Extensions:ExtTriangleMeshExt.obj
 0004:00000ff0       $pdata$7$??$computeMeshPenetrationT@VPxHeightFieldGeometry@physx@@@?A0xf8f15c52@@YA_NAEAVPxVec3@physx@@AEAMAEBVPxGeometry@2@AEBVPxTransform@2@AEBVPxHeightFieldGeometry@2@3IPEAI@Z 000000018002aff0     PhysX3Extensions:ExtTriangleMeshExt.obj
 0004:00000ffc       $pdata$8$??$computeMeshPenetrationT@VPxHeightFieldGeometry@physx@@@?A0xf8f15c52@@YA_NAEAVPxVec3@physx@@AEAMAEBVPxGeometry@2@AEBVPxTransform@2@AEBVPxHeightFieldGeometry@2@3IPEAI@Z 000000018002affc     PhysX3Extensions:ExtTriangleMeshExt.obj
 0004:00001008       $pdata$?transformFast@PxBounds3@physx@@SA?AV12@AEBVPxTransform@2@AEBV12@@Z 000000018002b008     PhysX3Extensions:ExtRigidBodyExt.obj
 0004:00001014       $pdata$??_G?$PxHitCallback@UPxSweepHit@physx@@@physx@@UEAAPEAXI@Z 000000018002b014     PhysX3Extensions:ExtRigidBodyExt.obj
 0004:00001020       $pdata$??_G?$PxHitBuffer@UPxSweepHit@physx@@@physx@@UEAAPEAXI@Z 000000018002b020     PhysX3Extensions:ExtRigidBodyExt.obj
 0004:0000102c       $pdata$??0PxMassProperties@physx@@QEAA@AEBVPxGeometry@1@@Z 000000018002b02c     PhysX3Extensions:ExtRigidBodyExt.obj
 0004:00001038       $pdata$8$??0PxMassProperties@physx@@QEAA@AEBVPxGeometry@1@@Z 000000018002b038     PhysX3Extensions:ExtRigidBodyExt.obj
 0004:00001044       $pdata$9$??0PxMassProperties@physx@@QEAA@AEBVPxGeometry@1@@Z 000000018002b044     PhysX3Extensions:ExtRigidBodyExt.obj
 0004:00001050       $pdata$?scaleInertia@PxMassProperties@physx@@SA?AVPxMat33@2@AEBV32@AEBVPxQuat@2@AEBVPxVec3@2@@Z 000000018002b050     PhysX3Extensions:ExtRigidBodyExt.obj
 0004:0000105c       $pdata$?sum@PxMassProperties@physx@@SA?AV12@PEBV12@PEBVPxTransform@2@I@Z 000000018002b05c     PhysX3Extensions:ExtRigidBodyExt.obj
 0004:00001068       $pdata$?updateMassAndInertia@PxRigidBodyExt@physx@@SA_NAEAVPxRigidBody@2@PEBMIPEBVPxVec3@2@_N@Z 000000018002b068     PhysX3Extensions:ExtRigidBodyExt.obj
 0004:00001074       $pdata$?updateMassAndInertia@PxRigidBodyExt@physx@@SA_NAEAVPxRigidBody@2@MPEBVPxVec3@2@_N@Z 000000018002b074     PhysX3Extensions:ExtRigidBodyExt.obj
 0004:00001080       $pdata$?setMassAndUpdateInertia@PxRigidBodyExt@physx@@SA_NAEAVPxRigidBody@2@PEBMIPEBVPxVec3@2@_N@Z 000000018002b080     PhysX3Extensions:ExtRigidBodyExt.obj
 0004:0000108c       $pdata$?setMassAndUpdateInertia@PxRigidBodyExt@physx@@SA_NAEAVPxRigidBody@2@MPEBVPxVec3@2@_N@Z 000000018002b08c     PhysX3Extensions:ExtRigidBodyExt.obj
 0004:00001098       $pdata$?computeMassPropertiesFromShapes@PxRigidBodyExt@physx@@SA?AVPxMassProperties@2@PEBQEBVPxShape@2@I@Z 000000018002b098     PhysX3Extensions:ExtRigidBodyExt.obj
 0004:000010a4       $pdata$1$?computeMassPropertiesFromShapes@PxRigidBodyExt@physx@@SA?AVPxMassProperties@2@PEBQEBVPxShape@2@I@Z 000000018002b0a4     PhysX3Extensions:ExtRigidBodyExt.obj
 0004:000010b0       $pdata$2$?computeMassPropertiesFromShapes@PxRigidBodyExt@physx@@SA?AVPxMassProperties@2@PEBQEBVPxShape@2@I@Z 000000018002b0b0     PhysX3Extensions:ExtRigidBodyExt.obj
 0004:000010bc       $pdata$3$?computeMassPropertiesFromShapes@PxRigidBodyExt@physx@@SA?AVPxMassProperties@2@PEBQEBVPxShape@2@I@Z 000000018002b0bc     PhysX3Extensions:ExtRigidBodyExt.obj
 0004:000010c8       $pdata$4$?computeMassPropertiesFromShapes@PxRigidBodyExt@physx@@SA?AVPxMassProperties@2@PEBQEBVPxShape@2@I@Z 000000018002b0c8     PhysX3Extensions:ExtRigidBodyExt.obj
 0004:000010d4       $pdata$?addForceAtLocalPos@PxRigidBodyExt@physx@@SAXAEAVPxRigidBody@2@AEBVPxVec3@2@1W4Enum@PxForceMode@2@_N@Z 000000018002b0d4     PhysX3Extensions:ExtRigidBodyExt.obj
 0004:000010e0       $pdata$?addLocalForceAtPos@PxRigidBodyExt@physx@@SAXAEAVPxRigidBody@2@AEBVPxVec3@2@1W4Enum@PxForceMode@2@_N@Z 000000018002b0e0     PhysX3Extensions:ExtRigidBodyExt.obj
 0004:000010ec       $pdata$?addLocalForceAtLocalPos@PxRigidBodyExt@physx@@SAXAEAVPxRigidBody@2@AEBVPxVec3@2@1W4Enum@PxForceMode@2@_N@Z 000000018002b0ec     PhysX3Extensions:ExtRigidBodyExt.obj
 0004:000010f8       $pdata$?getVelocityAtPos@PxRigidBodyExt@physx@@SA?AVPxVec3@2@AEBVPxRigidBody@2@AEBV32@@Z 000000018002b0f8     PhysX3Extensions:ExtRigidBodyExt.obj
 0004:00001104       $pdata$?getLocalVelocityAtLocalPos@PxRigidBodyExt@physx@@SA?AVPxVec3@2@AEBVPxRigidBody@2@AEBV32@@Z 000000018002b104     PhysX3Extensions:ExtRigidBodyExt.obj
 0004:00001110       $pdata$?getVelocityAtOffset@PxRigidBodyExt@physx@@SA?AVPxVec3@2@AEBVPxRigidBody@2@AEBV32@@Z 000000018002b110     PhysX3Extensions:ExtRigidBodyExt.obj
 0004:0000111c       $pdata$?linearSweepSingle@PxRigidBodyExt@physx@@SA_NAEAVPxRigidBody@2@AEAVPxScene@2@AEBVPxVec3@2@MV?$PxFlags@W4Enum@PxHitFlag@physx@@G@2@AEAUPxSweepHit@2@AEAIAEBUPxQueryFilterData@2@PEAVPxQueryFilterCallback@2@PEBUPxQueryCache@2@M@Z 000000018002b11c     PhysX3Extensions:ExtRigidBodyExt.obj
 0004:00001128       $pdata$8$?linearSweepSingle@PxRigidBodyExt@physx@@SA_NAEAVPxRigidBody@2@AEAVPxScene@2@AEBVPxVec3@2@MV?$PxFlags@W4Enum@PxHitFlag@physx@@G@2@AEAUPxSweepHit@2@AEAIAEBUPxQueryFilterData@2@PEAVPxQueryFilterCallback@2@PEBUPxQueryCache@2@M@Z 000000018002b128     PhysX3Extensions:ExtRigidBodyExt.obj
 0004:00001134       $pdata$9$?linearSweepSingle@PxRigidBodyExt@physx@@SA_NAEAVPxRigidBody@2@AEAVPxScene@2@AEBVPxVec3@2@MV?$PxFlags@W4Enum@PxHitFlag@physx@@G@2@AEAUPxSweepHit@2@AEAIAEBUPxQueryFilterData@2@PEAVPxQueryFilterCallback@2@PEBUPxQueryCache@2@M@Z 000000018002b134     PhysX3Extensions:ExtRigidBodyExt.obj
 0004:00001140       $pdata$?linearSweepMultiple@PxRigidBodyExt@physx@@SAIAEAVPxRigidBody@2@AEAVPxScene@2@AEBVPxVec3@2@MV?$PxFlags@W4Enum@PxHitFlag@physx@@G@2@PEAUPxSweepHit@2@PEAIIAEAU72@AEAHAEA_NAEBUPxQueryFilterData@2@PEAVPxQueryFilterCallback@2@PEBUPxQueryCache@2@M@Z 000000018002b140     PhysX3Extensions:ExtRigidBodyExt.obj
 0004:0000114c       $pdata$10$?linearSweepMultiple@PxRigidBodyExt@physx@@SAIAEAVPxRigidBody@2@AEAVPxScene@2@AEBVPxVec3@2@MV?$PxFlags@W4Enum@PxHitFlag@physx@@G@2@PEAUPxSweepHit@2@PEAIIAEAU72@AEAHAEA_NAEBUPxQueryFilterData@2@PEAVPxQueryFilterCallback@2@PEBUPxQueryCache@2@M@Z 000000018002b14c     PhysX3Extensions:ExtRigidBodyExt.obj
 0004:00001158       $pdata$11$?linearSweepMultiple@PxRigidBodyExt@physx@@SAIAEAVPxRigidBody@2@AEAVPxScene@2@AEBVPxVec3@2@MV?$PxFlags@W4Enum@PxHitFlag@physx@@G@2@PEAUPxSweepHit@2@PEAIIAEAU72@AEAHAEA_NAEBUPxQueryFilterData@2@PEAVPxQueryFilterCallback@2@PEBUPxQueryCache@2@M@Z 000000018002b158     PhysX3Extensions:ExtRigidBodyExt.obj
 0004:00001164       $pdata$?computeVelocityDeltaFromImpulse@PxRigidBodyExt@physx@@SAXAEBVPxRigidBody@2@AEBVPxVec3@2@1AEAV42@2@Z 000000018002b164     PhysX3Extensions:ExtRigidBodyExt.obj
 0004:00001170       $pdata$?computeVelocityDeltaFromImpulse@PxRigidBodyExt@physx@@SAXAEBVPxRigidBody@2@AEBVPxTransform@2@AEBVPxVec3@2@2MMAEAV52@3@Z 000000018002b170     PhysX3Extensions:ExtRigidBodyExt.obj
 0004:0000117c       $pdata$?computeLinearAngularImpulse@PxRigidBodyExt@physx@@SAXAEBVPxRigidBody@2@AEBVPxTransform@2@AEBVPxVec3@2@2MMAEAV52@3@Z 000000018002b17c     PhysX3Extensions:ExtRigidBodyExt.obj
 0004:00001188       $pdata$?translate@InertiaTensorComputer@Ext@physx@@QEAAXAEBVPxVec3@3@@Z 000000018002b188     PhysX3Extensions:ExtRigidBodyExt.obj
 0004:00001194       $pdata$6$?translate@InertiaTensorComputer@Ext@physx@@QEAAXAEBVPxVec3@3@@Z 000000018002b194     PhysX3Extensions:ExtRigidBodyExt.obj
 0004:000011a0       $pdata$9$?translate@InertiaTensorComputer@Ext@physx@@QEAAXAEBVPxVec3@3@@Z 000000018002b1a0     PhysX3Extensions:ExtRigidBodyExt.obj
 0004:000011ac       $pdata$10$?translate@InertiaTensorComputer@Ext@physx@@QEAAXAEBVPxVec3@3@@Z 000000018002b1ac     PhysX3Extensions:ExtRigidBodyExt.obj
 0004:000011b8       $pdata$11$?translate@InertiaTensorComputer@Ext@physx@@QEAAXAEBVPxVec3@3@@Z 000000018002b1b8     PhysX3Extensions:ExtRigidBodyExt.obj
 0004:000011c4       $pdata$?setCapsule@InertiaTensorComputer@Ext@physx@@QEAAXHMM@Z 000000018002b1c4     PhysX3Extensions:ExtRigidBodyExt.obj
 0004:000011d0       $pdata$?rotate@InertiaTensorComputer@Ext@physx@@QEAAXAEBVPxMat33@3@@Z 000000018002b1d0     PhysX3Extensions:ExtRigidBodyExt.obj
 0004:000011dc       $pdata$?transform@InertiaTensorComputer@Ext@physx@@QEAAXAEBVPxTransform@3@@Z 000000018002b1dc     PhysX3Extensions:ExtRigidBodyExt.obj
 0004:000011e8       $pdata$?computeMassAndDiagInertia@@YA_NAEAVInertiaTensorComputer@Ext@physx@@AEAVPxVec3@3@AEAVPxQuat@3@AEAM1_NAEBVPxRigidBody@3@PEBD@Z 000000018002b1e8     PhysX3Extensions:ExtRigidBodyExt.obj
 0004:000011f4       $pdata$7$?computeMassAndDiagInertia@@YA_NAEAVInertiaTensorComputer@Ext@physx@@AEAVPxVec3@3@AEAVPxQuat@3@AEAM1_NAEBVPxRigidBody@3@PEBD@Z 000000018002b1f4     PhysX3Extensions:ExtRigidBodyExt.obj
 0004:00001200       $pdata$8$?computeMassAndDiagInertia@@YA_NAEAVInertiaTensorComputer@Ext@physx@@AEAVPxVec3@3@AEAVPxQuat@3@AEAM1_NAEBVPxRigidBody@3@PEBD@Z 000000018002b200     PhysX3Extensions:ExtRigidBodyExt.obj
 0004:0000120c       $pdata$?computeMassAndInertia@@YA_N_NAEAVPxRigidBody@physx@@PEBM2I0AEAVInertiaTensorComputer@Ext@2@@Z 000000018002b20c     PhysX3Extensions:ExtRigidBodyExt.obj
 0004:00001218       $pdata$14$?computeMassAndInertia@@YA_N_NAEAVPxRigidBody@physx@@PEBM2I0AEAVInertiaTensorComputer@Ext@2@@Z 000000018002b218     PhysX3Extensions:ExtRigidBodyExt.obj
 0004:00001224       $pdata$15$?computeMassAndInertia@@YA_N_NAEAVPxRigidBody@physx@@PEBM2I0AEAVInertiaTensorComputer@Ext@2@@Z 000000018002b224     PhysX3Extensions:ExtRigidBodyExt.obj
 0004:00001230       $pdata$?resize@?$Array@PEAVPxShape@physx@@V?$InlineAllocator@$0IA@V?$ReflectionAllocator@PEAVPxShape@physx@@@shdfnd@physx@@@shdfnd@2@@shdfnd@physx@@QEAAXIAEBQEAVPxShape@3@@Z 000000018002b230     PhysX3Extensions:ExtRigidBodyExt.obj
 0004:0000123c       $pdata$?allocate@?$Array@PEAVPxShape@physx@@V?$InlineAllocator@$0IA@V?$ReflectionAllocator@PEAVPxShape@physx@@@shdfnd@physx@@@shdfnd@2@@shdfnd@physx@@IEAAPEAPEAVPxShape@3@I@Z 000000018002b23c     PhysX3Extensions:ExtRigidBodyExt.obj
 0004:00001248       $pdata$1$?allocate@?$Array@PEAVPxShape@physx@@V?$InlineAllocator@$0IA@V?$ReflectionAllocator@PEAVPxShape@physx@@@shdfnd@physx@@@shdfnd@2@@shdfnd@physx@@IEAAPEAPEAVPxShape@3@I@Z 000000018002b248     PhysX3Extensions:ExtRigidBodyExt.obj
 0004:00001254       $pdata$3$?allocate@?$Array@PEAVPxShape@physx@@V?$InlineAllocator@$0IA@V?$ReflectionAllocator@PEAVPxShape@physx@@@shdfnd@physx@@@shdfnd@2@@shdfnd@physx@@IEAAPEAPEAVPxShape@3@I@Z 000000018002b254     PhysX3Extensions:ExtRigidBodyExt.obj
 0004:00001260       $pdata$4$?allocate@?$Array@PEAVPxShape@physx@@V?$InlineAllocator@$0IA@V?$ReflectionAllocator@PEAVPxShape@physx@@@shdfnd@physx@@@shdfnd@2@@shdfnd@physx@@IEAAPEAPEAVPxShape@3@I@Z 000000018002b260     PhysX3Extensions:ExtRigidBodyExt.obj
 0004:0000126c       $pdata$?recreate@?$Array@PEAVPxShape@physx@@V?$InlineAllocator@$0IA@V?$ReflectionAllocator@PEAVPxShape@physx@@@shdfnd@physx@@@shdfnd@2@@shdfnd@physx@@IEAAXI@Z 000000018002b26c     PhysX3Extensions:ExtRigidBodyExt.obj
 0004:00001278       $pdata$?updateMassAndInertia@@YA_N_NAEAVPxRigidBody@physx@@PEBMIPEBVPxVec3@2@0@Z 000000018002b278     PhysX3Extensions:ExtRigidBodyExt.obj
 0004:00001284       $pdata$?setMassAndUpdateInertia@@YA_N_NAEAVPxRigidBody@physx@@PEBMIPEBVPxVec3@2@0@Z 000000018002b284     PhysX3Extensions:ExtRigidBodyExt.obj
 0004:00001290       $pdata$?allocate@?$Array@VPxMassProperties@physx@@V?$InlineAllocator@$0DEA@V?$ReflectionAllocator@VPxMassProperties@physx@@@shdfnd@physx@@@shdfnd@2@@shdfnd@physx@@IEAAPEAVPxMassProperties@3@I@Z 000000018002b290     PhysX3Extensions:ExtRigidBodyExt.obj
 0004:0000129c       $pdata$1$?allocate@?$Array@VPxMassProperties@physx@@V?$InlineAllocator@$0DEA@V?$ReflectionAllocator@VPxMassProperties@physx@@@shdfnd@physx@@@shdfnd@2@@shdfnd@physx@@IEAAPEAVPxMassProperties@3@I@Z 000000018002b29c     PhysX3Extensions:ExtRigidBodyExt.obj
 0004:000012a8       $pdata$3$?allocate@?$Array@VPxMassProperties@physx@@V?$InlineAllocator@$0DEA@V?$ReflectionAllocator@VPxMassProperties@physx@@@shdfnd@physx@@@shdfnd@2@@shdfnd@physx@@IEAAPEAVPxMassProperties@3@I@Z 000000018002b2a8     PhysX3Extensions:ExtRigidBodyExt.obj
 0004:000012b4       $pdata$4$?allocate@?$Array@VPxMassProperties@physx@@V?$InlineAllocator@$0DEA@V?$ReflectionAllocator@VPxMassProperties@physx@@@shdfnd@physx@@@shdfnd@2@@shdfnd@physx@@IEAAPEAVPxMassProperties@3@I@Z 000000018002b2b4     PhysX3Extensions:ExtRigidBodyExt.obj
 0004:000012c0       $pdata$?growAndPushBack@?$Array@VPxMassProperties@physx@@V?$InlineAllocator@$0DEA@V?$ReflectionAllocator@VPxMassProperties@physx@@@shdfnd@physx@@@shdfnd@2@@shdfnd@physx@@IEAAAEAVPxMassProperties@3@AEBV43@@Z 000000018002b2c0     PhysX3Extensions:ExtRigidBodyExt.obj
 0004:000012cc       $pdata$?recreate@?$Array@VPxMassProperties@physx@@V?$InlineAllocator@$0DEA@V?$ReflectionAllocator@VPxMassProperties@physx@@@shdfnd@physx@@@shdfnd@2@@shdfnd@physx@@IEAAXI@Z 000000018002b2cc     PhysX3Extensions:ExtRigidBodyExt.obj
 0004:000012d8       $pdata$?allocate@?$Array@VPxTransform@physx@@V?$InlineAllocator@$0BMA@V?$ReflectionAllocator@VPxTransform@physx@@@shdfnd@physx@@@shdfnd@2@@shdfnd@physx@@IEAAPEAVPxTransform@3@I@Z 000000018002b2d8     PhysX3Extensions:ExtRigidBodyExt.obj
 0004:000012e4       $pdata$1$?allocate@?$Array@VPxTransform@physx@@V?$InlineAllocator@$0BMA@V?$ReflectionAllocator@VPxTransform@physx@@@shdfnd@physx@@@shdfnd@2@@shdfnd@physx@@IEAAPEAVPxTransform@3@I@Z 000000018002b2e4     PhysX3Extensions:ExtRigidBodyExt.obj
 0004:000012f0       $pdata$3$?allocate@?$Array@VPxTransform@physx@@V?$InlineAllocator@$0BMA@V?$ReflectionAllocator@VPxTransform@physx@@@shdfnd@physx@@@shdfnd@2@@shdfnd@physx@@IEAAPEAVPxTransform@3@I@Z 000000018002b2f0     PhysX3Extensions:ExtRigidBodyExt.obj
 0004:000012fc       $pdata$4$?allocate@?$Array@VPxTransform@physx@@V?$InlineAllocator@$0BMA@V?$ReflectionAllocator@VPxTransform@physx@@@shdfnd@physx@@@shdfnd@2@@shdfnd@physx@@IEAAPEAVPxTransform@3@I@Z 000000018002b2fc     PhysX3Extensions:ExtRigidBodyExt.obj
 0004:00001308       $pdata$?growAndPushBack@?$Array@VPxTransform@physx@@V?$InlineAllocator@$0BMA@V?$ReflectionAllocator@VPxTransform@physx@@@shdfnd@physx@@@shdfnd@2@@shdfnd@physx@@IEAAAEAVPxTransform@3@AEBV43@@Z 000000018002b308     PhysX3Extensions:ExtRigidBodyExt.obj
 0004:00001314       $pdata$?recreate@?$Array@VPxTransform@physx@@V?$InlineAllocator@$0BMA@V?$ReflectionAllocator@VPxTransform@physx@@@shdfnd@physx@@@shdfnd@2@@shdfnd@physx@@IEAAXI@Z 000000018002b314     PhysX3Extensions:ExtRigidBodyExt.obj
 0004:00001320       $pdata$?addForceAtPosInternal@@YAXAEAVPxRigidBody@physx@@AEBVPxVec3@2@1W4Enum@PxForceMode@2@_N@Z 000000018002b320     PhysX3Extensions:ExtRigidBodyExt.obj
 0004:0000132c       $pdata$8$?addForceAtPosInternal@@YAXAEAVPxRigidBody@physx@@AEBVPxVec3@2@1W4Enum@PxForceMode@2@_N@Z 000000018002b32c     PhysX3Extensions:ExtRigidBodyExt.obj
 0004:00001338       $pdata$9$?addForceAtPosInternal@@YAXAEAVPxRigidBody@physx@@AEBVPxVec3@2@1W4Enum@PxForceMode@2@_N@Z 000000018002b338     PhysX3Extensions:ExtRigidBodyExt.obj
 0004:00001344       $pdata$?getVelocityAtPosInternal@@YA?AVPxVec3@physx@@AEBVPxRigidBody@2@AEBV12@@Z 000000018002b344     PhysX3Extensions:ExtRigidBodyExt.obj
 0004:00001350       $pdata$??_Gtype_info@@UEAAPEAXI@Z 000000018002b350     MSVCRT:std_type_info_static.obj
 0004:00001368       $pdata$?dllmain_crt_process_attach@@YAHQEAUHINSTANCE__@@QEAX@Z 000000018002b368     MSVCRT:dll_dllmain.obj
 0004:00001374       $pdata$?fin$0@?0??dllmain_crt_process_attach@@YAHQEAUHINSTANCE__@@QEAX@Z@4HA 000000018002b374     MSVCRT:dll_dllmain.obj
 0004:00001380       $pdata$?dllmain_crt_process_detach@@YAH_N@Z 000000018002b380     MSVCRT:dll_dllmain.obj
 0004:0000138c       $pdata$?fin$0@?0??dllmain_crt_process_detach@@YAH_N@Z@4HA 000000018002b38c     MSVCRT:dll_dllmain.obj
 0004:00001398       $pdata$?dllmain_crt_dispatch@@YAHQEAUHINSTANCE__@@KQEAX@Z 000000018002b398     MSVCRT:dll_dllmain.obj
 0004:000013a4       $pdata$?dllmain_dispatch@@YAHQEAUHINSTANCE__@@KQEAX@Z 000000018002b3a4     MSVCRT:dll_dllmain.obj
 0004:000013b0       $pdata$?filt$0@?0??dllmain_dispatch@@YAHQEAUHINSTANCE__@@KQEAX@Z@4HA 000000018002b3b0     MSVCRT:dll_dllmain.obj
 0004:000013bc       $pdata$_DllMainCRTStartup  000000018002b3bc     MSVCRT:dll_dllmain.obj
 0004:000013c8       $pdata$__security_init_cookie 000000018002b3c8     MSVCRT:gs_support.obj
 0004:000013d4       $pdata$__get_entropy       000000018002b3d4     MSVCRT:gs_support.obj
 0004:000013e0       $pdata$DllMain             000000018002b3e0     MSVCRT:dll_dllmain_stub.obj
 0004:000013ec       $pdata$__scrt_initialize_default_local_stdio_options 000000018002b3ec     MSVCRT:default_local_stdio_options.obj
 0004:000013f8       $pdata$atexit              000000018002b3f8     MSVCRT:utility.obj
 0004:00001404       $pdata$_onexit             000000018002b404     MSVCRT:utility.obj
 0004:00001410       $pdata$__scrt_is_nonwritable_in_current_image 000000018002b410     MSVCRT:utility.obj
 0004:0000141c       $pdata$__scrt_is_nonwritable_in_current_image$filt$0 000000018002b41c     MSVCRT:utility.obj
 0004:00001428       $pdata$__scrt_acquire_startup_lock 000000018002b428     MSVCRT:utility.obj
 0004:00001434       $pdata$__scrt_release_startup_lock 000000018002b434     MSVCRT:utility.obj
 0004:00001440       $pdata$__scrt_initialize_crt 000000018002b440     MSVCRT:utility.obj
 0004:0000144c       $pdata$__scrt_uninitialize_crt 000000018002b44c     MSVCRT:utility.obj
 0004:00001458       $pdata$__scrt_initialize_onexit_tables 000000018002b458     MSVCRT:utility.obj
 0004:00001464       $pdata$__scrt_dllmain_exception_filter 000000018002b464     MSVCRT:utility.obj
 0004:00001470       $pdata$__scrt_dllmain_before_initialize_c 000000018002b470     MSVCRT:utility.obj
 0004:0000147c       $pdata$__scrt_dllmain_after_initialize_c 000000018002b47c     MSVCRT:utility.obj
 0004:00001488       $pdata$__scrt_dllmain_uninitialize_c 000000018002b488     MSVCRT:utility.obj
 0004:00001494       $pdata$__scrt_dllmain_uninitialize_critical 000000018002b494     MSVCRT:utility.obj
 0004:000014a0       $pdata$__scrt_dllmain_crt_thread_attach 000000018002b4a0     MSVCRT:utility.obj
 0004:000014ac       $pdata$__scrt_dllmain_crt_thread_detach 000000018002b4ac     MSVCRT:utility.obj
 0004:000014b8       $pdata$?configure_argv@__scrt_narrow_argv_policy@@SAHXZ 000000018002b4b8     MSVCRT:utility.obj
 0004:000014c4       $pdata$__scrt_get_show_window_mode 000000018002b4c4     MSVCRT:utility_desktop.obj
 0004:000014d0       $pdata$__scrt_is_managed_app 000000018002b4d0     MSVCRT:utility_desktop.obj
 0004:000014dc       $pdata$__scrt_fastfail     000000018002b4dc     MSVCRT:utility_desktop.obj
 0004:000014e8       $pdata$__scrt_unhandled_exception_filter 000000018002b4e8     MSVCRT:utility_desktop.obj
 0004:000014f4       $pdata$_RTC_Initialize     000000018002b4f4     MSVCRT:_initsect_.obj
 0004:00001500       $pdata$_RTC_Terminate      000000018002b500     MSVCRT:_initsect_.obj
 0004:0000150c       $pdata$__isa_available_init 000000018002b50c     MSVCRT:_cpu_disp_.obj
 0005:000000a0       $R000000                   000000018002c0a0     PhysX3CharacterKinematic.res
 0005:00000420       $R000380                   000000018002c420     PhysX3CharacterKinematic.res
